Archive member included to satisfy reference by file (symbol)

/home/maria/st/stm32cubeide_2.0.0_2/plugins/com.st.stm32cube.ide.mcu.externaltools.gnu-tools-for-stm32.13.3.rel1.linux64_1.0.100.202509120712/tools/bin/../lib/gcc/arm-none-eabi/13.3.1/../../../../arm-none-eabi/lib/thumb/v7e-m+dp/hard/libc_nano.a(libc_a-exit.o)
                              /home/maria/st/stm32cubeide_2.0.0_2/plugins/com.st.stm32cube.ide.mcu.externaltools.gnu-tools-for-stm32.13.3.rel1.linux64_1.0.100.202509120712/tools/bin/../lib/gcc/arm-none-eabi/13.3.1/../../../../arm-none-eabi/lib/thumb/v7e-m+dp/hard/crt0.o (exit)
/home/maria/st/stm32cubeide_2.0.0_2/plugins/com.st.stm32cube.ide.mcu.externaltools.gnu-tools-for-stm32.13.3.rel1.linux64_1.0.100.202509120712/tools/bin/../lib/gcc/arm-none-eabi/13.3.1/../../../../arm-none-eabi/lib/thumb/v7e-m+dp/hard/libc_nano.a(libc_a-findfp.o)
                              /home/maria/st/stm32cubeide_2.0.0_2/plugins/com.st.stm32cube.ide.mcu.externaltools.gnu-tools-for-stm32.13.3.rel1.linux64_1.0.100.202509120712/tools/bin/../lib/gcc/arm-none-eabi/13.3.1/../../../../arm-none-eabi/lib/thumb/v7e-m+dp/hard/libc_nano.a(libc_a-exit.o) (__stdio_exit_handler)
/home/maria/st/stm32cubeide_2.0.0_2/plugins/com.st.stm32cube.ide.mcu.externaltools.gnu-tools-for-stm32.13.3.rel1.linux64_1.0.100.202509120712/tools/bin/../lib/gcc/arm-none-eabi/13.3.1/../../../../arm-none-eabi/lib/thumb/v7e-m+dp/hard/libc_nano.a(libc_a-fwalk.o)
                              /home/maria/st/stm32cubeide_2.0.0_2/plugins/com.st.stm32cube.ide.mcu.externaltools.gnu-tools-for-stm32.13.3.rel1.linux64_1.0.100.202509120712/tools/bin/../lib/gcc/arm-none-eabi/13.3.1/../../../../arm-none-eabi/lib/thumb/v7e-m+dp/hard/libc_nano.a(libc_a-findfp.o) (_fwalk_sglue)
/home/maria/st/stm32cubeide_2.0.0_2/plugins/com.st.stm32cube.ide.mcu.externaltools.gnu-tools-for-stm32.13.3.rel1.linux64_1.0.100.202509120712/tools/bin/../lib/gcc/arm-none-eabi/13.3.1/../../../../arm-none-eabi/lib/thumb/v7e-m+dp/hard/libc_nano.a(libc_a-printf.o)
                              ./Core/Src/main.o (printf)
/home/maria/st/stm32cubeide_2.0.0_2/plugins/com.st.stm32cube.ide.mcu.externaltools.gnu-tools-for-stm32.13.3.rel1.linux64_1.0.100.202509120712/tools/bin/../lib/gcc/arm-none-eabi/13.3.1/../../../../arm-none-eabi/lib/thumb/v7e-m+dp/hard/libc_nano.a(libc_a-stdio.o)
                              /home/maria/st/stm32cubeide_2.0.0_2/plugins/com.st.stm32cube.ide.mcu.externaltools.gnu-tools-for-stm32.13.3.rel1.linux64_1.0.100.202509120712/tools/bin/../lib/gcc/arm-none-eabi/13.3.1/../../../../arm-none-eabi/lib/thumb/v7e-m+dp/hard/libc_nano.a(libc_a-findfp.o) (__sread)
/home/maria/st/stm32cubeide_2.0.0_2/plugins/com.st.stm32cube.ide.mcu.externaltools.gnu-tools-for-stm32.13.3.rel1.linux64_1.0.100.202509120712/tools/bin/../lib/gcc/arm-none-eabi/13.3.1/../../../../arm-none-eabi/lib/thumb/v7e-m+dp/hard/libc_nano.a(libc_a-memset.o)
                              /home/maria/st/stm32cubeide_2.0.0_2/plugins/com.st.stm32cube.ide.mcu.externaltools.gnu-tools-for-stm32.13.3.rel1.linux64_1.0.100.202509120712/tools/bin/../lib/gcc/arm-none-eabi/13.3.1/../../../../arm-none-eabi/lib/thumb/v7e-m+dp/hard/crt0.o (memset)
/home/maria/st/stm32cubeide_2.0.0_2/plugins/com.st.stm32cube.ide.mcu.externaltools.gnu-tools-for-stm32.13.3.rel1.linux64_1.0.100.202509120712/tools/bin/../lib/gcc/arm-none-eabi/13.3.1/../../../../arm-none-eabi/lib/thumb/v7e-m+dp/hard/libc_nano.a(libc_a-closer.o)
                              /home/maria/st/stm32cubeide_2.0.0_2/plugins/com.st.stm32cube.ide.mcu.externaltools.gnu-tools-for-stm32.13.3.rel1.linux64_1.0.100.202509120712/tools/bin/../lib/gcc/arm-none-eabi/13.3.1/../../../../arm-none-eabi/lib/thumb/v7e-m+dp/hard/libc_nano.a(libc_a-stdio.o) (_close_r)
/home/maria/st/stm32cubeide_2.0.0_2/plugins/com.st.stm32cube.ide.mcu.externaltools.gnu-tools-for-stm32.13.3.rel1.linux64_1.0.100.202509120712/tools/bin/../lib/gcc/arm-none-eabi/13.3.1/../../../../arm-none-eabi/lib/thumb/v7e-m+dp/hard/libc_nano.a(libc_a-reent.o)
                              /home/maria/st/stm32cubeide_2.0.0_2/plugins/com.st.stm32cube.ide.mcu.externaltools.gnu-tools-for-stm32.13.3.rel1.linux64_1.0.100.202509120712/tools/bin/../lib/gcc/arm-none-eabi/13.3.1/../../../../arm-none-eabi/lib/thumb/v7e-m+dp/hard/libc_nano.a(libc_a-closer.o) (errno)
/home/maria/st/stm32cubeide_2.0.0_2/plugins/com.st.stm32cube.ide.mcu.externaltools.gnu-tools-for-stm32.13.3.rel1.linux64_1.0.100.202509120712/tools/bin/../lib/gcc/arm-none-eabi/13.3.1/../../../../arm-none-eabi/lib/thumb/v7e-m+dp/hard/libc_nano.a(libc_a-impure.o)
                              /home/maria/st/stm32cubeide_2.0.0_2/plugins/com.st.stm32cube.ide.mcu.externaltools.gnu-tools-for-stm32.13.3.rel1.linux64_1.0.100.202509120712/tools/bin/../lib/gcc/arm-none-eabi/13.3.1/../../../../arm-none-eabi/lib/thumb/v7e-m+dp/hard/libc_nano.a(libc_a-printf.o) (_impure_ptr)
[...]
Memory Configuration

Name             Origin             Length             Attributes
RAM              0x24000000         0x00071c00         xrw
RAM_NONCACHEABLEBUFFER 0x24071c00         0x00000400         xrw
ITCM             0x00000000         0x00010000         xrw
DTCM             0x20000000         0x00010000         rw
SRAMAHB          0x30000000         0x00008000         rw
BKPSRAM          0x38800000         0x00001000         rw
FLASH            0x70000000         0x02000000         xrw
*default*        0x00000000         0xffffffff

Linker script and memory map

LOAD /home/maria/st/stm32cubeide_2.0.0_2/plugins/com.st.stm32cube.ide.mcu.externaltools.gnu-tools-for-stm32.13.3.rel1.linux64_1.0.100.202509120712/tools/bin/../lib/gcc/arm-none-eabi/13.3.1/thumb/v7e-m+dp/hard/crti.o
LOAD /home/maria/st/stm32cubeide_2.0.0_2/plugins/com.st.stm32cube.ide.mcu.externaltools.gnu-tools-for-stm32.13.3.rel1.linux64_1.0.100.202509120712/tools/bin/../lib/gcc/arm-none-eabi/13.3.1/thumb/v7e-m+dp/hard/crtbegin.o
LOAD /home/maria/st/stm32cubeide_2.0.0_2/plugins/com.st.stm32cube.ide.mcu.externaltools.gnu-tools-for-stm32.13.3.rel1.linux64_1.0.100.202509120712/tools/bin/../lib/gcc/arm-none-eabi/13.3.1/../../../../arm-none-eabi/lib/thumb/v7e-m+dp/hard/crt0.o
LOAD ./Core/Src/extmem_manager.o
LOAD ./Core/Src/fw_header.o
LOAD ./Core/Src/main.o
LOAD ./Core/Src/stm32h7rsxx_hal_msp.o
LOAD ./Core/Src/stm32h7rsxx_it.o
LOAD ./Core/Src/syscalls.o
LOAD ./Core/Src/sysmem.o
LOAD ./Core/Src/system_stm32h7rsxx.o
LOAD ./Core/Startup/startup_stm32h7s3l8hx.o
LOAD ./Drivers/BSP/STM32H7xx_Nucleo/stm32h7rsxx_nucleo.o
LOAD ./Drivers/STM32H7RSxx_HAL_Driver/stm32h7rsxx_hal.o
LOAD ./Drivers/STM32H7RSxx_HAL_Driver/stm32h7rsxx_hal_cortex.o
LOAD ./Drivers/STM32H7RSxx_HAL_Driver/stm32h7rsxx_hal_dma.o
LOAD ./Drivers/STM32H7RSxx_HAL_Driver/stm32h7rsxx_hal_dma_ex.o
LOAD ./Drivers/STM32H7RSxx_HAL_Driver/stm32h7rsxx_hal_exti.o
LOAD ./Drivers/STM32H7RSxx_HAL_Driver/stm32h7rsxx_hal_flash.o
LOAD ./Drivers/STM32H7RSxx_HAL_Driver/stm32h7rsxx_hal_flash_ex.o
LOAD ./Drivers/STM32H7RSxx_HAL_Driver/stm32h7rsxx_hal_gpio.o
LOAD ./Drivers/STM32H7RSxx_HAL_Driver/stm32h7rsxx_hal_pwr.o
LOAD ./Drivers/STM32H7RSxx_HAL_Driver/stm32h7rsxx_hal_pwr_ex.o
LOAD ./Drivers/STM32H7RSxx_HAL_Driver/stm32h7rsxx_hal_rcc.o
LOAD ./Drivers/STM32H7RSxx_HAL_Driver/stm32h7rsxx_hal_rcc_ex.o
LOAD ./Drivers/STM32H7RSxx_HAL_Driver/stm32h7rsxx_hal_uart.o
LOAD ./Drivers/STM32H7RSxx_HAL_Driver/stm32h7rsxx_hal_uart_ex.o
LOAD ./Drivers/STM32H7RSxx_HAL_Driver/stm32h7rsxx_hal_usart.o
LOAD ./Drivers/STM32H7RSxx_HAL_Driver/stm32h7rsxx_hal_usart_ex.o
LOAD ./Drivers/STM32H7RSxx_HAL_Driver/stm32h7rsxx_hal_xspi.o
LOAD ./Middlewares/ST/STM32_ExtMem_Manager/stm32_extmem.o
LOAD ./Middlewares/ST/STM32_ExtMem_Manager/stm32_psram_driver.o
LOAD ./Middlewares/ST/STM32_ExtMem_Manager/stm32_sal_sd.o
LOAD ./Middlewares/ST/STM32_ExtMem_Manager/stm32_sal_xspi.o
LOAD ./Middlewares/ST/STM32_ExtMem_Manager/stm32_sdcard_driver.o
LOAD ./Middlewares/ST/STM32_ExtMem_Manager/stm32_sfdp_data.o
LOAD ./Middlewares/ST/STM32_ExtMem_Manager/stm32_sfdp_driver.o
LOAD ./Middlewares/ST/STM32_ExtMem_Manager/stm32_user_driver.o
START GROUP
LOAD /home/maria/st/stm32cubeide_2.0.0_2/plugins/com.st.stm32cube.ide.mcu.externaltools.gnu-tools-for-stm32.13.3.rel1.linux64_1.0.100.202509120712/tools/bin/../lib/gcc/arm-none-eabi/13.3.1/../../../../arm-none-eabi/lib/thumb/v7e-m+dp/hard/libc_nano.a
LOAD /home/maria/st/stm32cubeide_2.0.0_2/plugins/com.st.stm32cube.ide.mcu.externaltools.gnu-tools-for-stm32.13.3.rel1.linux64_1.0.100.202509120712/tools/bin/../lib/gcc/arm-none-eabi/13.3.1/../../../../arm-none-eabi/lib/thumb/v7e-m+dp/hard/libm.a
END GROUP
START GROUP
LOAD /home/maria/st/stm32cubeide_2.0.0_2/plugins/com.st.stm32cube.ide.mcu.externaltools.gnu-tools-for-stm32.13.3.rel1.linux64_1.0.100.202509120712/tools/bin/../lib/gcc/arm-none-eabi/13.3.1/thumb/v7e-m+dp/hard/libgcc.a
LOAD /home/maria/st/stm32cubeide_2.0.0_2/plugins/com.st.stm32cube.ide.mcu.externaltools.gnu-tools-for-stm32.13.3.rel1.linux64_1.0.100.202509120712/tools/bin/../lib/gcc/arm-none-eabi/13.3.1/../../../../arm-none-eabi/lib/thumb/v7e-m+dp/hard/libc_nano.a
END GROUP
START GROUP
LOAD /home/maria/st/stm32cubeide_2.0.0_2/plugins/com.st.stm32cube.ide.mcu.externaltools.gnu-tools-for-stm32.13.3.rel1.linux64_1.0.100.202509120712/tools/bin/../lib/gcc/arm-none-eabi/13.3.1/thumb/v7e-m+dp/hard/libgcc.a
LOAD /home/maria/st/stm32cubeide_2.0.0_2/plugins/com.st.stm32cube.ide.mcu.externaltools.gnu-tools-for-stm32.13.3.rel1.linux64_1.0.100.202509120712/tools/bin/../lib/gcc/arm-none-eabi/13.3.1/../../../../arm-none-eabi/lib/thumb/v7e-m+dp/hard/libc_nano.a
LOAD /home/maria/st/stm32cubeide_2.0.0_2/plugins/com.st.stm32cube.ide.mcu.externaltools.gnu-tools-for-stm32.13.3.rel1.linux64_1.0.100.202509120712/tools/bin/../lib/gcc/arm-none-eabi/13.3.1/../../../../arm-none-eabi/lib/thumb/v7e-m+dp/hard/libnosys.a
END GROUP
START GROUP
LOAD /home/maria/st/stm32cubeide_2.0.0_2/plugins/com.st.stm32cube.ide.mcu.externaltools.gnu-tools-for-stm32.13.3.rel1.linux64_1.0.100.202509120712/tools/bin/../lib/gcc/arm-none-eabi/13.3.1/thumb/v7e-m+dp/hard/libgcc.a
LOAD /home/maria/st/stm32cubeide_2.0.0_2/plugins/com.st.stm32cube.ide.mcu.externaltools.gnu-tools-for-stm32.13.3.rel1.linux64_1.0.100.202509120712/tools/bin/../lib/gcc/arm-none-eabi/13.3.1/../../../../arm-none-eabi/lib/thumb/v7e-m+dp/hard/libc_nano.a
LOAD /home/maria/st/stm32cubeide_2.0.0_2/plugins/com.st.stm32cube.ide.mcu.externaltools.gnu-tools-for-stm32.13.3.rel1.linux64_1.0.100.202509120712/tools/bin/../lib/gcc/arm-none-eabi/13.3.1/../../../../arm-none-eabi/lib/thumb/v7e-m+dp/hard/libnosys.a
END GROUP
LOAD /home/maria/st/stm32cubeide_2.0.0_2/plugins/com.st.stm32cube.ide.mcu.externaltools.gnu-tools-for-stm32.13.3.rel1.linux64_1.0.100.202509120712/tools/bin/../lib/gcc/arm-none-eabi/13.3.1/thumb/v7e-m+dp/hard/crtend.o
LOAD /home/maria/st/stm32cubeide_2.0.0_2/plugins/com.st.stm32cube.ide.mcu.externaltools.gnu-tools-for-stm32.13.3.rel1.linux64_1.0.100.202509120712/tools/bin/../lib/gcc/arm-none-eabi/13.3.1/thumb/v7e-m+dp/hard/crtn.o
                0x20010000                        _estack = (ORIGIN (DTCM) + LENGTH (DTCM))
                0x00000200                        _Min_Heap_Size = 0x200
                0x00000400                        _Min_Stack_Size = 0x400
                0x70000000                        __FLASH_BEGIN = 0x70000000
                0x02000000                        __FLASH_SIZE = 0x2000000
                0x24000000                        __RAM_BEGIN = 0x24000000
                0x00071c00                        __RAM_SIZE = 0x71c00
                0x00000400                        __RAM_NONCACHEABLEBUFFER_SIZE = 0x400

.fw_header      0x70000000       0x28
 *(.fw_header)
 .fw_header     0x70000000       0x28 ./Core/Src/fw_header.o
                0x70000000                fw_header

.isr_vector     0x70000028      0x2b0
                0x70000028                        . = ALIGN (0x4)
 *(.isr_vector)
 .isr_vector    0x70000028      0x2b0 ./Core/Startup/startup_stm32h7s3l8hx.o
                0x70000028                g_pfnVectors
                0x700002d8                        . = ALIGN (0x4)

.text           0x700002e0     0x9b00
                0x700002e0                        . = ALIGN (0x4)
 *(.text)
 .text          0x700002e0       0x40 /home/maria/st/stm32cubeide_2.0.0_2/plugins/com.st.stm32cube.ide.mcu.externaltools.gnu-tools-for-stm32.13.3.rel1.linux64_1.0.100.202509120712/tools/bin/../lib/gcc/arm-none-eabi/13.3.1/thumb/v7e-m+dp/hard/crtbegin.o
 .text          0x70000320       0xa0 /home/maria/st/stm32cubeide_2.0.0_2/plugins/com.st.stm32cube.ide.mcu.externaltools.gnu-tools-for-stm32.13.3.rel1.linux64_1.0.100.202509120712/tools/bin/../lib/gcc/arm-none-eabi/13.3.1/../../../../arm-none-eabi/lib/thumb/v7e-m+dp/hard/libc_nano.a(libc_a-memchr.o)
                0x70000320                memchr
 .text          0x700003c0       0x30 /home/maria/st/stm32cubeide_2.0.0_2/plugins/com.st.stm32cube.ide.mcu.externaltools.gnu-tools-for-stm32.13.3.rel1.linux64_1.0.100.202509120712/tools/bin/../lib/gcc/arm-none-eabi/13.3.1/thumb/v7e-m+dp/hard/libgcc.a(_aeabi_uldivmod.o)
                0x700003c0                __aeabi_uldivmod
 .text          0x700003f0      0x2f8 /home/maria/st/stm32cubeide_2.0.0_2/plugins/com.st.stm32cube.ide.mcu.externaltools.gnu-tools-for-stm32.13.3.rel1.linux64_1.0.100.202509120712/tools/bin/../lib/gcc/arm-none-eabi/13.3.1/thumb/v7e-m+dp/hard/libgcc.a(_udivmoddi4.o)
                0x700003f0                __udivmoddi4
 .text          0x700006e8        0x4 /home/maria/st/stm32cubeide_2.0.0_2/plugins/com.st.stm32cube.ide.mcu.externaltools.gnu-tools-for-stm32.13.3.rel1.linux64_1.0.100.202509120712/tools/bin/../lib/gcc/arm-none-eabi/13.3.1/thumb/v7e-m+dp/hard/libgcc.a(_dvmd_tls.o)
                0x700006e8                __aeabi_ldiv0
                0x700006e8                __aeabi_idiv0
 *(.text*)
 .text.MX_EXTMEM_MANAGER_Init
                0x700006ec       0x44 ./Core/Src/extmem_manager.o
                0x700006ec                MX_EXTMEM_MANAGER_Init
 .text.main     0x70000730      0x17c ./Core/Src/main.o
                0x70000730                main
 .text.MX_USART1_UART_Init
                0x700008ac       0x98 ./Core/Src/main.o
 .text.MX_XSPI1_Init
                0x70000944       0xb0 ./Core/Src/main.o
 .text.MX_GPIO_Init
                0x700009f4       0x64 ./Core/Src/main.o
 .text.BSP_PB_Callback
                0x70000a58       0x28 ./Core/Src/main.o
                0x70000a58                BSP_PB_Callback
 .text.Error_Handler
                0x70000a80        0xc ./Core/Src/main.o
                0x70000a80                Error_Handler
 .text.HAL_MspInit
                0x70000a8c        0xc ./Core/Src/stm32h7rsxx_hal_msp.o
                0x70000a8c                HAL_MspInit
 .text.HAL_UART_MspInit
                0x70000a98       0xc4 ./Core/Src/stm32h7rsxx_hal_msp.o
                0x70000a98                HAL_UART_MspInit
 .text.HAL_XSPI_MspInit
                0x70000b5c      0x120 ./Core/Src/stm32h7rsxx_hal_msp.o
                0x70000b5c                HAL_XSPI_MspInit
 .text.NMI_Handler
                0x70000c7c        0x8 ./Core/Src/stm32h7rsxx_it.o
                0x70000c7c                NMI_Handler
 .text.HardFault_Handler
                0x70000c84        0x8 ./Core/Src/stm32h7rsxx_it.o
                0x70000c84                HardFault_Handler
 .text.MemManage_Handler
                0x70000c8c        0x8 ./Core/Src/stm32h7rsxx_it.o
                0x70000c8c                MemManage_Handler
 .text.BusFault_Handler
                0x70000c94        0x8 ./Core/Src/stm32h7rsxx_it.o
                0x70000c94                BusFault_Handler
 .text.UsageFault_Handler
                0x70000c9c        0x8 ./Core/Src/stm32h7rsxx_it.o
                0x70000c9c                UsageFault_Handler
 .text.SVC_Handler
                0x70000ca4        0xe ./Core/Src/stm32h7rsxx_it.o
                0x70000ca4                SVC_Handler
 .text.DebugMon_Handler
                0x70000cb2        0xe ./Core/Src/stm32h7rsxx_it.o
                0x70000cb2                DebugMon_Handler
 .text.PendSV_Handler
                0x70000cc0        0xe ./Core/Src/stm32h7rsxx_it.o
                0x70000cc0                PendSV_Handler
 .text.SysTick_Handler
                0x70000cce        0xc ./Core/Src/stm32h7rsxx_it.o
                0x70000cce                SysTick_Handler
 .text.EXTI13_IRQHandler
                0x70000cda        0xe ./Core/Src/stm32h7rsxx_it.o
                0x70000cda                EXTI13_IRQHandler
 .text._read    0x70000ce8       0x3a ./Core/Src/syscalls.o
                0x70000ce8                _read
 .text._write   0x70000d22       0x38 ./Core/Src/syscalls.o
                0x70000d22                _write
 .text._close   0x70000d5a       0x18 ./Core/Src/syscalls.o
                0x70000d5a                _close
 .text._fstat   0x70000d72       0x20 ./Core/Src/syscalls.o
                0x70000d72                _fstat
 .text._isatty  0x70000d92       0x16 ./Core/Src/syscalls.o
                0x70000d92                _isatty
 .text._lseek   0x70000da8       0x1a ./Core/Src/syscalls.o
                0x70000da8                _lseek
 *fill*         0x70000dc2        0x2 
 .text._sbrk    0x70000dc4       0x6c ./Core/Src/sysmem.o
                0x70000dc4                _sbrk
 .text.SystemInit
                0x70000e30       0x2c ./Core/Src/system_stm32h7rsxx.o
                0x70000e30                SystemInit
 .text.SystemCoreClockUpdate
                0x70000e5c      0x270 ./Core/Src/system_stm32h7rsxx.o
                0x70000e5c                SystemCoreClockUpdate
 .text.Reset_Handler
                0x700010cc       0x50 ./Core/Startup/startup_stm32h7s3l8hx.o
                0x700010cc                Reset_Handler
 .text.Default_Handler
                0x7000111c        0x2 ./Core/Startup/startup_stm32h7s3l8hx.o
                0x7000111c                HPDMA1_Channel13_IRQHandler
                0x7000111c                EXTI2_IRQHandler
                0x7000111c                MCE2_IRQHandler
                0x7000111c                SAI1_A_IRQHandler
                0x7000111c                EXTI5_IRQHandler
                0x7000111c                I3C1_ER_IRQHandler
                0x7000111c                UART8_IRQHandler
                0x7000111c                SPI4_IRQHandler
                0x7000111c                TIM1_CC_IRQHandler
                0x7000111c                XSPI1_IRQHandler
                0x7000111c                JPEG_IRQHandler
                0x7000111c                TAMP_IRQHandler
                0x7000111c                TIM6_IRQHandler
                0x7000111c                EXTI12_IRQHandler
                0x7000111c                CORDIC_IRQHandler
                0x7000111c                GFXTIM_IRQHandler
                0x7000111c                EXTI3_IRQHandler
                0x7000111c                LPTIM4_IRQHandler
                0x7000111c                GPDMA1_Channel5_IRQHandler
                0x7000111c                EXTI8_IRQHandler
                0x7000111c                LPTIM2_IRQHandler
                0x7000111c                GFXMMU_IRQHandler
                0x7000111c                I2C3_ER_IRQHandler
                0x7000111c                LPTIM3_IRQHandler
                0x7000111c                SAI2_A_IRQHandler
                0x7000111c                EXTI0_IRQHandler
                0x7000111c                HPDMA1_Channel9_IRQHandler
                0x7000111c                I2C2_EV_IRQHandler
                0x7000111c                FPU_IRQHandler
                0x7000111c                GPDMA1_Channel3_IRQHandler
                0x7000111c                GPDMA1_Channel7_IRQHandler
                0x7000111c                FDCAN1_IT1_IRQHandler
                0x7000111c                HPDMA1_Channel3_IRQHandler
                0x7000111c                ADC1_2_IRQHandler
                0x7000111c                GPDMA1_Channel9_IRQHandler
                0x7000111c                SPI1_IRQHandler
                0x7000111c                SAI1_B_IRQHandler
                0x7000111c                GPDMA1_Channel2_IRQHandler
                0x7000111c                I3C1_WKUP_IRQHandler
                0x7000111c                PKA_IRQHandler
                0x7000111c                HPDMA1_Channel2_IRQHandler
                0x7000111c                EXTI15_IRQHandler
                0x7000111c                TIM17_IRQHandler
                0x7000111c                USART3_IRQHandler
                0x7000111c                HPDMA1_Channel6_IRQHandler
                0x7000111c                CRYP_IRQHandler
                0x7000111c                RTC_IRQHandler
                0x7000111c                XSPI2_IRQHandler
                0x7000111c                EXTI9_IRQHandler
                0x7000111c                HPDMA1_Channel0_IRQHandler
                0x7000111c                LPTIM5_IRQHandler
                0x7000111c                HPDMA1_Channel1_IRQHandler
                0x7000111c                UART5_IRQHandler
                0x7000111c                TIM4_IRQHandler
                0x7000111c                I2C1_EV_IRQHandler
                0x7000111c                GPDMA1_Channel12_IRQHandler
                0x7000111c                HPDMA1_Channel7_IRQHandler
                0x7000111c                GPDMA1_Channel1_IRQHandler
                0x7000111c                TIM16_IRQHandler
                0x7000111c                GPDMA1_Channel15_IRQHandler
                0x7000111c                UART4_IRQHandler
                0x7000111c                TIM3_IRQHandler
                0x7000111c                RCC_IRQHandler
                0x7000111c                TIM1_TRG_COM_IRQHandler
                0x7000111c                SAI2_B_IRQHandler
                0x7000111c                Default_Handler
                0x7000111c                GPDMA1_Channel8_IRQHandler
                0x7000111c                HPDMA1_Channel8_IRQHandler
                0x7000111c                CEC_IRQHandler
                0x7000111c                TIM14_IRQHandler
                0x7000111c                TIM13_IRQHandler
                0x7000111c                GPDMA1_Channel11_IRQHandler
                0x7000111c                SPI5_IRQHandler
                0x7000111c                TIM12_IRQHandler
                0x7000111c                TIM7_IRQHandler
                0x7000111c                HPDMA1_Channel10_IRQHandler
                0x7000111c                SDMMC1_IRQHandler
                0x7000111c                SAES_IRQHandler
                0x7000111c                TIM5_IRQHandler
                0x7000111c                UCPD1_IRQHandler
                0x7000111c                GPDMA1_Channel0_IRQHandler
                0x7000111c                I3C1_EV_IRQHandler
                0x7000111c                HPDMA1_Channel5_IRQHandler
                0x7000111c                TIM15_IRQHandler
                0x7000111c                I2C3_EV_IRQHandler
                0x7000111c                HPDMA1_Channel4_IRQHandler
                0x7000111c                HPDMA1_Channel15_IRQHandler
                0x7000111c                TIM9_IRQHandler
                0x7000111c                SPDIF_RX_IRQHandler
                0x7000111c                PVD_PVM_IRQHandler
                0x7000111c                SPI2_IRQHandler
                0x7000111c                HPDMA1_Channel11_IRQHandler
                0x7000111c                EXTI14_IRQHandler
                0x7000111c                EXTI11_IRQHandler
                0x7000111c                CRS_IRQHandler
                0x7000111c                GPDMA1_Channel14_IRQHandler
                0x7000111c                EXTI4_IRQHandler
                0x7000111c                GPDMA1_Channel13_IRQHandler
                0x7000111c                RNG_IRQHandler
                0x7000111c                FDCAN2_IT1_IRQHandler
                0x7000111c                ETH_IRQHandler
                0x7000111c                TIM1_UP_IRQHandler
                0x7000111c                WWDG_IRQHandler
                0x7000111c                SPI6_IRQHandler
                0x7000111c                MDIOS_IRQHandler
                0x7000111c                FDCAN2_IT0_IRQHandler
                0x7000111c                IWDG_IRQHandler
                0x7000111c                HPDMA1_Channel14_IRQHandler
                0x7000111c                LPUART1_IRQHandler
                0x7000111c                FDCAN1_IT0_IRQHandler
                0x7000111c                TIM2_IRQHandler
                0x7000111c                PSSI_IRQHandler
                0x7000111c                MCE3_IRQHandler
                0x7000111c                GPDMA1_Channel4_IRQHandler
                0x7000111c                OTG_HS_IRQHandler
                0x7000111c                EXTI7_IRQHandler
                0x7000111c                DMA2D_IRQHandler
                0x7000111c                TIM1_BRK_IRQHandler
                0x7000111c                EXTI1_IRQHandler
                0x7000111c                SDMMC2_IRQHandler
                0x7000111c                UART7_IRQHandler
                0x7000111c                DTS_IRQHandler
                0x7000111c                USART2_IRQHandler
                0x7000111c                GPDMA1_Channel6_IRQHandler
                0x7000111c                ADF1_FLT0_IRQHandler
                0x7000111c                RAMECC_IRQHandler
                0x7000111c                I2C2_ER_IRQHandler
                0x7000111c                MCE1_IRQHandler
                0x7000111c                HPDMA1_Channel12_IRQHandler
                0x7000111c                FLASH_IRQHandler
                0x7000111c                USART1_IRQHandler
                0x7000111c                EXTI10_IRQHandler
                0x7000111c                OTG_FS_IRQHandler
                0x7000111c                SPI3_IRQHandler
                0x7000111c                WAKEUP_PIN_IRQHandler
                0x7000111c                DCMIPP_IRQHandler
                0x7000111c                I2C1_ER_IRQHandler
                0x7000111c                FMC_IRQHandler
                0x7000111c                EXTI6_IRQHandler
                0x7000111c                LPTIM1_IRQHandler
                0x7000111c                GPDMA1_Channel10_IRQHandler
                0x7000111c                HASH_IRQHandler
 *fill*         0x7000111e        0x2 
 .text.BSP_LED_Init
                0x70001120       0xc4 ./Drivers/BSP/STM32H7xx_Nucleo/stm32h7rsxx_nucleo.o
                0x70001120                BSP_LED_Init
 .text.BSP_LED_On
                0x700011e4       0x34 ./Drivers/BSP/STM32H7xx_Nucleo/stm32h7rsxx_nucleo.o
                0x700011e4                BSP_LED_On
 .text.BSP_LED_Off
                0x70001218       0x34 ./Drivers/BSP/STM32H7xx_Nucleo/stm32h7rsxx_nucleo.o
                0x70001218                BSP_LED_Off
 .text.BSP_LED_Toggle
                0x7000124c       0x34 ./Drivers/BSP/STM32H7xx_Nucleo/stm32h7rsxx_nucleo.o
                0x7000124c                BSP_LED_Toggle
 .text.BSP_PB_Init
                0x70001280      0x15c ./Drivers/BSP/STM32H7xx_Nucleo/stm32h7rsxx_nucleo.o
                0x70001280                BSP_PB_Init
 .text.BSP_PB_IRQHandler
                0x700013dc       0x24 ./Drivers/BSP/STM32H7xx_Nucleo/stm32h7rsxx_nucleo.o
                0x700013dc                BSP_PB_IRQHandler
 .text.BSP_COM_Init
                0x70001400       0xa0 ./Drivers/BSP/STM32H7xx_Nucleo/stm32h7rsxx_nucleo.o
                0x70001400                BSP_COM_Init
 .text.__io_putchar
                0x700014a0       0x38 ./Drivers/BSP/STM32H7xx_Nucleo/stm32h7rsxx_nucleo.o
                0x700014a0                __io_putchar
 .text.BUTTON_USER_EXTI_Callback
                0x700014d8        0xe ./Drivers/BSP/STM32H7xx_Nucleo/stm32h7rsxx_nucleo.o
 *fill*         0x700014e6        0x2 
 .text.MX_USART3_Init
                0x700014e8       0x68 ./Drivers/BSP/STM32H7xx_Nucleo/stm32h7rsxx_nucleo.o
                0x700014e8                MX_USART3_Init
 .text.UART_MspInit
                0x70001550      0x124 ./Drivers/BSP/STM32H7xx_Nucleo/stm32h7rsxx_nucleo.o
 .text.HAL_Init
                0x70001674       0x30 ./Drivers/STM32H7RSxx_HAL_Driver/stm32h7rsxx_hal.o
                0x70001674                HAL_Init
 .text.HAL_InitTick
                0x700016a4       0x78 ./Drivers/STM32H7RSxx_HAL_Driver/stm32h7rsxx_hal.o
                0x700016a4                HAL_InitTick
 .text.HAL_IncTick
                0x7000171c       0x28 ./Drivers/STM32H7RSxx_HAL_Driver/stm32h7rsxx_hal.o
                0x7000171c                HAL_IncTick
 .text.HAL_GetTick
                0x70001744       0x18 ./Drivers/STM32H7RSxx_HAL_Driver/stm32h7rsxx_hal.o
                0x70001744                HAL_GetTick
 .text.HAL_Delay
                0x7000175c       0x48 ./Drivers/STM32H7RSxx_HAL_Driver/stm32h7rsxx_hal.o
                0x7000175c                HAL_Delay
 .text.__NVIC_SetPriorityGrouping
                0x700017a4       0x48 ./Drivers/STM32H7RSxx_HAL_Driver/stm32h7rsxx_hal_cortex.o
 .text.__NVIC_GetPriorityGrouping
                0x700017ec       0x1c ./Drivers/STM32H7RSxx_HAL_Driver/stm32h7rsxx_hal_cortex.o
 .text.__NVIC_EnableIRQ
                0x70001808       0x3c ./Drivers/STM32H7RSxx_HAL_Driver/stm32h7rsxx_hal_cortex.o
 .text.__NVIC_SetPriority
                0x70001844       0x54 ./Drivers/STM32H7RSxx_HAL_Driver/stm32h7rsxx_hal_cortex.o
 .text.NVIC_EncodePriority
                0x70001898       0x66 ./Drivers/STM32H7RSxx_HAL_Driver/stm32h7rsxx_hal_cortex.o
 *fill*         0x700018fe        0x2 
 .text.SysTick_Config
                0x70001900       0x44 ./Drivers/STM32H7RSxx_HAL_Driver/stm32h7rsxx_hal_cortex.o
 .text.HAL_NVIC_SetPriorityGrouping
                0x70001944       0x16 ./Drivers/STM32H7RSxx_HAL_Driver/stm32h7rsxx_hal_cortex.o
                0x70001944                HAL_NVIC_SetPriorityGrouping
 .text.HAL_NVIC_SetPriority
                0x7000195a       0x34 ./Drivers/STM32H7RSxx_HAL_Driver/stm32h7rsxx_hal_cortex.o
                0x7000195a                HAL_NVIC_SetPriority
 .text.HAL_NVIC_EnableIRQ
                0x7000198e       0x1c ./Drivers/STM32H7RSxx_HAL_Driver/stm32h7rsxx_hal_cortex.o
                0x7000198e                HAL_NVIC_EnableIRQ
 .text.HAL_SYSTICK_Config
                0x700019aa       0x18 ./Drivers/STM32H7RSxx_HAL_Driver/stm32h7rsxx_hal_cortex.o
                0x700019aa                HAL_SYSTICK_Config
 .text.HAL_DMA_Abort
                0x700019c2       0xf8 ./Drivers/STM32H7RSxx_HAL_Driver/stm32h7rsxx_hal_dma.o
                0x700019c2                HAL_DMA_Abort
 .text.HAL_EXTI_RegisterCallback
                0x70001aba       0x34 ./Drivers/STM32H7RSxx_HAL_Driver/stm32h7rsxx_hal_exti.o
                0x70001aba                HAL_EXTI_RegisterCallback
 .text.HAL_EXTI_GetHandle
                0x70001aee       0x28 ./Drivers/STM32H7RSxx_HAL_Driver/stm32h7rsxx_hal_exti.o
                0x70001aee                HAL_EXTI_GetHandle
 *fill*         0x70001b16        0x2 
 .text.HAL_EXTI_IRQHandler
                0x70001b18       0x60 ./Drivers/STM32H7RSxx_HAL_Driver/stm32h7rsxx_hal_exti.o
                0x70001b18                HAL_EXTI_IRQHandler
 .text.HAL_GPIO_Init
                0x70001b78      0x2c0 ./Drivers/STM32H7RSxx_HAL_Driver/stm32h7rsxx_hal_gpio.o
                0x70001b78                HAL_GPIO_Init
 .text.HAL_GPIO_WritePin
                0x70001e38       0x30 ./Drivers/STM32H7RSxx_HAL_Driver/stm32h7rsxx_hal_gpio.o
                0x70001e38                HAL_GPIO_WritePin
 .text.HAL_GPIO_TogglePin
                0x70001e68       0x34 ./Drivers/STM32H7RSxx_HAL_Driver/stm32h7rsxx_hal_gpio.o
                0x70001e68                HAL_GPIO_TogglePin
 .text.HAL_PWREx_EnableXSPIM1
                0x70001e9c       0x20 ./Drivers/STM32H7RSxx_HAL_Driver/stm32h7rsxx_hal_pwr_ex.o
                0x70001e9c                HAL_PWREx_EnableXSPIM1
 .text.HAL_RCC_GetSysClockFreq
                0x70001ebc      0x2cc ./Drivers/STM32H7RSxx_HAL_Driver/stm32h7rsxx_hal_rcc.o
                0x70001ebc                HAL_RCC_GetSysClockFreq
 .text.HAL_RCC_GetHCLKFreq
                0x70002188       0x50 ./Drivers/STM32H7RSxx_HAL_Driver/stm32h7rsxx_hal_rcc.o
                0x70002188                HAL_RCC_GetHCLKFreq
 .text.HAL_RCC_GetPCLK1Freq
                0x700021d8       0x38 ./Drivers/STM32H7RSxx_HAL_Driver/stm32h7rsxx_hal_rcc.o
                0x700021d8                HAL_RCC_GetPCLK1Freq
 .text.HAL_RCC_GetPCLK2Freq
                0x70002210       0x38 ./Drivers/STM32H7RSxx_HAL_Driver/stm32h7rsxx_hal_rcc.o
                0x70002210                HAL_RCC_GetPCLK2Freq
 .text.HAL_RCC_GetPCLK4Freq
                0x70002248       0x38 ./Drivers/STM32H7RSxx_HAL_Driver/stm32h7rsxx_hal_rcc.o
                0x70002248                HAL_RCC_GetPCLK4Freq
 .text.HAL_RCC_GetPLL1QFreq
                0x70002280       0x2c ./Drivers/STM32H7RSxx_HAL_Driver/stm32h7rsxx_hal_rcc.o
                0x70002280                HAL_RCC_GetPLL1QFreq
 .text.HAL_RCC_GetPLL2PFreq
                0x700022ac       0x2c ./Drivers/STM32H7RSxx_HAL_Driver/stm32h7rsxx_hal_rcc.o
                0x700022ac                HAL_RCC_GetPLL2PFreq
 .text.HAL_RCC_GetPLL2QFreq
                0x700022d8       0x2c ./Drivers/STM32H7RSxx_HAL_Driver/stm32h7rsxx_hal_rcc.o
                0x700022d8                HAL_RCC_GetPLL2QFreq
 .text.HAL_RCC_GetPLL2RFreq
                0x70002304       0x2c ./Drivers/STM32H7RSxx_HAL_Driver/stm32h7rsxx_hal_rcc.o
                0x70002304                HAL_RCC_GetPLL2RFreq
 .text.HAL_RCC_GetPLL2SFreq
                0x70002330       0x2c ./Drivers/STM32H7RSxx_HAL_Driver/stm32h7rsxx_hal_rcc.o
                0x70002330                HAL_RCC_GetPLL2SFreq
 .text.HAL_RCC_GetPLL2TFreq
                0x7000235c       0x30 ./Drivers/STM32H7RSxx_HAL_Driver/stm32h7rsxx_hal_rcc.o
                0x7000235c                HAL_RCC_GetPLL2TFreq
 .text.HAL_RCC_GetPLL3PFreq
                0x7000238c       0x2c ./Drivers/STM32H7RSxx_HAL_Driver/stm32h7rsxx_hal_rcc.o
                0x7000238c                HAL_RCC_GetPLL3PFreq
 .text.HAL_RCC_GetPLL3QFreq
                0x700023b8       0x2c ./Drivers/STM32H7RSxx_HAL_Driver/stm32h7rsxx_hal_rcc.o
                0x700023b8                HAL_RCC_GetPLL3QFreq
 .text.HAL_RCC_GetPLL3RFreq
                0x700023e4       0x2c ./Drivers/STM32H7RSxx_HAL_Driver/stm32h7rsxx_hal_rcc.o
                0x700023e4                HAL_RCC_GetPLL3RFreq
 .text.HAL_RCC_GetPLL3SFreq
                0x70002410       0x2c ./Drivers/STM32H7RSxx_HAL_Driver/stm32h7rsxx_hal_rcc.o
                0x70002410                HAL_RCC_GetPLL3SFreq
 .text.RCC_PLL1_GetVCOOutputFreq
                0x7000243c      0x10c ./Drivers/STM32H7RSxx_HAL_Driver/stm32h7rsxx_hal_rcc.o
 .text.RCC_PLL2_GetVCOOutputFreq
                0x70002548      0x10c ./Drivers/STM32H7RSxx_HAL_Driver/stm32h7rsxx_hal_rcc.o
 .text.RCC_PLL3_GetVCOOutputFreq
                0x70002654      0x10c ./Drivers/STM32H7RSxx_HAL_Driver/stm32h7rsxx_hal_rcc.o
 .text.HAL_RCCEx_PeriphCLKConfig
                0x70002760      0xe08 ./Drivers/STM32H7RSxx_HAL_Driver/stm32h7rsxx_hal_rcc_ex.o
                0x70002760                HAL_RCCEx_PeriphCLKConfig
 .text.HAL_RCCEx_GetPeriphCLKFreq
                0x70003568     0x1680 ./Drivers/STM32H7RSxx_HAL_Driver/stm32h7rsxx_hal_rcc_ex.o
                0x70003568                HAL_RCCEx_GetPeriphCLKFreq
 .text.HAL_RCCEx_EnableClockProtection
                0x70004be8       0x28 ./Drivers/STM32H7RSxx_HAL_Driver/stm32h7rsxx_hal_rcc_ex.o
                0x70004be8                HAL_RCCEx_EnableClockProtection
 .text.RCC_GetCLKPFreq
                0x70004c10       0x98 ./Drivers/STM32H7RSxx_HAL_Driver/stm32h7rsxx_hal_rcc_ex.o
 .text.HAL_UART_Init
                0x70004ca8       0xa0 ./Drivers/STM32H7RSxx_HAL_Driver/stm32h7rsxx_hal_uart.o
                0x70004ca8                HAL_UART_Init
 .text.HAL_UART_Transmit
                0x70004d48      0x132 ./Drivers/STM32H7RSxx_HAL_Driver/stm32h7rsxx_hal_uart.o
                0x70004d48                HAL_UART_Transmit
 *fill*         0x70004e7a        0x2 
 .text.UART_SetConfig
                0x70004e7c      0x72c ./Drivers/STM32H7RSxx_HAL_Driver/stm32h7rsxx_hal_uart.o
                0x70004e7c                UART_SetConfig
 .text.UART_AdvFeatureConfig
                0x700055a8      0x144 ./Drivers/STM32H7RSxx_HAL_Driver/stm32h7rsxx_hal_uart.o
                0x700055a8                UART_AdvFeatureConfig
 .text.UART_CheckIdleState
                0x700056ec      0x154 ./Drivers/STM32H7RSxx_HAL_Driver/stm32h7rsxx_hal_uart.o
                0x700056ec                UART_CheckIdleState
 .text.UART_WaitOnFlagUntilTimeout
                0x70005840       0xda ./Drivers/STM32H7RSxx_HAL_Driver/stm32h7rsxx_hal_uart.o
                0x70005840                UART_WaitOnFlagUntilTimeout
 *fill*         0x7000591a        0x2 
 .text.UART_EndRxTransfer
                0x7000591c       0xcc ./Drivers/STM32H7RSxx_HAL_Driver/stm32h7rsxx_hal_uart.o
 .text.HAL_UARTEx_DisableFifoMode
                0x700059e8       0x72 ./Drivers/STM32H7RSxx_HAL_Driver/stm32h7rsxx_hal_uart_ex.o
                0x700059e8                HAL_UARTEx_DisableFifoMode
 .text.HAL_UARTEx_SetTxFifoThreshold
                0x70005a5a       0x7c ./Drivers/STM32H7RSxx_HAL_Driver/stm32h7rsxx_hal_uart_ex.o
                0x70005a5a                HAL_UARTEx_SetTxFifoThreshold
 .text.HAL_UARTEx_SetRxFifoThreshold
                0x70005ad6       0x7c ./Drivers/STM32H7RSxx_HAL_Driver/stm32h7rsxx_hal_uart_ex.o
                0x70005ad6                HAL_UARTEx_SetRxFifoThreshold
 *fill*         0x70005b52        0x2 
 .text.UARTEx_SetNbDataToProcess
                0x70005b54       0x9c ./Drivers/STM32H7RSxx_HAL_Driver/stm32h7rsxx_hal_uart_ex.o
 .text.HAL_XSPI_Init
                0x70005bf0      0x1cc ./Drivers/STM32H7RSxx_HAL_Driver/stm32h7rsxx_hal_xspi.o
                0x70005bf0                HAL_XSPI_Init
 .text.HAL_XSPI_Command
                0x70005dbc      0x120 ./Drivers/STM32H7RSxx_HAL_Driver/stm32h7rsxx_hal_xspi.o
                0x70005dbc                HAL_XSPI_Command
 .text.HAL_XSPI_Transmit
                0x70005edc       0xe6 ./Drivers/STM32H7RSxx_HAL_Driver/stm32h7rsxx_hal_xspi.o
                0x70005edc                HAL_XSPI_Transmit
 .text.HAL_XSPI_Receive
                0x70005fc2      0x146 ./Drivers/STM32H7RSxx_HAL_Driver/stm32h7rsxx_hal_xspi.o
                0x70005fc2                HAL_XSPI_Receive
 .text.HAL_XSPI_AutoPolling
                0x70006108      0x114 ./Drivers/STM32H7RSxx_HAL_Driver/stm32h7rsxx_hal_xspi.o
                0x70006108                HAL_XSPI_AutoPolling
 .text.HAL_XSPI_Abort
                0x7000621c      0x10e ./Drivers/STM32H7RSxx_HAL_Driver/stm32h7rsxx_hal_xspi.o
                0x7000621c                HAL_XSPI_Abort
 .text.HAL_XSPI_SetTimeout
                0x7000632a       0x1e ./Drivers/STM32H7RSxx_HAL_Driver/stm32h7rsxx_hal_xspi.o
                0x7000632a                HAL_XSPI_SetTimeout
 .text.HAL_XSPIM_Config
                0x70006348      0x1e0 ./Drivers/STM32H7RSxx_HAL_Driver/stm32h7rsxx_hal_xspi.o
                0x70006348                HAL_XSPIM_Config
 .text.XSPI_WaitFlagStateUntilTimeout
                0x70006528       0x6c ./Drivers/STM32H7RSxx_HAL_Driver/stm32h7rsxx_hal_xspi.o
 .text.XSPI_ConfigCmd
                0x70006594      0x314 ./Drivers/STM32H7RSxx_HAL_Driver/stm32h7rsxx_hal_xspi.o
 .text.XSPIM_GetConfig
                0x700068a8       0xc8 ./Drivers/STM32H7RSxx_HAL_Driver/stm32h7rsxx_hal_xspi.o
 .text.EXTMEM_Init
                0x70006970       0x84 ./Middlewares/ST/STM32_ExtMem_Manager/stm32_extmem.o
                0x70006970                EXTMEM_Init
 .text.SAL_XSPI_SetClock
                0x700069f4       0x7e ./Middlewares/ST/STM32_ExtMem_Manager/stm32_sal_xspi.o
                0x700069f4                SAL_XSPI_SetClock
 .text.SAL_XSPI_Init
                0x70006a72       0x66 ./Middlewares/ST/STM32_ExtMem_Manager/stm32_sal_xspi.o
                0x70006a72                SAL_XSPI_Init
 .text.SAL_XSPI_MemoryConfig
                0x70006ad8      0x2a4 ./Middlewares/ST/STM32_ExtMem_Manager/stm32_sal_xspi.o
                0x70006ad8                SAL_XSPI_MemoryConfig
 .text.SAL_XSPI_GetSFDP
                0x70006d7c       0xc0 ./Middlewares/ST/STM32_ExtMem_Manager/stm32_sal_xspi.o
                0x70006d7c                SAL_XSPI_GetSFDP
 .text.SAL_XSPI_GetId
                0x70006e3c      0x100 ./Middlewares/ST/STM32_ExtMem_Manager/stm32_sal_xspi.o
                0x70006e3c                SAL_XSPI_GetId
 .text.SAL_XSPI_Write
                0x70006f3c       0x92 ./Middlewares/ST/STM32_ExtMem_Manager/stm32_sal_xspi.o
                0x70006f3c                SAL_XSPI_Write
 .text.SAL_XSPI_CommandSendData
                0x70006fce       0xa8 ./Middlewares/ST/STM32_ExtMem_Manager/stm32_sal_xspi.o
                0x70006fce                SAL_XSPI_CommandSendData
 .text.SAL_XSPI_SendReadCommand
                0x70007076       0xa8 ./Middlewares/ST/STM32_ExtMem_Manager/stm32_sal_xspi.o
                0x70007076                SAL_XSPI_SendReadCommand
 .text.SAL_XSPI_CommandSendReadAddress
                0x7000711e       0xca ./Middlewares/ST/STM32_ExtMem_Manager/stm32_sal_xspi.o
                0x7000711e                SAL_XSPI_CommandSendReadAddress
 .text.SAL_XSPI_CheckStatusRegister
                0x700071e8       0xf2 ./Middlewares/ST/STM32_ExtMem_Manager/stm32_sal_xspi.o
                0x700071e8                SAL_XSPI_CheckStatusRegister
 .text.SAL_XSPI_DisableMapMode
                0x700072da       0x22 ./Middlewares/ST/STM32_ExtMem_Manager/stm32_sal_xspi.o
                0x700072da                SAL_XSPI_DisableMapMode
 .text.SAL_XSPI_UpdateMemoryType
                0x700072fc       0x70 ./Middlewares/ST/STM32_ExtMem_Manager/stm32_sal_xspi.o
                0x700072fc                SAL_XSPI_UpdateMemoryType
 .text.SAL_XSPI_Abort
                0x7000736c       0x1c ./Middlewares/ST/STM32_ExtMem_Manager/stm32_sal_xspi.o
                0x7000736c                SAL_XSPI_Abort
 .text.XSPI_FormatCommand
                0x70007388       0x52 ./Middlewares/ST/STM32_ExtMem_Manager/stm32_sal_xspi.o
                0x70007388                XSPI_FormatCommand
 .text.XSPI_Transmit
                0x700073da       0x26 ./Middlewares/ST/STM32_ExtMem_Manager/stm32_sal_xspi.o
                0x700073da                XSPI_Transmit
 .text.SFDP_ReadHeader
                0x70007400       0x7a ./Middlewares/ST/STM32_ExtMem_Manager/stm32_sfdp_data.o
                0x70007400                SFDP_ReadHeader
 *fill*         0x7000747a        0x2 
 .text.SFDP_GetHeader
                0x7000747c       0xbc ./Middlewares/ST/STM32_ExtMem_Manager/stm32_sfdp_data.o
                0x7000747c                SFDP_GetHeader
 .text.SFDP_CollectData
                0x70007538      0x1b8 ./Middlewares/ST/STM32_ExtMem_Manager/stm32_sfdp_data.o
                0x70007538                SFDP_CollectData
 .text.SFDP_MemoryReset
                0x700076f0      0x1b8 ./Middlewares/ST/STM32_ExtMem_Manager/stm32_sfdp_data.o
                0x700076f0                SFDP_MemoryReset
 .text.SFDP_BuildGenericDriver
                0x700078a8      0xca4 ./Middlewares/ST/STM32_ExtMem_Manager/stm32_sfdp_data.o
                0x700078a8                SFDP_BuildGenericDriver
 .text.driver_check_FlagBUSY
                0x7000854c       0x7c ./Middlewares/ST/STM32_ExtMem_Manager/stm32_sfdp_data.o
                0x7000854c                driver_check_FlagBUSY
 .text.sfdp_getfrequencevalue
                0x700085c8       0x4c ./Middlewares/ST/STM32_ExtMem_Manager/stm32_sfdp_data.o
                0x700085c8                sfdp_getfrequencevalue
 .text.sfdp_get_paraminfo
                0x70008614      0x1f8 ./Middlewares/ST/STM32_ExtMem_Manager/stm32_sfdp_data.o
                0x70008614                sfdp_get_paraminfo
 .text.sfdp_enter_octal_mode
                0x7000880c      0x1c8 ./Middlewares/ST/STM32_ExtMem_Manager/stm32_sfdp_data.o
                0x7000880c                sfdp_enter_octal_mode
 .text.sfdp_set_dummycycle
                0x700089d4      0x1c8 ./Middlewares/ST/STM32_ExtMem_Manager/stm32_sfdp_data.o
                0x700089d4                sfdp_set_dummycycle
 .text.JEDEC_Basic_ManageQuadEnableRequirement
                0x70008b9c      0x178 ./Middlewares/ST/STM32_ExtMem_Manager/stm32_sfdp_data.o
                0x70008b9c                JEDEC_Basic_ManageQuadEnableRequirement
 .text.JEDEC_Basic_Manage4S4S4SEnableSequence
                0x70008d14       0x80 ./Middlewares/ST/STM32_ExtMem_Manager/stm32_sfdp_data.o
                0x70008d14                JEDEC_Basic_Manage4S4S4SEnableSequence
 .text.CheckSFDP_Signature
                0x70008d94       0x54 ./Middlewares/ST/STM32_ExtMem_Manager/stm32_sfdp_data.o
                0x70008d94                CheckSFDP_Signature
 .text.EXTMEM_DRIVER_NOR_SFDP_Init
                0x70008de8      0x168 ./Middlewares/ST/STM32_ExtMem_Manager/stm32_sfdp_driver.o
                0x70008de8                EXTMEM_DRIVER_NOR_SFDP_Init
 .text.std      0x70008f50       0x6c /home/maria/st/stm32cubeide_2.0.0_2/plugins/com.st.stm32cube.ide.mcu.externaltools.gnu-tools-for-stm32.13.3.rel1.linux64_1.0.100.202509120712/tools/bin/../lib/gcc/arm-none-eabi/13.3.1/../../../../arm-none-eabi/lib/thumb/v7e-m+dp/hard/libc_nano.a(libc_a-findfp.o)
 .text.stdio_exit_handler
                0x70008fbc       0x18 /home/maria/st/stm32cubeide_2.0.0_2/plugins/com.st.stm32cube.ide.mcu.externaltools.gnu-tools-for-stm32.13.3.rel1.linux64_1.0.100.202509120712/tools/bin/../lib/gcc/arm-none-eabi/13.3.1/../../../../arm-none-eabi/lib/thumb/v7e-m+dp/hard/libc_nano.a(libc_a-findfp.o)
 .text.cleanup_stdio
                0x70008fd4       0x40 /home/maria/st/stm32cubeide_2.0.0_2/plugins/com.st.stm32cube.ide.mcu.externaltools.gnu-tools-for-stm32.13.3.rel1.linux64_1.0.100.202509120712/tools/bin/../lib/gcc/arm-none-eabi/13.3.1/../../../../arm-none-eabi/lib/thumb/v7e-m+dp/hard/libc_nano.a(libc_a-findfp.o)
 .text.global_stdio_init.part.0
                0x70009014       0x3c /home/maria/st/stm32cubeide_2.0.0_2/plugins/com.st.stm32cube.ide.mcu.externaltools.gnu-tools-for-stm32.13.3.rel1.linux64_1.0.100.202509120712/tools/bin/../lib/gcc/arm-none-eabi/13.3.1/../../../../arm-none-eabi/lib/thumb/v7e-m+dp/hard/libc_nano.a(libc_a-findfp.o)
 .text.__sfp_lock_acquire
                0x70009050        0xc /home/maria/st/stm32cubeide_2.0.0_2/plugins/com.st.stm32cube.ide.mcu.externaltools.gnu-tools-for-stm32.13.3.rel1.linux64_1.0.100.202509120712/tools/bin/../lib/gcc/arm-none-eabi/13.3.1/../../../../arm-none-eabi/lib/thumb/v7e-m+dp/hard/libc_nano.a(libc_a-findfp.o)
                0x70009050                __sfp_lock_acquire
 .text.__sfp_lock_release
                0x7000905c        0xc /home/maria/st/stm32cubeide_2.0.0_2/plugins/com.st.stm32cube.ide.mcu.externaltools.gnu-tools-for-stm32.13.3.rel1.linux64_1.0.100.202509120712/tools/bin/../lib/gcc/arm-none-eabi/13.3.1/../../../../arm-none-eabi/lib/thumb/v7e-m+dp/hard/libc_nano.a(libc_a-findfp.o)
                0x7000905c                __sfp_lock_release
 .text.__sinit  0x70009068       0x30 /home/maria/st/stm32cubeide_2.0.0_2/plugins/com.st.stm32cube.ide.mcu.externaltools.gnu-tools-for-stm32.13.3.rel1.linux64_1.0.100.202509120712/tools/bin/../lib/gcc/arm-none-eabi/13.3.1/../../../../arm-none-eabi/lib/thumb/v7e-m+dp/hard/libc_nano.a(libc_a-findfp.o)
                0x70009068                __sinit
 .text._fwalk_sglue
                0x70009098       0x3c /home/maria/st/stm32cubeide_2.0.0_2/plugins/com.st.stm32cube.ide.mcu.externaltools.gnu-tools-for-stm32.13.3.rel1.linux64_1.0.100.202509120712/tools/bin/../lib/gcc/arm-none-eabi/13.3.1/../../../../arm-none-eabi/lib/thumb/v7e-m+dp/hard/libc_nano.a(libc_a-fwalk.o)
                0x70009098                _fwalk_sglue
 .text.printf   0x700090d4       0x24 /home/maria/st/stm32cubeide_2.0.0_2/plugins/com.st.stm32cube.ide.mcu.externaltools.gnu-tools-for-stm32.13.3.rel1.linux64_1.0.100.202509120712/tools/bin/../lib/gcc/arm-none-eabi/13.3.1/../../../../arm-none-eabi/lib/thumb/v7e-m+dp/hard/libc_nano.a(libc_a-printf.o)
                0x700090d4                printf
                0x700090d4                iprintf
 .text.__sread  0x700090f8       0x22 /home/maria/st/stm32cubeide_2.0.0_2/plugins/com.st.stm32cube.ide.mcu.externaltools.gnu-tools-for-stm32.13.3.rel1.linux64_1.0.100.202509120712/tools/bin/../lib/gcc/arm-none-eabi/13.3.1/../../../../arm-none-eabi/lib/thumb/v7e-m+dp/hard/libc_nano.a(libc_a-stdio.o)
                0x700090f8                __sread
 .text.__swrite
                0x7000911a       0x38 /home/maria/st/stm32cubeide_2.0.0_2/plugins/com.st.stm32cube.ide.mcu.externaltools.gnu-tools-for-stm32.13.3.rel1.linux64_1.0.100.202509120712/tools/bin/../lib/gcc/arm-none-eabi/13.3.1/../../../../arm-none-eabi/lib/thumb/v7e-m+dp/hard/libc_nano.a(libc_a-stdio.o)
                0x7000911a                __swrite
 .text.__sseek  0x70009152       0x24 /home/maria/st/stm32cubeide_2.0.0_2/plugins/com.st.stm32cube.ide.mcu.externaltools.gnu-tools-for-stm32.13.3.rel1.linux64_1.0.100.202509120712/tools/bin/../lib/gcc/arm-none-eabi/13.3.1/../../../../arm-none-eabi/lib/thumb/v7e-m+dp/hard/libc_nano.a(libc_a-stdio.o)
                0x70009152                __sseek
 .text.__sclose
                0x70009176        0x8 /home/maria/st/stm32cubeide_2.0.0_2/plugins/com.st.stm32cube.ide.mcu.externaltools.gnu-tools-for-stm32.13.3.rel1.linux64_1.0.100.202509120712/tools/bin/../lib/gcc/arm-none-eabi/13.3.1/../../../../arm-none-eabi/lib/thumb/v7e-m+dp/hard/libc_nano.a(libc_a-stdio.o)
                0x70009176                __sclose
 .text.memset   0x7000917e       0x10 /home/maria/st/stm32cubeide_2.0.0_2/plugins/com.st.stm32cube.ide.mcu.externaltools.gnu-tools-for-stm32.13.3.rel1.linux64_1.0.100.202509120712/tools/bin/../lib/gcc/arm-none-eabi/13.3.1/../../../../arm-none-eabi/lib/thumb/v7e-m+dp/hard/libc_nano.a(libc_a-memset.o)
                0x7000917e                memset
 *fill*         0x7000918e        0x2 
 .text._close_r
                0x70009190       0x20 /home/maria/st/stm32cubeide_2.0.0_2/plugins/com.st.stm32cube.ide.mcu.externaltools.gnu-tools-for-stm32.13.3.rel1.linux64_1.0.100.202509120712/tools/bin/../lib/gcc/arm-none-eabi/13.3.1/../../../../arm-none-eabi/lib/thumb/v7e-m+dp/hard/libc_nano.a(libc_a-closer.o)
                0x70009190                _close_r
 .text._lseek_r
                0x700091b0       0x24 /home/maria/st/stm32cubeide_2.0.0_2/plugins/com.st.stm32cube.ide.mcu.externaltools.gnu-tools-for-stm32.13.3.rel1.linux64_1.0.100.202509120712/tools/bin/../lib/gcc/arm-none-eabi/13.3.1/../../../../arm-none-eabi/lib/thumb/v7e-m+dp/hard/libc_nano.a(libc_a-lseekr.o)
                0x700091b0                _lseek_r
 .text._read_r  0x700091d4       0x24 /home/maria/st/stm32cubeide_2.0.0_2/plugins/com.st.stm32cube.ide.mcu.externaltools.gnu-tools-for-stm32.13.3.rel1.linux64_1.0.100.202509120712/tools/bin/../lib/gcc/arm-none-eabi/13.3.1/../../../../arm-none-eabi/lib/thumb/v7e-m+dp/hard/libc_nano.a(libc_a-readr.o)
                0x700091d4                _read_r
 .text._write_r
                0x700091f8       0x24 /home/maria/st/stm32cubeide_2.0.0_2/plugins/com.st.stm32cube.ide.mcu.externaltools.gnu-tools-for-stm32.13.3.rel1.linux64_1.0.100.202509120712/tools/bin/../lib/gcc/arm-none-eabi/13.3.1/../../../../arm-none-eabi/lib/thumb/v7e-m+dp/hard/libc_nano.a(libc_a-writer.o)
                0x700091f8                _write_r
 .text.__errno  0x7000921c        0xc /home/maria/st/stm32cubeide_2.0.0_2/plugins/com.st.stm32cube.ide.mcu.externaltools.gnu-tools-for-stm32.13.3.rel1.linux64_1.0.100.202509120712/tools/bin/../lib/gcc/arm-none-eabi/13.3.1/../../../../arm-none-eabi/lib/thumb/v7e-m+dp/hard/libc_nano.a(libc_a-errno.o)
                0x7000921c                __errno
 .text.__libc_init_array
                0x70009228       0x48 /home/maria/st/stm32cubeide_2.0.0_2/plugins/com.st.stm32cube.ide.mcu.externaltools.gnu-tools-for-stm32.13.3.rel1.linux64_1.0.100.202509120712/tools/bin/../lib/gcc/arm-none-eabi/13.3.1/../../../../arm-none-eabi/lib/thumb/v7e-m+dp/hard/libc_nano.a(libc_a-init.o)
                0x70009228                __libc_init_array
 .text.__retarget_lock_init_recursive
                0x70009270        0x2 /home/maria/st/stm32cubeide_2.0.0_2/plugins/com.st.stm32cube.ide.mcu.externaltools.gnu-tools-for-stm32.13.3.rel1.linux64_1.0.100.202509120712/tools/bin/../lib/gcc/arm-none-eabi/13.3.1/../../../../arm-none-eabi/lib/thumb/v7e-m+dp/hard/libc_nano.a(libc_a-lock.o)
                0x70009270                __retarget_lock_init_recursive
 .text.__retarget_lock_acquire_recursive
                0x70009272        0x2 /home/maria/st/stm32cubeide_2.0.0_2/plugins/com.st.stm32cube.ide.mcu.externaltools.gnu-tools-for-stm32.13.3.rel1.linux64_1.0.100.202509120712/tools/bin/../lib/gcc/arm-none-eabi/13.3.1/../../../../arm-none-eabi/lib/thumb/v7e-m+dp/hard/libc_nano.a(libc_a-lock.o)
                0x70009272                __retarget_lock_acquire_recursive
 .text.__retarget_lock_release_recursive
                0x70009274        0x2 /home/maria/st/stm32cubeide_2.0.0_2/plugins/com.st.stm32cube.ide.mcu.externaltools.gnu-tools-for-stm32.13.3.rel1.linux64_1.0.100.202509120712/tools/bin/../lib/gcc/arm-none-eabi/13.3.1/../../../../arm-none-eabi/lib/thumb/v7e-m+dp/hard/libc_nano.a(libc_a-lock.o)
                0x70009274                __retarget_lock_release_recursive
 .text.memcpy   0x70009276       0x1c /home/maria/st/stm32cubeide_2.0.0_2/plugins/com.st.stm32cube.ide.mcu.externaltools.gnu-tools-for-stm32.13.3.rel1.linux64_1.0.100.202509120712/tools/bin/../lib/gcc/arm-none-eabi/13.3.1/../../../../arm-none-eabi/lib/thumb/v7e-m+dp/hard/libc_nano.a(libc_a-memcpy-stub.o)
                0x70009276                memcpy
 *fill*         0x70009292        0x2 
 .text._free_r  0x70009294       0x94 /home/maria/st/stm32cubeide_2.0.0_2/plugins/com.st.stm32cube.ide.mcu.externaltools.gnu-tools-for-stm32.13.3.rel1.linux64_1.0.100.202509120712/tools/bin/../lib/gcc/arm-none-eabi/13.3.1/../../../../arm-none-eabi/lib/thumb/v7e-m+dp/hard/libc_nano.a(libc_a-freer.o)
                0x70009294                _free_r
 .text.sbrk_aligned
                0x70009328       0x44 /home/maria/st/stm32cubeide_2.0.0_2/plugins/com.st.stm32cube.ide.mcu.externaltools.gnu-tools-for-stm32.13.3.rel1.linux64_1.0.100.202509120712/tools/bin/../lib/gcc/arm-none-eabi/13.3.1/../../../../arm-none-eabi/lib/thumb/v7e-m+dp/hard/libc_nano.a(libc_a-mallocr.o)
 .text._malloc_r
                0x7000936c      0x100 /home/maria/st/stm32cubeide_2.0.0_2/plugins/com.st.stm32cube.ide.mcu.externaltools.gnu-tools-for-stm32.13.3.rel1.linux64_1.0.100.202509120712/tools/bin/../lib/gcc/arm-none-eabi/13.3.1/../../../../arm-none-eabi/lib/thumb/v7e-m+dp/hard/libc_nano.a(libc_a-mallocr.o)
                0x7000936c                _malloc_r
 .text.__malloc_lock
                0x7000946c        0xc /home/maria/st/stm32cubeide_2.0.0_2/plugins/com.st.stm32cube.ide.mcu.externaltools.gnu-tools-for-stm32.13.3.rel1.linux64_1.0.100.202509120712/tools/bin/../lib/gcc/arm-none-eabi/13.3.1/../../../../arm-none-eabi/lib/thumb/v7e-m+dp/hard/libc_nano.a(libc_a-mlock.o)
                0x7000946c                __malloc_lock
 .text.__malloc_unlock
                0x70009478        0xc /home/maria/st/stm32cubeide_2.0.0_2/plugins/com.st.stm32cube.ide.mcu.externaltools.gnu-tools-for-stm32.13.3.rel1.linux64_1.0.100.202509120712/tools/bin/../lib/gcc/arm-none-eabi/13.3.1/../../../../arm-none-eabi/lib/thumb/v7e-m+dp/hard/libc_nano.a(libc_a-mlock.o)
                0x70009478                __malloc_unlock
 .text.__sfputc_r
                0x70009484       0x2e /home/maria/st/stm32cubeide_2.0.0_2/plugins/com.st.stm32cube.ide.mcu.externaltools.gnu-tools-for-stm32.13.3.rel1.linux64_1.0.100.202509120712/tools/bin/../lib/gcc/arm-none-eabi/13.3.1/../../../../arm-none-eabi/lib/thumb/v7e-m+dp/hard/libc_nano.a(libc_a-nano-vfprintf.o)
 .text.__sfputs_r
                0x700094b2       0x24 /home/maria/st/stm32cubeide_2.0.0_2/plugins/com.st.stm32cube.ide.mcu.externaltools.gnu-tools-for-stm32.13.3.rel1.linux64_1.0.100.202509120712/tools/bin/../lib/gcc/arm-none-eabi/13.3.1/../../../../arm-none-eabi/lib/thumb/v7e-m+dp/hard/libc_nano.a(libc_a-nano-vfprintf.o)
                0x700094b2                __sfputs_r
 *fill*         0x700094d6        0x2 
 .text._vfprintf_r
                0x700094d8      0x230 /home/maria/st/stm32cubeide_2.0.0_2/plugins/com.st.stm32cube.ide.mcu.externaltools.gnu-tools-for-stm32.13.3.rel1.linux64_1.0.100.202509120712/tools/bin/../lib/gcc/arm-none-eabi/13.3.1/../../../../arm-none-eabi/lib/thumb/v7e-m+dp/hard/libc_nano.a(libc_a-nano-vfprintf.o)
                0x700094d8                _vfiprintf_r
                0x700094d8                _vfprintf_r
 .text._printf_common
                0x70009708       0xda /home/maria/st/stm32cubeide_2.0.0_2/plugins/com.st.stm32cube.ide.mcu.externaltools.gnu-tools-for-stm32.13.3.rel1.linux64_1.0.100.202509120712/tools/bin/../lib/gcc/arm-none-eabi/13.3.1/../../../../arm-none-eabi/lib/thumb/v7e-m+dp/hard/libc_nano.a(libc_a-nano-vfprintf_i.o)
                0x70009708                _printf_common
 *fill*         0x700097e2        0x2 
 .text._printf_i
                0x700097e4      0x23c /home/maria/st/stm32cubeide_2.0.0_2/plugins/com.st.stm32cube.ide.mcu.externaltools.gnu-tools-for-stm32.13.3.rel1.linux64_1.0.100.202509120712/tools/bin/../lib/gcc/arm-none-eabi/13.3.1/../../../../arm-none-eabi/lib/thumb/v7e-m+dp/hard/libc_nano.a(libc_a-nano-vfprintf_i.o)
                0x700097e4                _printf_i
 .text.__sflush_r
                0x70009a20      0x108 /home/maria/st/stm32cubeide_2.0.0_2/plugins/com.st.stm32cube.ide.mcu.externaltools.gnu-tools-for-stm32.13.3.rel1.linux64_1.0.100.202509120712/tools/bin/../lib/gcc/arm-none-eabi/13.3.1/../../../../arm-none-eabi/lib/thumb/v7e-m+dp/hard/libc_nano.a(libc_a-fflush.o)
                0x70009a20                __sflush_r
 .text._fflush_r
                0x70009b28       0x50 /home/maria/st/stm32cubeide_2.0.0_2/plugins/com.st.stm32cube.ide.mcu.externaltools.gnu-tools-for-stm32.13.3.rel1.linux64_1.0.100.202509120712/tools/bin/../lib/gcc/arm-none-eabi/13.3.1/../../../../arm-none-eabi/lib/thumb/v7e-m+dp/hard/libc_nano.a(libc_a-fflush.o)
                0x70009b28                _fflush_r
 .text.__swbuf_r
                0x70009b78       0x7c /home/maria/st/stm32cubeide_2.0.0_2/plugins/com.st.stm32cube.ide.mcu.externaltools.gnu-tools-for-stm32.13.3.rel1.linux64_1.0.100.202509120712/tools/bin/../lib/gcc/arm-none-eabi/13.3.1/../../../../arm-none-eabi/lib/thumb/v7e-m+dp/hard/libc_nano.a(libc_a-wbuf.o)
                0x70009b78                __swbuf_r
 .text.__swsetup_r
                0x70009bf4       0xac /home/maria/st/stm32cubeide_2.0.0_2/plugins/com.st.stm32cube.ide.mcu.externaltools.gnu-tools-for-stm32.13.3.rel1.linux64_1.0.100.202509120712/tools/bin/../lib/gcc/arm-none-eabi/13.3.1/../../../../arm-none-eabi/lib/thumb/v7e-m+dp/hard/libc_nano.a(libc_a-wsetup.o)
                0x70009bf4                __swsetup_r
 .text._sbrk_r  0x70009ca0       0x20 /home/maria/st/stm32cubeide_2.0.0_2/plugins/com.st.stm32cube.ide.mcu.externaltools.gnu-tools-for-stm32.13.3.rel1.linux64_1.0.100.202509120712/tools/bin/../lib/gcc/arm-none-eabi/13.3.1/../../../../arm-none-eabi/lib/thumb/v7e-m+dp/hard/libc_nano.a(libc_a-sbrkr.o)
                0x70009ca0                _sbrk_r
 .text.__swhatbuf_r
                0x70009cc0       0x4c /home/maria/st/stm32cubeide_2.0.0_2/plugins/com.st.stm32cube.ide.mcu.externaltools.gnu-tools-for-stm32.13.3.rel1.linux64_1.0.100.202509120712/tools/bin/../lib/gcc/arm-none-eabi/13.3.1/../../../../arm-none-eabi/lib/thumb/v7e-m+dp/hard/libc_nano.a(libc_a-makebuf.o)
                0x70009cc0                __swhatbuf_r
 .text.__smakebuf_r
                0x70009d0c       0x78 /home/maria/st/stm32cubeide_2.0.0_2/plugins/com.st.stm32cube.ide.mcu.externaltools.gnu-tools-for-stm32.13.3.rel1.linux64_1.0.100.202509120712/tools/bin/../lib/gcc/arm-none-eabi/13.3.1/../../../../arm-none-eabi/lib/thumb/v7e-m+dp/hard/libc_nano.a(libc_a-makebuf.o)
                0x70009d0c                __smakebuf_r
 .text._fstat_r
                0x70009d84       0x24 /home/maria/st/stm32cubeide_2.0.0_2/plugins/com.st.stm32cube.ide.mcu.externaltools.gnu-tools-for-stm32.13.3.rel1.linux64_1.0.100.202509120712/tools/bin/../lib/gcc/arm-none-eabi/13.3.1/../../../../arm-none-eabi/lib/thumb/v7e-m+dp/hard/libc_nano.a(libc_a-fstatr.o)
                0x70009d84                _fstat_r
 .text._isatty_r
                0x70009da8       0x20 /home/maria/st/stm32cubeide_2.0.0_2/plugins/com.st.stm32cube.ide.mcu.externaltools.gnu-tools-for-stm32.13.3.rel1.linux64_1.0.100.202509120712/tools/bin/../lib/gcc/arm-none-eabi/13.3.1/../../../../arm-none-eabi/lib/thumb/v7e-m+dp/hard/libc_nano.a(libc_a-isattyr.o)
                0x70009da8                _isatty_r
 *(.glue_7)
 .glue_7        0x70009dc8        0x0 linker stubs
 *(.glue_7t)
 .glue_7t       0x70009dc8        0x0 linker stubs
 *(.eh_frame)
 .eh_frame      0x70009dc8        0x0 /home/maria/st/stm32cubeide_2.0.0_2/plugins/com.st.stm32cube.ide.mcu.externaltools.gnu-tools-for-stm32.13.3.rel1.linux64_1.0.100.202509120712/tools/bin/../lib/gcc/arm-none-eabi/13.3.1/thumb/v7e-m+dp/hard/crtbegin.o
 *(.init)
 .init          0x70009dc8        0x4 /home/maria/st/stm32cubeide_2.0.0_2/plugins/com.st.stm32cube.ide.mcu.externaltools.gnu-tools-for-stm32.13.3.rel1.linux64_1.0.100.202509120712/tools/bin/../lib/gcc/arm-none-eabi/13.3.1/thumb/v7e-m+dp/hard/crti.o
                0x70009dc8                _init
 .init          0x70009dcc        0x8 /home/maria/st/stm32cubeide_2.0.0_2/plugins/com.st.stm32cube.ide.mcu.externaltools.gnu-tools-for-stm32.13.3.rel1.linux64_1.0.100.202509120712/tools/bin/../lib/gcc/arm-none-eabi/13.3.1/thumb/v7e-m+dp/hard/crtn.o
 *(.fini)
 .fini          0x70009dd4        0x4 /home/maria/st/stm32cubeide_2.0.0_2/plugins/com.st.stm32cube.ide.mcu.externaltools.gnu-tools-for-stm32.13.3.rel1.linux64_1.0.100.202509120712/tools/bin/../lib/gcc/arm-none-eabi/13.3.1/thumb/v7e-m+dp/hard/crti.o
                0x70009dd4                _fini
 .fini          0x70009dd8        0x8 /home/maria/st/stm32cubeide_2.0.0_2/plugins/com.st.stm32cube.ide.mcu.externaltools.gnu-tools-for-stm32.13.3.rel1.linux64_1.0.100.202509120712/tools/bin/../lib/gcc/arm-none-eabi/13.3.1/thumb/v7e-m+dp/hard/crtn.o
                0x70009de0                        . = ALIGN (0x4)
                0x70009de0                        _etext = .

.vfp11_veneer   0x70009de0        0x0
 .vfp11_veneer  0x70009de0        0x0 linker stubs

.v4_bx          0x70009de0        0x0
 .v4_bx         0x70009de0        0x0 linker stubs

.iplt           0x70009de0        0x0
 .iplt          0x70009de0        0x0 /home/maria/st/stm32cubeide_2.0.0_2/plugins/com.st.stm32cube.ide.mcu.externaltools.gnu-tools-for-stm32.13.3.rel1.linux64_1.0.100.202509120712/tools/bin/../lib/gcc/arm-none-eabi/13.3.1/thumb/v7e-m+dp/hard/crtbegin.o

.rodata         0x70009de0       0xe8
                0x70009de0                        . = ALIGN (0x4)
 *(.rodata)
 .rodata        0x70009de0       0x3e ./Core/Src/main.o
 *fill*         0x70009e1e        0x2 
 .rodata        0x70009e20        0x8 ./Drivers/STM32H7RSxx_HAL_Driver/stm32h7rsxx_hal_rcc.o
 .rodata        0x70009e28       0x2a ./Middlewares/ST/STM32_ExtMem_Manager/stm32_sfdp_data.o
 *(.rodata*)
 *fill*         0x70009e52        0x2 
 .rodata.UARTPrescTable
                0x70009e54       0x18 ./Drivers/STM32H7RSxx_HAL_Driver/stm32h7rsxx_hal_uart.o
                0x70009e54                UARTPrescTable
 .rodata.numerator.1
                0x70009e6c        0x8 ./Drivers/STM32H7RSxx_HAL_Driver/stm32h7rsxx_hal_uart_ex.o
 .rodata.denominator.0
                0x70009e74        0x8 ./Drivers/STM32H7RSxx_HAL_Driver/stm32h7rsxx_hal_uart_ex.o
 .rodata.block_erase_unit.1
                0x70009e7c        0x8 ./Middlewares/ST/STM32_ExtMem_Manager/stm32_sfdp_data.o
 .rodata.chip_erase_unit.0
                0x70009e84       0x10 ./Middlewares/ST/STM32_ExtMem_Manager/stm32_sfdp_data.o
 .rodata._vfprintf_r.str1.1
                0x70009e94       0x33 /home/maria/st/stm32cubeide_2.0.0_2/plugins/com.st.stm32cube.ide.mcu.externaltools.gnu-tools-for-stm32.13.3.rel1.linux64_1.0.100.202509120712/tools/bin/../lib/gcc/arm-none-eabi/13.3.1/../../../../arm-none-eabi/lib/thumb/v7e-m+dp/hard/libc_nano.a(libc_a-nano-vfprintf.o)
                                 0x11 (size before relaxing)
 .rodata._printf_i.str1.1
                0x70009ec7        0x0 /home/maria/st/stm32cubeide_2.0.0_2/plugins/com.st.stm32cube.ide.mcu.externaltools.gnu-tools-for-stm32.13.3.rel1.linux64_1.0.100.202509120712/tools/bin/../lib/gcc/arm-none-eabi/13.3.1/../../../../arm-none-eabi/lib/thumb/v7e-m+dp/hard/libc_nano.a(libc_a-nano-vfprintf_i.o)
                                 0x22 (size before relaxing)
                0x70009ec8                        . = ALIGN (0x4)
 *fill*         0x70009ec7        0x1 

.ARM.extab      0x70009ec8        0x0
                0x70009ec8                        . = ALIGN (0x4)
 *(.ARM.extab* .gnu.linkonce.armextab.*)
                0x70009ec8                        . = ALIGN (0x4)

.ARM            0x70009ec8        0x8
                0x70009ec8                        . = ALIGN (0x4)
                0x70009ec8                        __exidx_start = .
 *(.ARM.exidx*)
 .ARM.exidx     0x70009ec8        0x8 /home/maria/st/stm32cubeide_2.0.0_2/plugins/com.st.stm32cube.ide.mcu.externaltools.gnu-tools-for-stm32.13.3.rel1.linux64_1.0.100.202509120712/tools/bin/../lib/gcc/arm-none-eabi/13.3.1/../../../../arm-none-eabi/lib/thumb/v7e-m+dp/hard/libc_nano.a(libc_a-memchr.o)
 .ARM.exidx     0x70009ed0        0x0 /home/maria/st/stm32cubeide_2.0.0_2/plugins/com.st.stm32cube.ide.mcu.externaltools.gnu-tools-for-stm32.13.3.rel1.linux64_1.0.100.202509120712/tools/bin/../lib/gcc/arm-none-eabi/13.3.1/thumb/v7e-m+dp/hard/libgcc.a(_udivmoddi4.o)
                                  0x8 (size before relaxing)
                0x70009ed0                        __exidx_end = .
                0x70009ed0                        . = ALIGN (0x4)

.preinit_array  0x70009ed0        0x0
                0x70009ed0                        . = ALIGN (0x4)
                0x70009ed0                        PROVIDE (__preinit_array_start = .)
 *(.preinit_array*)
                0x70009ed0                        PROVIDE (__preinit_array_end = .)
                0x70009ed0                        . = ALIGN (0x4)

.init_array     0x70009ed0        0x4
                0x70009ed0                        . = ALIGN (0x4)
                0x70009ed0                        PROVIDE (__init_array_start = .)
 *(SORT_BY_NAME(.init_array.*))
 *(.init_array*)
 .init_array    0x70009ed0        0x4 /home/maria/st/stm32cubeide_2.0.0_2/plugins/com.st.stm32cube.ide.mcu.externaltools.gnu-tools-for-stm32.13.3.rel1.linux64_1.0.100.202509120712/tools/bin/../lib/gcc/arm-none-eabi/13.3.1/thumb/v7e-m+dp/hard/crtbegin.o
                0x70009ed4                        PROVIDE (__init_array_end = .)
                0x70009ed4                        . = ALIGN (0x4)

.fini_array     0x70009ed4        0x4
                0x70009ed4                        . = ALIGN (0x4)
                [!provide]                        PROVIDE (__fini_array_start = .)
 *(SORT_BY_NAME(.fini_array.*))
 *(.fini_array*)
 .fini_array    0x70009ed4        0x4 /home/maria/st/stm32cubeide_2.0.0_2/plugins/com.st.stm32cube.ide.mcu.externaltools.gnu-tools-for-stm32.13.3.rel1.linux64_1.0.100.202509120712/tools/bin/../lib/gcc/arm-none-eabi/13.3.1/thumb/v7e-m+dp/hard/crtbegin.o
                [!provide]                        PROVIDE (__fini_array_end = .)
                0x70009ed8                        . = ALIGN (0x4)
                0x70009ed8                        _sidata = LOADADDR (.data)

.rel.dyn        0x70009ed8        0x0
 .rel.iplt      0x70009ed8        0x0 /home/maria/st/stm32cubeide_2.0.0_2/plugins/com.st.stm32cube.ide.mcu.externaltools.gnu-tools-for-stm32.13.3.rel1.linux64_1.0.100.202509120712/tools/bin/../lib/gcc/arm-none-eabi/13.3.1/thumb/v7e-m+dp/hard/crtbegin.o

.data           0x24000000       0x90 load address 0x70009ed8
                0x24000000                        . = ALIGN (0x4)
                0x24000000                        _sdata = .
 *(.data)
 *(.data*)
 .data.BspButtonState
                0x24000000        0x4 ./Core/Src/main.o
                0x24000000                BspButtonState
 .data.SystemCoreClock
                0x24000004        0x4 ./Core/Src/system_stm32h7rsxx.o
                0x24000004                SystemCoreClock
 .data.LED_PIN  0x24000008        0x6 ./Drivers/BSP/STM32H7xx_Nucleo/stm32h7rsxx_nucleo.o
 *fill*         0x2400000e        0x2 
 .data.LED_PORT
                0x24000010        0xc ./Drivers/BSP/STM32H7xx_Nucleo/stm32h7rsxx_nucleo.o
 .data.BUTTON_PIN
                0x2400001c        0x2 ./Drivers/BSP/STM32H7xx_Nucleo/stm32h7rsxx_nucleo.o
 *fill*         0x2400001e        0x2 
 .data.BUTTON_PORT
                0x24000020        0x4 ./Drivers/BSP/STM32H7xx_Nucleo/stm32h7rsxx_nucleo.o
 .data.BUTTON_IRQn
                0x24000024        0x2 ./Drivers/BSP/STM32H7xx_Nucleo/stm32h7rsxx_nucleo.o
 *fill*         0x24000026        0x2 
 .data.COM_UART
                0x24000028        0x4 ./Drivers/BSP/STM32H7xx_Nucleo/stm32h7rsxx_nucleo.o
 .data.uwTickPrio
                0x2400002c        0x4 ./Drivers/STM32H7RSxx_HAL_Driver/stm32h7rsxx_hal.o
                0x2400002c                uwTickPrio
 .data.uwTickFreq
                0x24000030        0x1 ./Drivers/STM32H7RSxx_HAL_Driver/stm32h7rsxx_hal.o
                0x24000030                uwTickFreq
 *fill*         0x24000031        0x3 
 .data.__sglue  0x24000034        0xc /home/maria/st/stm32cubeide_2.0.0_2/plugins/com.st.stm32cube.ide.mcu.externaltools.gnu-tools-for-stm32.13.3.rel1.linux64_1.0.100.202509120712/tools/bin/../lib/gcc/arm-none-eabi/13.3.1/../../../../arm-none-eabi/lib/thumb/v7e-m+dp/hard/libc_nano.a(libc_a-findfp.o)
                0x24000034                __sglue
 .data._impure_ptr
                0x24000040        0x4 /home/maria/st/stm32cubeide_2.0.0_2/plugins/com.st.stm32cube.ide.mcu.externaltools.gnu-tools-for-stm32.13.3.rel1.linux64_1.0.100.202509120712/tools/bin/../lib/gcc/arm-none-eabi/13.3.1/../../../../arm-none-eabi/lib/thumb/v7e-m+dp/hard/libc_nano.a(libc_a-impure.o)
                0x24000040                _impure_ptr
 .data._impure_data
                0x24000044       0x4c /home/maria/st/stm32cubeide_2.0.0_2/plugins/com.st.stm32cube.ide.mcu.externaltools.gnu-tools-for-stm32.13.3.rel1.linux64_1.0.100.202509120712/tools/bin/../lib/gcc/arm-none-eabi/13.3.1/../../../../arm-none-eabi/lib/thumb/v7e-m+dp/hard/libc_nano.a(libc_a-impure.o)
                0x24000044                _impure_data
 *(.RamFunc)
 *(.RamFunc*)
                0x24000090                        . = ALIGN (0x4)
                0x24000090                        _edata = .

.igot.plt       0x24000090        0x0 load address 0x70009f68
 .igot.plt      0x24000090        0x0 /home/maria/st/stm32cubeide_2.0.0_2/plugins/com.st.stm32cube.ide.mcu.externaltools.gnu-tools-for-stm32.13.3.rel1.linux64_1.0.100.202509120712/tools/bin/../lib/gcc/arm-none-eabi/13.3.1/thumb/v7e-m+dp/hard/crtbegin.o
                0x24000090                        . = ALIGN (0x4)

.bss            0x24000090      0x548 load address 0x70009f68
                0x24000090                        _sbss = .
                0x24000090                        __bss_start__ = _sbss
 *(.bss)
 .bss           0x24000090       0x1c /home/maria/st/stm32cubeide_2.0.0_2/plugins/com.st.stm32cube.ide.mcu.externaltools.gnu-tools-for-stm32.13.3.rel1.linux64_1.0.100.202509120712/tools/bin/../lib/gcc/arm-none-eabi/13.3.1/thumb/v7e-m+dp/hard/crtbegin.o
 *(.bss*)
 .bss.BspCOMInit
                0x240000ac       0x10 ./Core/Src/main.o
                0x240000ac                BspCOMInit
 .bss.huart1    0x240000bc       0x94 ./Core/Src/main.o
                0x240000bc                huart1
 .bss.hxspi1    0x24000150       0x60 ./Core/Src/main.o
                0x24000150                hxspi1
 .bss.__sbrk_heap_end
                0x240001b0        0x4 ./Core/Src/sysmem.o
 .bss.hcom_uart
                0x240001b4       0x94 ./Drivers/BSP/STM32H7xx_Nucleo/stm32h7rsxx_nucleo.o
                0x240001b4                hcom_uart
 .bss.hpb_exti  0x24000248        0x8 ./Drivers/BSP/STM32H7xx_Nucleo/stm32h7rsxx_nucleo.o
 .bss.COM_ActiveLogPort
                0x24000250        0x1 ./Drivers/BSP/STM32H7xx_Nucleo/stm32h7rsxx_nucleo.o
 *fill*         0x24000251        0x3 
 .bss.uwTick    0x24000254        0x4 ./Drivers/STM32H7RSxx_HAL_Driver/stm32h7rsxx_hal.o
                0x24000254                uwTick
 .bss.extmem_list_config
                0x24000258       0xac ./Middlewares/ST/STM32_ExtMem_Manager/stm32_extmem.o
                0x24000258                extmem_list_config
 .bss.sfdp_param_info
                0x24000304       0x78 ./Middlewares/ST/STM32_ExtMem_Manager/stm32_sfdp_data.o
 .bss.JEDEC_Basic
                0x2400037c       0x60 ./Middlewares/ST/STM32_ExtMem_Manager/stm32_sfdp_data.o
 .bss.JEDEC_Address4Bytes
                0x240003dc        0x8 ./Middlewares/ST/STM32_ExtMem_Manager/stm32_sfdp_data.o
 .bss.JEDEC_XSPI10
                0x240003e4       0x18 ./Middlewares/ST/STM32_ExtMem_Manager/stm32_sfdp_data.o
 .bss.JEDEC_SCCR_Map
                0x240003fc       0x70 ./Middlewares/ST/STM32_ExtMem_Manager/stm32_sfdp_data.o
 .bss.JEDEC_OctalDdr
                0x2400046c       0x20 ./Middlewares/ST/STM32_ExtMem_Manager/stm32_sfdp_data.o
 .bss.__sf      0x2400048c      0x138 /home/maria/st/stm32cubeide_2.0.0_2/plugins/com.st.stm32cube.ide.mcu.externaltools.gnu-tools-for-stm32.13.3.rel1.linux64_1.0.100.202509120712/tools/bin/../lib/gcc/arm-none-eabi/13.3.1/../../../../arm-none-eabi/lib/thumb/v7e-m+dp/hard/libc_nano.a(libc_a-findfp.o)
                0x2400048c                __sf
 .bss.__stdio_exit_handler
                0x240005c4        0x4 /home/maria/st/stm32cubeide_2.0.0_2/plugins/com.st.stm32cube.ide.mcu.externaltools.gnu-tools-for-stm32.13.3.rel1.linux64_1.0.100.202509120712/tools/bin/../lib/gcc/arm-none-eabi/13.3.1/../../../../arm-none-eabi/lib/thumb/v7e-m+dp/hard/libc_nano.a(libc_a-findfp.o)
                0x240005c4                __stdio_exit_handler
 .bss.errno     0x240005c8        0x4 /home/maria/st/stm32cubeide_2.0.0_2/plugins/com.st.stm32cube.ide.mcu.externaltools.gnu-tools-for-stm32.13.3.rel1.linux64_1.0.100.202509120712/tools/bin/../lib/gcc/arm-none-eabi/13.3.1/../../../../arm-none-eabi/lib/thumb/v7e-m+dp/hard/libc_nano.a(libc_a-reent.o)
                0x240005c8                errno
 .bss.__lock___malloc_recursive_mutex
                0x240005cc        0x1 /home/maria/st/stm32cubeide_2.0.0_2/plugins/com.st.stm32cube.ide.mcu.externaltools.gnu-tools-for-stm32.13.3.rel1.linux64_1.0.100.202509120712/tools/bin/../lib/gcc/arm-none-eabi/13.3.1/../../../../arm-none-eabi/lib/thumb/v7e-m+dp/hard/libc_nano.a(libc_a-lock.o)
                0x240005cc                __lock___malloc_recursive_mutex
 .bss.__lock___sfp_recursive_mutex
                0x240005cd        0x1 /home/maria/st/stm32cubeide_2.0.0_2/plugins/com.st.stm32cube.ide.mcu.externaltools.gnu-tools-for-stm32.13.3.rel1.linux64_1.0.100.202509120712/tools/bin/../lib/gcc/arm-none-eabi/13.3.1/../../../../arm-none-eabi/lib/thumb/v7e-m+dp/hard/libc_nano.a(libc_a-lock.o)
                0x240005cd                __lock___sfp_recursive_mutex
 *fill*         0x240005ce        0x2 
 .bss.__malloc_sbrk_start
                0x240005d0        0x4 /home/maria/st/stm32cubeide_2.0.0_2/plugins/com.st.stm32cube.ide.mcu.externaltools.gnu-tools-for-stm32.13.3.rel1.linux64_1.0.100.202509120712/tools/bin/../lib/gcc/arm-none-eabi/13.3.1/../../../../arm-none-eabi/lib/thumb/v7e-m+dp/hard/libc_nano.a(libc_a-mallocr.o)
                0x240005d0                __malloc_sbrk_start
 .bss.__malloc_free_list
                0x240005d4        0x4 /home/maria/st/stm32cubeide_2.0.0_2/plugins/com.st.stm32cube.ide.mcu.externaltools.gnu-tools-for-stm32.13.3.rel1.linux64_1.0.100.202509120712/tools/bin/../lib/gcc/arm-none-eabi/13.3.1/../../../../arm-none-eabi/lib/thumb/v7e-m+dp/hard/libc_nano.a(libc_a-mallocr.o)
                0x240005d4                __malloc_free_list
 *(COMMON)
                0x240005d8                        . = ALIGN (0x4)
                0x240005d8                        _ebss = .
                0x240005d8                        __bss_end__ = _ebss

RW_NONCACHEABLE
                0x24071c00        0x0
                0x24071c00                        __NONCACHEABLEBUFFER_BEGIN = .
 *(noncacheable_buffer)
                0x24071c00                        __NONCACHEABLEBUFFER_END = .

._user_heap_stack
                0x20000000      0x600
                0x20000000                        . = ALIGN (0x8)
                [!provide]                        PROVIDE (end = .)
                0x20000000                        PROVIDE (_end = .)
                0x20000200                        . = (. + _Min_Heap_Size)
 *fill*         0x20000000      0x200 
                0x20000600                        . = (. + _Min_Stack_Size)
 *fill*         0x20000200      0x400 
                0x20000600                        . = ALIGN (0x8)

/DISCARD/
 libc.a(*)
 libm.a(*)
 libgcc.a(*)

.ARM.attributes
                0x00000000       0x2e
 *(.ARM.attributes)
 .ARM.attributes
                0x00000000       0x20 /home/maria/st/stm32cubeide_2.0.0_2/plugins/com.st.stm32cube.ide.mcu.externaltools.gnu-tools-for-stm32.13.3.rel1.linux64_1.0.100.202509120712/tools/bin/../lib/gcc/arm-none-eabi/13.3.1/thumb/v7e-m+dp/hard/crti.o
 .ARM.attributes
                0x00000020       0x32 /home/maria/st/stm32cubeide_2.0.0_2/plugins/com.st.stm32cube.ide.mcu.externaltools.gnu-tools-for-stm32.13.3.rel1.linux64_1.0.100.202509120712/tools/bin/../lib/gcc/arm-none-eabi/13.3.1/thumb/v7e-m+dp/hard/crtbegin.o
 .ARM.attributes
                0x00000052       0x32 ./Core/Src/extmem_manager.o
 .ARM.attributes
                0x00000084       0x32 ./Core/Src/fw_header.o
 .ARM.attributes
                0x000000b6       0x32 ./Core/Src/main.o
 .ARM.attributes
                0x000000e8       0x32 ./Core/Src/stm32h7rsxx_hal_msp.o
 .ARM.attributes
                0x0000011a       0x32 ./Core/Src/stm32h7rsxx_it.o
 .ARM.attributes
                0x0000014c       0x32 ./Core/Src/syscalls.o
 .ARM.attributes
                0x0000017e       0x32 ./Core/Src/sysmem.o
 .ARM.attributes
                0x000001b0       0x32 ./Core/Src/system_stm32h7rsxx.o
 .ARM.attributes
                0x000001e2       0x21 ./Core/Startup/startup_stm32h7s3l8hx.o
 .ARM.attributes
                0x00000203       0x32 ./Drivers/BSP/STM32H7xx_Nucleo/stm32h7rsxx_nucleo.o
 .ARM.attributes
                0x00000235       0x32 ./Drivers/STM32H7RSxx_HAL_Driver/stm32h7rsxx_hal.o
 .ARM.attributes
                0x00000267       0x32 ./Drivers/STM32H7RSxx_HAL_Driver/stm32h7rsxx_hal_cortex.o
 .ARM.attributes
                0x00000299       0x32 ./Drivers/STM32H7RSxx_HAL_Driver/stm32h7rsxx_hal_dma.o
 .ARM.attributes
                0x000002cb       0x32 ./Drivers/STM32H7RSxx_HAL_Driver/stm32h7rsxx_hal_exti.o
 .ARM.attributes
                0x000002fd       0x32 ./Drivers/STM32H7RSxx_HAL_Driver/stm32h7rsxx_hal_gpio.o
 .ARM.attributes
                0x0000032f       0x32 ./Drivers/STM32H7RSxx_HAL_Driver/stm32h7rsxx_hal_pwr_ex.o
 .ARM.attributes
                0x00000361       0x32 ./Drivers/STM32H7RSxx_HAL_Driver/stm32h7rsxx_hal_rcc.o
 .ARM.attributes
                0x00000393       0x32 ./Drivers/STM32H7RSxx_HAL_Driver/stm32h7rsxx_hal_rcc_ex.o
 .ARM.attributes
                0x000003c5       0x32 ./Drivers/STM32H7RSxx_HAL_Driver/stm32h7rsxx_hal_uart.o
 .ARM.attributes
                0x000003f7       0x32 ./Drivers/STM32H7RSxx_HAL_Driver/stm32h7rsxx_hal_uart_ex.o
 .ARM.attributes
                0x00000429       0x32 ./Drivers/STM32H7RSxx_HAL_Driver/stm32h7rsxx_hal_xspi.o
 .ARM.attributes
                0x0000045b       0x32 ./Middlewares/ST/STM32_ExtMem_Manager/stm32_extmem.o
 .ARM.attributes
                0x0000048d       0x32 ./Middlewares/ST/STM32_ExtMem_Manager/stm32_sal_xspi.o
 .ARM.attributes
                0x000004bf       0x32 ./Middlewares/ST/STM32_ExtMem_Manager/stm32_sfdp_data.o
 .ARM.attributes
                0x000004f1       0x32 ./Middlewares/ST/STM32_ExtMem_Manager/stm32_sfdp_driver.o
 .ARM.attributes
                0x00000523       0x32 /home/maria/st/stm32cubeide_2.0.0_2/plugins/com.st.stm32cube.ide.mcu.externaltools.gnu-tools-for-stm32.13.3.rel1.linux64_1.0.100.202509120712/tools/bin/../lib/gcc/arm-none-eabi/13.3.1/../../../../arm-none-eabi/lib/thumb/v7e-m+dp/hard/libc_nano.a(libc_a-findfp.o)
 .ARM.attributes
                0x00000555       0x32 /home/maria/st/stm32cubeide_2.0.0_2/plugins/com.st.stm32cube.ide.mcu.externaltools.gnu-tools-for-stm32.13.3.rel1.linux64_1.0.100.202509120712/tools/bin/../lib/gcc/arm-none-eabi/13.3.1/../../../../arm-none-eabi/lib/thumb/v7e-m+dp/hard/libc_nano.a(libc_a-fwalk.o)
 .ARM.attributes
                0x00000587       0x32 /home/maria/st/stm32cubeide_2.0.0_2/plugins/com.st.stm32cube.ide.mcu.externaltools.gnu-tools-for-stm32.13.3.rel1.linux64_1.0.100.202509120712/tools/bin/../lib/gcc/arm-none-eabi/13.3.1/../../../../arm-none-eabi/lib/thumb/v7e-m+dp/hard/libc_nano.a(libc_a-printf.o)
 .ARM.attributes
                0x000005b9       0x32 /home/maria/st/stm32cubeide_2.0.0_2/plugins/com.st.stm32cube.ide.mcu.externaltools.gnu-tools-for-stm32.13.3.rel1.linux64_1.0.100.202509120712/tools/bin/../lib/gcc/arm-none-eabi/13.3.1/../../../../arm-none-eabi/lib/thumb/v7e-m+dp/hard/libc_nano.a(libc_a-stdio.o)
 .ARM.attributes
                0x000005eb       0x32 /home/maria/st/stm32cubeide_2.0.0_2/plugins/com.st.stm32cube.ide.mcu.externaltools.gnu-tools-for-stm32.13.3.rel1.linux64_1.0.100.202509120712/tools/bin/../lib/gcc/arm-none-eabi/13.3.1/../../../../arm-none-eabi/lib/thumb/v7e-m+dp/hard/libc_nano.a(libc_a-memset.o)
 .ARM.attributes
                0x0000061d       0x32 /home/maria/st/stm32cubeide_2.0.0_2/plugins/com.st.stm32cube.ide.mcu.externaltools.gnu-tools-for-stm32.13.3.rel1.linux64_1.0.100.202509120712/tools/bin/../lib/gcc/arm-none-eabi/13.3.1/../../../../arm-none-eabi/lib/thumb/v7e-m+dp/hard/libc_nano.a(libc_a-closer.o)
 .ARM.attributes
                0x0000064f       0x32 /home/maria/st/stm32cubeide_2.0.0_2/plugins/com.st.stm32cube.ide.mcu.externaltools.gnu-tools-for-stm32.13.3.rel1.linux64_1.0.100.202509120712/tools/bin/../lib/gcc/arm-none-eabi/13.3.1/../../../../arm-none-eabi/lib/thumb/v7e-m+dp/hard/libc_nano.a(libc_a-reent.o)
 .ARM.attributes
                0x00000681       0x32 /home/maria/st/stm32cubeide_2.0.0_2/plugins/com.st.stm32cube.ide.mcu.externaltools.gnu-tools-for-stm32.13.3.rel1.linux64_1.0.100.202509120712/tools/bin/../lib/gcc/arm-none-eabi/13.3.1/../../../../arm-none-eabi/lib/thumb/v7e-m+dp/hard/libc_nano.a(libc_a-impure.o)
 .ARM.attributes
                0x000006b3       0x32 /home/maria/st/stm32cubeide_2.0.0_2/plugins/com.st.stm32cube.ide.mcu.externaltools.gnu-tools-for-stm32.13.3.rel1.linux64_1.0.100.202509120712/tools/bin/../lib/gcc/arm-none-eabi/13.3.1/../../../../arm-none-eabi/lib/thumb/v7e-m+dp/hard/libc_nano.a(libc_a-lseekr.o)
 .ARM.attributes
                0x000006e5       0x32 /home/maria/st/stm32cubeide_2.0.0_2/plugins/com.st.stm32cube.ide.mcu.externaltools.gnu-tools-for-stm32.13.3.rel1.linux64_1.0.100.202509120712/tools/bin/../lib/gcc/arm-none-eabi/13.3.1/../../../../arm-none-eabi/lib/thumb/v7e-m+dp/hard/libc_nano.a(libc_a-readr.o)
 .ARM.attributes
                0x00000717       0x32 /home/maria/st/stm32cubeide_2.0.0_2/plugins/com.st.stm32cube.ide.mcu.externaltools.gnu-tools-for-stm32.13.3.rel1.linux64_1.0.100.202509120712/tools/bin/../lib/gcc/arm-none-eabi/13.3.1/../../../../arm-none-eabi/lib/thumb/v7e-m+dp/hard/libc_nano.a(libc_a-writer.o)
 .ARM.attributes
                0x00000749       0x32 /home/maria/st/stm32cubeide_2.0.0_2/plugins/com.st.stm32cube.ide.mcu.externaltools.gnu-tools-for-stm32.13.3.rel1.linux64_1.0.100.202509120712/tools/bin/../lib/gcc/arm-none-eabi/13.3.1/../../../../arm-none-eabi/lib/thumb/v7e-m+dp/hard/libc_nano.a(libc_a-errno.o)
 .ARM.attributes
                0x0000077b       0x32 /home/maria/st/stm32cubeide_2.0.0_2/plugins/com.st.stm32cube.ide.mcu.externaltools.gnu-tools-for-stm32.13.3.rel1.linux64_1.0.100.202509120712/tools/bin/../lib/gcc/arm-none-eabi/13.3.1/../../../../arm-none-eabi/lib/thumb/v7e-m+dp/hard/libc_nano.a(libc_a-init.o)
 .ARM.attributes
                0x000007ad       0x32 /home/maria/st/stm32cubeide_2.0.0_2/plugins/com.st.stm32cube.ide.mcu.externaltools.gnu-tools-for-stm32.13.3.rel1.linux64_1.0.100.202509120712/tools/bin/../lib/gcc/arm-none-eabi/13.3.1/../../../../arm-none-eabi/lib/thumb/v7e-m+dp/hard/libc_nano.a(libc_a-lock.o)
 .ARM.attributes
                0x000007df       0x32 /home/maria/st/stm32cubeide_2.0.0_2/plugins/com.st.stm32cube.ide.mcu.externaltools.gnu-tools-for-stm32.13.3.rel1.linux64_1.0.100.202509120712/tools/bin/../lib/gcc/arm-none-eabi/13.3.1/../../../../arm-none-eabi/lib/thumb/v7e-m+dp/hard/libc_nano.a(libc_a-memcpy-stub.o)
 .ARM.attributes
                0x00000811       0x32 /home/maria/st/stm32cubeide_2.0.0_2/plugins/com.st.stm32cube.ide.mcu.externaltools.gnu-tools-for-stm32.13.3.rel1.linux64_1.0.100.202509120712/tools/bin/../lib/gcc/arm-none-eabi/13.3.1/../../../../arm-none-eabi/lib/thumb/v7e-m+dp/hard/libc_nano.a(libc_a-freer.o)
 .ARM.attributes
                0x00000843       0x32 /home/maria/st/stm32cubeide_2.0.0_2/plugins/com.st.stm32cube.ide.mcu.externaltools.gnu-tools-for-stm32.13.3.rel1.linux64_1.0.100.202509120712/tools/bin/../lib/gcc/arm-none-eabi/13.3.1/../../../../arm-none-eabi/lib/thumb/v7e-m+dp/hard/libc_nano.a(libc_a-mallocr.o)
 .ARM.attributes
                0x00000875       0x32 /home/maria/st/stm32cubeide_2.0.0_2/plugins/com.st.stm32cube.ide.mcu.externaltools.gnu-tools-for-stm32.13.3.rel1.linux64_1.0.100.202509120712/tools/bin/../lib/gcc/arm-none-eabi/13.3.1/../../../../arm-none-eabi/lib/thumb/v7e-m+dp/hard/libc_nano.a(libc_a-mlock.o)
 .ARM.attributes
                0x000008a7       0x32 /home/maria/st/stm32cubeide_2.0.0_2/plugins/com.st.stm32cube.ide.mcu.externaltools.gnu-tools-for-stm32.13.3.rel1.linux64_1.0.100.202509120712/tools/bin/../lib/gcc/arm-none-eabi/13.3.1/../../../../arm-none-eabi/lib/thumb/v7e-m+dp/hard/libc_nano.a(libc_a-nano-vfprintf.o)
 .ARM.attributes
                0x000008d9       0x32 /home/maria/st/stm32cubeide_2.0.0_2/plugins/com.st.stm32cube.ide.mcu.externaltools.gnu-tools-for-stm32.13.3.rel1.linux64_1.0.100.202509120712/tools/bin/../lib/gcc/arm-none-eabi/13.3.1/../../../../arm-none-eabi/lib/thumb/v7e-m+dp/hard/libc_nano.a(libc_a-nano-vfprintf_i.o)
 .ARM.attributes
                0x0000090b       0x32 /home/maria/st/stm32cubeide_2.0.0_2/plugins/com.st.stm32cube.ide.mcu.externaltools.gnu-tools-for-stm32.13.3.rel1.linux64_1.0.100.202509120712/tools/bin/../lib/gcc/arm-none-eabi/13.3.1/../../../../arm-none-eabi/lib/thumb/v7e-m+dp/hard/libc_nano.a(libc_a-fflush.o)
 .ARM.attributes
                0x0000093d       0x32 /home/maria/st/stm32cubeide_2.0.0_2/plugins/com.st.stm32cube.ide.mcu.externaltools.gnu-tools-for-stm32.13.3.rel1.linux64_1.0.100.202509120712/tools/bin/../lib/gcc/arm-none-eabi/13.3.1/../../../../arm-none-eabi/lib/thumb/v7e-m+dp/hard/libc_nano.a(libc_a-wbuf.o)
 .ARM.attributes
                0x0000096f       0x32 /home/maria/st/stm32cubeide_2.0.0_2/plugins/com.st.stm32cube.ide.mcu.externaltools.gnu-tools-for-stm32.13.3.rel1.linux64_1.0.100.202509120712/tools/bin/../lib/gcc/arm-none-eabi/13.3.1/../../../../arm-none-eabi/lib/thumb/v7e-m+dp/hard/libc_nano.a(libc_a-wsetup.o)
 .ARM.attributes
                0x000009a1       0x32 /home/maria/st/stm32cubeide_2.0.0_2/plugins/com.st.stm32cube.ide.mcu.externaltools.gnu-tools-for-stm32.13.3.rel1.linux64_1.0.100.202509120712/tools/bin/../lib/gcc/arm-none-eabi/13.3.1/../../../../arm-none-eabi/lib/thumb/v7e-m+dp/hard/libc_nano.a(libc_a-sbrkr.o)
 .ARM.attributes
                0x000009d3       0x1c /home/maria/st/stm32cubeide_2.0.0_2/plugins/com.st.stm32cube.ide.mcu.externaltools.gnu-tools-for-stm32.13.3.rel1.linux64_1.0.100.202509120712/tools/bin/../lib/gcc/arm-none-eabi/13.3.1/../../../../arm-none-eabi/lib/thumb/v7e-m+dp/hard/libc_nano.a(libc_a-memchr.o)
 .ARM.attributes
                0x000009ef       0x32 /home/maria/st/stm32cubeide_2.0.0_2/plugins/com.st.stm32cube.ide.mcu.externaltools.gnu-tools-for-stm32.13.3.rel1.linux64_1.0.100.202509120712/tools/bin/../lib/gcc/arm-none-eabi/13.3.1/../../../../arm-none-eabi/lib/thumb/v7e-m+dp/hard/libc_nano.a(libc_a-makebuf.o)
 .ARM.attributes
                0x00000a21       0x32 /home/maria/st/stm32cubeide_2.0.0_2/plugins/com.st.stm32cube.ide.mcu.externaltools.gnu-tools-for-stm32.13.3.rel1.linux64_1.0.100.202509120712/tools/bin/../lib/gcc/arm-none-eabi/13.3.1/../../../../arm-none-eabi/lib/thumb/v7e-m+dp/hard/libc_nano.a(libc_a-fstatr.o)
 .ARM.attributes
                0x00000a53       0x32 /home/maria/st/stm32cubeide_2.0.0_2/plugins/com.st.stm32cube.ide.mcu.externaltools.gnu-tools-for-stm32.13.3.rel1.linux64_1.0.100.202509120712/tools/bin/../lib/gcc/arm-none-eabi/13.3.1/../../../../arm-none-eabi/lib/thumb/v7e-m+dp/hard/libc_nano.a(libc_a-isattyr.o)
 .ARM.attributes
                0x00000a85       0x20 /home/maria/st/stm32cubeide_2.0.0_2/plugins/com.st.stm32cube.ide.mcu.externaltools.gnu-tools-for-stm32.13.3.rel1.linux64_1.0.100.202509120712/tools/bin/../lib/gcc/arm-none-eabi/13.3.1/thumb/v7e-m+dp/hard/libgcc.a(_aeabi_uldivmod.o)
 .ARM.attributes
                0x00000aa5       0x32 /home/maria/st/stm32cubeide_2.0.0_2/plugins/com.st.stm32cube.ide.mcu.externaltools.gnu-tools-for-stm32.13.3.rel1.linux64_1.0.100.202509120712/tools/bin/../lib/gcc/arm-none-eabi/13.3.1/thumb/v7e-m+dp/hard/libgcc.a(_udivmoddi4.o)
 .ARM.attributes
                0x00000ad7       0x20 /home/maria/st/stm32cubeide_2.0.0_2/plugins/com.st.stm32cube.ide.mcu.externaltools.gnu-tools-for-stm32.13.3.rel1.linux64_1.0.100.202509120712/tools/bin/../lib/gcc/arm-none-eabi/13.3.1/thumb/v7e-m+dp/hard/libgcc.a(_dvmd_tls.o)
 .ARM.attributes
                0x00000af7       0x20 /home/maria/st/stm32cubeide_2.0.0_2/plugins/com.st.stm32cube.ide.mcu.externaltools.gnu-tools-for-stm32.13.3.rel1.linux64_1.0.100.202509120712/tools/bin/../lib/gcc/arm-none-eabi/13.3.1/thumb/v7e-m+dp/hard/crtn.o
OUTPUT(bootloader_Appli.elf elf32-littlearm)
LOAD linker stubs
LOAD /home/maria/st/stm32cubeide_2.0.0_2/plugins/com.st.stm32cube.ide.mcu.externaltools.gnu-tools-for-stm32.13.3.rel1.linux64_1.0.100.202509120712/tools/bin/../lib/gcc/arm-none-eabi/13.3.1/../../../../arm-none-eabi/lib/thumb/v7e-m+dp/hard/libc.a
LOAD /home/maria/st/stm32cubeide_2.0.0_2/plugins/com.st.stm32cube.ide.mcu.externaltools.gnu-tools-for-stm32.13.3.rel1.linux64_1.0.100.202509120712/tools/bin/../lib/gcc/arm-none-eabi/13.3.1/../../../../arm-none-eabi/lib/thumb/v7e-m+dp/hard/libm.a
LOAD /home/maria/st/stm32cubeide_2.0.0_2/plugins/com.st.stm32cube.ide.mcu.externaltools.gnu-tools-for-stm32.13.3.rel1.linux64_1.0.100.202509120712/tools/bin/../lib/gcc/arm-none-eabi/13.3.1/thumb/v7e-m+dp/hard/libgcc.a

.debug_info     0x00000000    0x1df77
 .debug_info    0x00000000      0xf9d ./Core/Src/extmem_manager.o
 .debug_info    0x00000f9d       0xf8 ./Core/Src/fw_header.o
 .debug_info    0x00001095     0x1bcc ./Core/Src/main.o
 .debug_info    0x00002c61     0x1664 ./Core/Src/stm32h7rsxx_hal_msp.o
 .debug_info    0x000042c5      0x170 ./Core/Src/stm32h7rsxx_it.o
 .debug_info    0x00004435      0x6a3 ./Core/Src/syscalls.o
 .debug_info    0x00004ad8      0x168 ./Core/Src/sysmem.o
 .debug_info    0x00004c40      0x9bd ./Core/Src/system_stm32h7rsxx.o
 .debug_info    0x000055fd       0x30 ./Core/Startup/startup_stm32h7s3l8hx.o
 .debug_info    0x0000562d     0x1c89 ./Drivers/BSP/STM32H7xx_Nucleo/stm32h7rsxx_nucleo.o
 .debug_info    0x000072b6     0x1915 ./Drivers/STM32H7RSxx_HAL_Driver/stm32h7rsxx_hal.o
 .debug_info    0x00008bcb     0x1103 ./Drivers/STM32H7RSxx_HAL_Driver/stm32h7rsxx_hal_cortex.o
 .debug_info    0x00009cce      0xafb ./Drivers/STM32H7RSxx_HAL_Driver/stm32h7rsxx_hal_dma.o
 .debug_info    0x0000a7c9      0x7ac ./Drivers/STM32H7RSxx_HAL_Driver/stm32h7rsxx_hal_exti.o
 .debug_info    0x0000af75      0x702 ./Drivers/STM32H7RSxx_HAL_Driver/stm32h7rsxx_hal_gpio.o
 .debug_info    0x0000b677      0xb87 ./Drivers/STM32H7RSxx_HAL_Driver/stm32h7rsxx_hal_pwr_ex.o
 .debug_info    0x0000c1fe     0x1464 ./Drivers/STM32H7RSxx_HAL_Driver/stm32h7rsxx_hal_rcc.o
 .debug_info    0x0000d662      0xd71 ./Drivers/STM32H7RSxx_HAL_Driver/stm32h7rsxx_hal_rcc_ex.o
 .debug_info    0x0000e3d3     0x4a5b ./Drivers/STM32H7RSxx_HAL_Driver/stm32h7rsxx_hal_uart.o
 .debug_info    0x00012e2e     0x10ed ./Drivers/STM32H7RSxx_HAL_Driver/stm32h7rsxx_hal_uart_ex.o
 .debug_info    0x00013f1b     0x1c16 ./Drivers/STM32H7RSxx_HAL_Driver/stm32h7rsxx_hal_xspi.o
 .debug_info    0x00015b31     0x14d3 ./Middlewares/ST/STM32_ExtMem_Manager/stm32_extmem.o
 .debug_info    0x00017004     0x1650 ./Middlewares/ST/STM32_ExtMem_Manager/stm32_sal_xspi.o
 .debug_info    0x00018654     0x3b2d ./Middlewares/ST/STM32_ExtMem_Manager/stm32_sfdp_data.o
 .debug_info    0x0001c181     0x1df6 ./Middlewares/ST/STM32_ExtMem_Manager/stm32_sfdp_driver.o

.debug_abbrev   0x00000000     0x36e3
 .debug_abbrev  0x00000000      0x1df ./Core/Src/extmem_manager.o
 .debug_abbrev  0x000001df       0x88 ./Core/Src/fw_header.o
 .debug_abbrev  0x00000267      0x356 ./Core/Src/main.o
 .debug_abbrev  0x000005bd      0x21d ./Core/Src/stm32h7rsxx_hal_msp.o
 .debug_abbrev  0x000007da       0xbc ./Core/Src/stm32h7rsxx_it.o
 .debug_abbrev  0x00000896      0x1b6 ./Core/Src/syscalls.o
 .debug_abbrev  0x00000a4c       0xbc ./Core/Src/sysmem.o
 .debug_abbrev  0x00000b08      0x12e ./Core/Src/system_stm32h7rsxx.o
 .debug_abbrev  0x00000c36       0x24 ./Core/Startup/startup_stm32h7s3l8hx.o
 .debug_abbrev  0x00000c5a      0x33d ./Drivers/BSP/STM32H7xx_Nucleo/stm32h7rsxx_nucleo.o
 .debug_abbrev  0x00000f97      0x34a ./Drivers/STM32H7RSxx_HAL_Driver/stm32h7rsxx_hal.o
 .debug_abbrev  0x000012e1      0x31f ./Drivers/STM32H7RSxx_HAL_Driver/stm32h7rsxx_hal_cortex.o
 .debug_abbrev  0x00001600      0x1dd ./Drivers/STM32H7RSxx_HAL_Driver/stm32h7rsxx_hal_dma.o
 .debug_abbrev  0x000017dd      0x1d1 ./Drivers/STM32H7RSxx_HAL_Driver/stm32h7rsxx_hal_exti.o
 .debug_abbrev  0x000019ae      0x1ec ./Drivers/STM32H7RSxx_HAL_Driver/stm32h7rsxx_hal_gpio.o
 .debug_abbrev  0x00001b9a      0x250 ./Drivers/STM32H7RSxx_HAL_Driver/stm32h7rsxx_hal_pwr_ex.o
 .debug_abbrev  0x00001dea      0x2df ./Drivers/STM32H7RSxx_HAL_Driver/stm32h7rsxx_hal_rcc.o
 .debug_abbrev  0x000020c9      0x24f ./Drivers/STM32H7RSxx_HAL_Driver/stm32h7rsxx_hal_rcc_ex.o
 .debug_abbrev  0x00002318      0x338 ./Drivers/STM32H7RSxx_HAL_Driver/stm32h7rsxx_hal_uart.o
 .debug_abbrev  0x00002650      0x2d4 ./Drivers/STM32H7RSxx_HAL_Driver/stm32h7rsxx_hal_uart_ex.o
 .debug_abbrev  0x00002924      0x2af ./Drivers/STM32H7RSxx_HAL_Driver/stm32h7rsxx_hal_xspi.o
 .debug_abbrev  0x00002bd3      0x28b ./Middlewares/ST/STM32_ExtMem_Manager/stm32_extmem.o
 .debug_abbrev  0x00002e5e      0x268 ./Middlewares/ST/STM32_ExtMem_Manager/stm32_sal_xspi.o
 .debug_abbrev  0x000030c6      0x2c0 ./Middlewares/ST/STM32_ExtMem_Manager/stm32_sfdp_data.o
 .debug_abbrev  0x00003386      0x35d ./Middlewares/ST/STM32_ExtMem_Manager/stm32_sfdp_driver.o

.debug_aranges  0x00000000     0x1258
 .debug_aranges
                0x00000000       0x20 ./Core/Src/extmem_manager.o
 .debug_aranges
                0x00000020       0x18 ./Core/Src/fw_header.o
 .debug_aranges
                0x00000038       0x48 ./Core/Src/main.o
 .debug_aranges
                0x00000080       0x40 ./Core/Src/stm32h7rsxx_hal_msp.o
 .debug_aranges
                0x000000c0       0x68 ./Core/Src/stm32h7rsxx_it.o
 .debug_aranges
                0x00000128       0xa8 ./Core/Src/syscalls.o
 .debug_aranges
                0x000001d0       0x20 ./Core/Src/sysmem.o
 .debug_aranges
                0x000001f0       0x28 ./Core/Src/system_stm32h7rsxx.o
 .debug_aranges
                0x00000218       0x28 ./Core/Startup/startup_stm32h7s3l8hx.o
 .debug_aranges
                0x00000240       0xc8 ./Drivers/BSP/STM32H7xx_Nucleo/stm32h7rsxx_nucleo.o
 .debug_aranges
                0x00000308      0x250 ./Drivers/STM32H7RSxx_HAL_Driver/stm32h7rsxx_hal.o
 .debug_aranges
                0x00000558      0x130 ./Drivers/STM32H7RSxx_HAL_Driver/stm32h7rsxx_hal_cortex.o
 .debug_aranges
                0x00000688       0xa8 ./Drivers/STM32H7RSxx_HAL_Driver/stm32h7rsxx_hal_dma.o
 .debug_aranges
                0x00000730       0x60 ./Drivers/STM32H7RSxx_HAL_Driver/stm32h7rsxx_hal_exti.o
 .debug_aranges
                0x00000790       0x60 ./Drivers/STM32H7RSxx_HAL_Driver/stm32h7rsxx_hal_gpio.o
 .debug_aranges
                0x000007f0      0x1c8 ./Drivers/STM32H7RSxx_HAL_Driver/stm32h7rsxx_hal_pwr_ex.o
 .debug_aranges
                0x000009b8      0x130 ./Drivers/STM32H7RSxx_HAL_Driver/stm32h7rsxx_hal_rcc.o
 .debug_aranges
                0x00000ae8       0xc8 ./Drivers/STM32H7RSxx_HAL_Driver/stm32h7rsxx_hal_rcc_ex.o
 .debug_aranges
                0x00000bb0      0x248 ./Drivers/STM32H7RSxx_HAL_Driver/stm32h7rsxx_hal_uart.o
 .debug_aranges
                0x00000df8       0xa8 ./Drivers/STM32H7RSxx_HAL_Driver/stm32h7rsxx_hal_uart_ex.o
 .debug_aranges
                0x00000ea0      0x1a0 ./Drivers/STM32H7RSxx_HAL_Driver/stm32h7rsxx_hal_xspi.o
 .debug_aranges
                0x00001040       0x68 ./Middlewares/ST/STM32_ExtMem_Manager/stm32_extmem.o
 .debug_aranges
                0x000010a8       0xb8 ./Middlewares/ST/STM32_ExtMem_Manager/stm32_sal_xspi.o
 .debug_aranges
                0x00001160       0x80 ./Middlewares/ST/STM32_ExtMem_Manager/stm32_sfdp_data.o
 .debug_aranges
                0x000011e0       0x78 ./Middlewares/ST/STM32_ExtMem_Manager/stm32_sfdp_driver.o

.debug_rnglists
                0x00000000      0xdeb
 .debug_rnglists
                0x00000000       0x13 ./Core/Src/extmem_manager.o
 .debug_rnglists
                0x00000013       0x34 ./Core/Src/main.o
 .debug_rnglists
                0x00000047       0x2d ./Core/Src/stm32h7rsxx_hal_msp.o
 .debug_rnglists
                0x00000074       0x49 ./Core/Src/stm32h7rsxx_it.o
 .debug_rnglists
                0x000000bd       0x79 ./Core/Src/syscalls.o
 .debug_rnglists
                0x00000136       0x13 ./Core/Src/sysmem.o
 .debug_rnglists
                0x00000149       0x1a ./Core/Src/system_stm32h7rsxx.o
 .debug_rnglists
                0x00000163       0x19 ./Core/Startup/startup_stm32h7s3l8hx.o
 .debug_rnglists
                0x0000017c       0x95 ./Drivers/BSP/STM32H7xx_Nucleo/stm32h7rsxx_nucleo.o
 .debug_rnglists
                0x00000211      0x1ba ./Drivers/STM32H7RSxx_HAL_Driver/stm32h7rsxx_hal.o
 .debug_rnglists
                0x000003cb       0xe0 ./Drivers/STM32H7RSxx_HAL_Driver/stm32h7rsxx_hal_cortex.o
 .debug_rnglists