Archive member included to satisfy reference by file (symbol)

/home/maria/st/stm32cubeide_2.0.0_2/plugins/com.st.stm32cube.ide.mcu.externaltools.gnu-tools-for-stm32.13.3.rel1.linux64_1.0.100.202509120712/tools/bin/../lib/gcc/arm-none-eabi/13.3.1/../../../../arm-none-eabi/lib/thumb/v7e-m+dp/hard/libc_nano.a(libc_a-exit.o)
                              /home/maria/st/stm32cubeide_2.0.0_2/plugins/com.st.stm32cube.ide.mcu.externaltools.gnu-tools-for-stm32.13.3.rel1.linux64_1.0.100.202509120712/tools/bin/../lib/gcc/arm-none-eabi/13.3.1/../../../../arm-none-eabi/lib/thumb/v7e-m+dp/hard/crt0.o (exit)
/home/maria/st/stm32cubeide_2.0.0_2/plugins/com.st.stm32cube.ide.mcu.externaltools.gnu-tools-for-stm32.13.3.rel1.linux64_1.0.100.202509120712/tools/bin/../lib/gcc/arm-none-eabi/13.3.1/../../../../arm-none-eabi/lib/thumb/v7e-m+dp/hard/libc_nano.a(libc_a-findfp.o)
                              /home/maria/st/stm32cubeide_2.0.0_2/plugins/com.st.stm32cube.ide.mcu.externaltools.gnu-tools-for-stm32.13.3.rel1.linux64_1.0.100.202509120712/tools/bin/../lib/gcc/arm-none-eabi/13.3.1/../../../../arm-none-eabi/lib/thumb/v7e-m+dp/hard/libc_nano.a(libc_a-exit.o) (__stdio_exit_handler)
/home/maria/st/stm32cubeide_2.0.0_2/plugins/com.st.stm32cube.ide.mcu.externaltools.gnu-tools-for-stm32.13.3.rel1.linux64_1.0.100.202509120712/tools/bin/../lib/gcc/arm-none-eabi/13.3.1/../../../../arm-none-eabi/lib/thumb/v7e-m+dp/hard/libc_nano.a(libc_a-fwalk.o)
                              /home/maria/st/stm32cubeide_2.0.0_2/plugins/com.st.stm32cube.ide.mcu.externaltools.gnu-tools-for-stm32.13.3.rel1.linux64_1.0.100.202509120712/tools/bin/../lib/gcc/arm-none-eabi/13.3.1/../../../../arm-none-eabi/lib/thumb/v7e-m+dp/hard/libc_nano.a(libc_a-findfp.o) (_fwalk_sglue)
/home/maria/st/stm32cubeide_2.0.0_2/plugins/com.st.stm32cube.ide.mcu.externaltools.gnu-tools-for-stm32.13.3.rel1.linux64_1.0.100.202509120712/tools/bin/../lib/gcc/arm-none-eabi/13.3.1/../../../../arm-none-eabi/lib/thumb/v7e-m+dp/hard/libc_nano.a(libc_a-printf.o)
                              ./Core/Src/main.o (printf)
/home/maria/st/stm32cubeide_2.0.0_2/plugins/com.st.stm32cube.ide.mcu.externaltools.gnu-tools-for-stm32.13.3.rel1.linux64_1.0.100.202509120712/tools/bin/../lib/gcc/arm-none-eabi/13.3.1/../../../../arm-none-eabi/lib/thumb/v7e-m+dp/hard/libc_nano.a(libc_a-stdio.o)
                              /home/maria/st/stm32cubeide_2.0.0_2/plugins/com.st.stm32cube.ide.mcu.externaltools.gnu-tools-for-stm32.13.3.rel1.linux64_1.0.100.202509120712/tools/bin/../lib/gcc/arm-none-eabi/13.3.1/../../../../arm-none-eabi/lib/thumb/v7e-m+dp/hard/libc_nano.a(libc_a-findfp.o) (__sread)
/home/maria/st/stm32cubeide_2.0.0_2/plugins/com.st.stm32cube.ide.mcu.externaltools.gnu-tools-for-stm32.13.3.rel1.linux64_1.0.100.202509120712/tools/bin/../lib/gcc/arm-none-eabi/13.3.1/../../../../arm-none-eabi/lib/thumb/v7e-m+dp/hard/libc_nano.a(libc_a-memset.o)
                              /home/maria/st/stm32cubeide_2.0.0_2/plugins/com.st.stm32cube.ide.mcu.externaltools.gnu-tools-for-stm32.13.3.rel1.linux64_1.0.100.202509120712/tools/bin/../lib/gcc/arm-none-eabi/13.3.1/../../../../arm-none-eabi/lib/thumb/v7e-m+dp/hard/crt0.o (memset)
/home/maria/st/stm32cubeide_2.0.0_2/plugins/com.st.stm32cube.ide.mcu.externaltools.gnu-tools-for-stm32.13.3.rel1.linux64_1.0.100.202509120712/tools/bin/../lib/gcc/arm-none-eabi/13.3.1/../../../../arm-none-eabi/lib/thumb/v7e-m+dp/hard/libc_nano.a(libc_a-closer.o)
                              /home/maria/st/stm32cubeide_2.0.0_2/plugins/com.st.stm32cube.ide.mcu.externaltools.gnu-tools-for-stm32.13.3.rel1.linux64_1.0.100.202509120712/tools/bin/../lib/gcc/arm-none-eabi/13.3.1/../../../../arm-none-eabi/lib/thumb/v7e-m+dp/hard/libc_nano.a(libc_a-stdio.o) (_close_r)
/home/maria/st/stm32cubeide_2.0.0_2/plugins/com.st.stm32cube.ide.mcu.externaltools.gnu-tools-for-stm32.13.3.rel1.linux64_1.0.100.202509120712/tools/bin/../lib/gcc/arm-none-eabi/13.3.1/../../../../arm-none-eabi/lib/thumb/v7e-m+dp/hard/libc_nano.a(libc_a-reent.o)
                              /home/maria/st/stm32cubeide_2.0.0_2/plugins/com.st.stm32cube.ide.mcu.externaltools.gnu-tools-for-stm32.13.3.rel1.linux64_1.0.100.202509120712/tools/bin/../lib/gcc/arm-none-eabi/13.3.1/../../../../arm-none-eabi/lib/thumb/v7e-m+dp/hard/libc_nano.a(libc_a-closer.o) (errno)
/home/maria/st/stm32cubeide_2.0.0_2/plugins/com.st.stm32cube.ide.mcu.externaltools.gnu-tools-for-stm32.13.3.rel1.linux64_1.0.100.202509120712/tools/bin/../lib/gcc/arm-none-eabi/13.3.1/../../../../arm-none-eabi/lib/thumb/v7e-m+dp/hard/libc_nano.a(libc_a-impure.o)
                              /home/maria/st/stm32cubeide_2.0.0_2/plugins/com.st.stm32cube.ide.mcu.externaltools.gnu-tools-for-stm32.13.3.rel1.linux64_1.0.100.202509120712/tools/bin/../lib/gcc/arm-none-eabi/13.3.1/../../../../arm-none-eabi/lib/thumb/v7e-m+dp/hard/libc_nano.a(libc_a-printf.o) (_impure_ptr)
[...]
Memory Configuration

Name             Origin             Length             Attributes
RAM              0x24000000         0x00071c00         xrw
RAM_NONCACHEABLEBUFFER 0x24071c00         0x00000400         xrw
ITCM             0x00000000         0x00010000         xrw
DTCM             0x20000000         0x00010000         rw
SRAMAHB          0x30000000         0x00008000         rw
BKPSRAM          0x38800000         0x00001000         rw
FLASH            0x08000000         0x00020000         xrw
*default*        0x00000000         0xffffffff

Linker script and memory map

LOAD /home/maria/st/stm32cubeide_2.0.0_2/plugins/com.st.stm32cube.ide.mcu.externaltools.gnu-tools-for-stm32.13.3.rel1.linux64_1.0.100.202509120712/tools/bin/../lib/gcc/arm-none-eabi/13.3.1/thumb/v7e-m+dp/hard/crti.o
LOAD /home/maria/st/stm32cubeide_2.0.0_2/plugins/com.st.stm32cube.ide.mcu.externaltools.gnu-tools-for-stm32.13.3.rel1.linux64_1.0.100.202509120712/tools/bin/../lib/gcc/arm-none-eabi/13.3.1/thumb/v7e-m+dp/hard/crtbegin.o
LOAD /home/maria/st/stm32cubeide_2.0.0_2/plugins/com.st.stm32cube.ide.mcu.externaltools.gnu-tools-for-stm32.13.3.rel1.linux64_1.0.100.202509120712/tools/bin/../lib/gcc/arm-none-eabi/13.3.1/../../../../arm-none-eabi/lib/thumb/v7e-m+dp/hard/crt0.o
LOAD ./Core/Src/extmem_manager.o
LOAD ./Core/Src/main.o
LOAD ./Core/Src/sha256.o
LOAD ./Core/Src/stm32h7rsxx_hal_msp.o
LOAD ./Core/Src/stm32h7rsxx_it.o
LOAD ./Core/Src/syscalls.o
LOAD ./Core/Src/sysmem.o
LOAD ./Core/Src/system_stm32h7rsxx.o
LOAD ./Core/Startup/startup_stm32h7s3l8hx.o
LOAD ./Drivers/BSP/STM32H7xx_Nucleo/stm32h7rsxx_nucleo.o
LOAD ./Drivers/STM32H7RSxx_HAL_Driver/stm32h7rsxx_hal.o
LOAD ./Drivers/STM32H7RSxx_HAL_Driver/stm32h7rsxx_hal_cortex.o
LOAD ./Drivers/STM32H7RSxx_HAL_Driver/stm32h7rsxx_hal_dma.o
LOAD ./Drivers/STM32H7RSxx_HAL_Driver/stm32h7rsxx_hal_dma_ex.o
LOAD ./Drivers/STM32H7RSxx_HAL_Driver/stm32h7rsxx_hal_exti.o
LOAD ./Drivers/STM32H7RSxx_HAL_Driver/stm32h7rsxx_hal_flash.o
LOAD ./Drivers/STM32H7RSxx_HAL_Driver/stm32h7rsxx_hal_flash_ex.o
LOAD ./Drivers/STM32H7RSxx_HAL_Driver/stm32h7rsxx_hal_gpio.o
LOAD ./Drivers/STM32H7RSxx_HAL_Driver/stm32h7rsxx_hal_pwr.o
LOAD ./Drivers/STM32H7RSxx_HAL_Driver/stm32h7rsxx_hal_pwr_ex.o
LOAD ./Drivers/STM32H7RSxx_HAL_Driver/stm32h7rsxx_hal_rcc.o
LOAD ./Drivers/STM32H7RSxx_HAL_Driver/stm32h7rsxx_hal_rcc_ex.o
LOAD ./Drivers/STM32H7RSxx_HAL_Driver/stm32h7rsxx_hal_uart.o
LOAD ./Drivers/STM32H7RSxx_HAL_Driver/stm32h7rsxx_hal_uart_ex.o
LOAD ./Drivers/STM32H7RSxx_HAL_Driver/stm32h7rsxx_hal_usart.o
LOAD ./Drivers/STM32H7RSxx_HAL_Driver/stm32h7rsxx_hal_usart_ex.o
LOAD ./Drivers/STM32H7RSxx_HAL_Driver/stm32h7rsxx_hal_xspi.o
LOAD ./Middlewares/ST/STM32_ExtMem_Manager/stm32_extmem.o
LOAD ./Middlewares/ST/STM32_ExtMem_Manager/stm32_psram_driver.o
LOAD ./Middlewares/ST/STM32_ExtMem_Manager/stm32_sal_sd.o
LOAD ./Middlewares/ST/STM32_ExtMem_Manager/stm32_sal_xspi.o
LOAD ./Middlewares/ST/STM32_ExtMem_Manager/stm32_sdcard_driver.o
LOAD ./Middlewares/ST/STM32_ExtMem_Manager/stm32_sfdp_data.o
LOAD ./Middlewares/ST/STM32_ExtMem_Manager/stm32_sfdp_driver.o
LOAD ./Middlewares/ST/STM32_ExtMem_Manager/stm32_user_driver.o
START GROUP
LOAD /home/maria/st/stm32cubeide_2.0.0_2/plugins/com.st.stm32cube.ide.mcu.externaltools.gnu-tools-for-stm32.13.3.rel1.linux64_1.0.100.202509120712/tools/bin/../lib/gcc/arm-none-eabi/13.3.1/../../../../arm-none-eabi/lib/thumb/v7e-m+dp/hard/libc_nano.a
LOAD /home/maria/st/stm32cubeide_2.0.0_2/plugins/com.st.stm32cube.ide.mcu.externaltools.gnu-tools-for-stm32.13.3.rel1.linux64_1.0.100.202509120712/tools/bin/../lib/gcc/arm-none-eabi/13.3.1/../../../../arm-none-eabi/lib/thumb/v7e-m+dp/hard/libm.a
END GROUP
START GROUP
LOAD /home/maria/st/stm32cubeide_2.0.0_2/plugins/com.st.stm32cube.ide.mcu.externaltools.gnu-tools-for-stm32.13.3.rel1.linux64_1.0.100.202509120712/tools/bin/../lib/gcc/arm-none-eabi/13.3.1/thumb/v7e-m+dp/hard/libgcc.a
LOAD /home/maria/st/stm32cubeide_2.0.0_2/plugins/com.st.stm32cube.ide.mcu.externaltools.gnu-tools-for-stm32.13.3.rel1.linux64_1.0.100.202509120712/tools/bin/../lib/gcc/arm-none-eabi/13.3.1/../../../../arm-none-eabi/lib/thumb/v7e-m+dp/hard/libc_nano.a
END GROUP
START GROUP
LOAD /home/maria/st/stm32cubeide_2.0.0_2/plugins/com.st.stm32cube.ide.mcu.externaltools.gnu-tools-for-stm32.13.3.rel1.linux64_1.0.100.202509120712/tools/bin/../lib/gcc/arm-none-eabi/13.3.1/thumb/v7e-m+dp/hard/libgcc.a
LOAD /home/maria/st/stm32cubeide_2.0.0_2/plugins/com.st.stm32cube.ide.mcu.externaltools.gnu-tools-for-stm32.13.3.rel1.linux64_1.0.100.202509120712/tools/bin/../lib/gcc/arm-none-eabi/13.3.1/../../../../arm-none-eabi/lib/thumb/v7e-m+dp/hard/libc_nano.a
LOAD /home/maria/st/stm32cubeide_2.0.0_2/plugins/com.st.stm32cube.ide.mcu.externaltools.gnu-tools-for-stm32.13.3.rel1.linux64_1.0.100.202509120712/tools/bin/../lib/gcc/arm-none-eabi/13.3.1/../../../../arm-none-eabi/lib/thumb/v7e-m+dp/hard/libnosys.a
END GROUP
START GROUP
LOAD /home/maria/st/stm32cubeide_2.0.0_2/plugins/com.st.stm32cube.ide.mcu.externaltools.gnu-tools-for-stm32.13.3.rel1.linux64_1.0.100.202509120712/tools/bin/../lib/gcc/arm-none-eabi/13.3.1/thumb/v7e-m+dp/hard/libgcc.a
LOAD /home/maria/st/stm32cubeide_2.0.0_2/plugins/com.st.stm32cube.ide.mcu.externaltools.gnu-tools-for-stm32.13.3.rel1.linux64_1.0.100.202509120712/tools/bin/../lib/gcc/arm-none-eabi/13.3.1/../../../../arm-none-eabi/lib/thumb/v7e-m+dp/hard/libc_nano.a
LOAD /home/maria/st/stm32cubeide_2.0.0_2/plugins/com.st.stm32cube.ide.mcu.externaltools.gnu-tools-for-stm32.13.3.rel1.linux64_1.0.100.202509120712/tools/bin/../lib/gcc/arm-none-eabi/13.3.1/../../../../arm-none-eabi/lib/thumb/v7e-m+dp/hard/libnosys.a
END GROUP
LOAD /home/maria/st/stm32cubeide_2.0.0_2/plugins/com.st.stm32cube.ide.mcu.externaltools.gnu-tools-for-stm32.13.3.rel1.linux64_1.0.100.202509120712/tools/bin/../lib/gcc/arm-none-eabi/13.3.1/thumb/v7e-m+dp/hard/crtend.o
LOAD /home/maria/st/stm32cubeide_2.0.0_2/plugins/com.st.stm32cube.ide.mcu.externaltools.gnu-tools-for-stm32.13.3.rel1.linux64_1.0.100.202509120712/tools/bin/../lib/gcc/arm-none-eabi/13.3.1/thumb/v7e-m+dp/hard/crtn.o
                0x20010000                        _estack = (ORIGIN (DTCM) + LENGTH (DTCM))
                0x00000200                        _Min_Heap_Size = 0x200
                0x00000400                        _Min_Stack_Size = 0x400
                0x08000000                        __FLASH_BEGIN = 0x8000000
                0x00020000                        __FLASH_SIZE = 0x20000
                0x24000000                        __RAM_BEGIN = 0x24000000
                0x00071c00                        __RAM_SIZE = 0x71c00
                0x00000400                        __RAM_NONCACHEABLEBUFFER_SIZE = 0x400

.isr_vector     0x08000000      0x2b0
                0x08000000                        . = ALIGN (0x4)
 *(.isr_vector)
 .isr_vector    0x08000000      0x2b0 ./Core/Startup/startup_stm32h7s3l8hx.o
                0x08000000                g_pfnVectors
                0x080002b0                        . = ALIGN (0x4)

.text           0x080002b0     0xab34
                0x080002b0                        . = ALIGN (0x4)
 *(.text)
 .text          0x080002b0       0x40 /home/maria/st/stm32cubeide_2.0.0_2/plugins/com.st.stm32cube.ide.mcu.externaltools.gnu-tools-for-stm32.13.3.rel1.linux64_1.0.100.202509120712/tools/bin/../lib/gcc/arm-none-eabi/13.3.1/thumb/v7e-m+dp/hard/crtbegin.o
 .text          0x080002f0       0xa0 /home/maria/st/stm32cubeide_2.0.0_2/plugins/com.st.stm32cube.ide.mcu.externaltools.gnu-tools-for-stm32.13.3.rel1.linux64_1.0.100.202509120712/tools/bin/../lib/gcc/arm-none-eabi/13.3.1/../../../../arm-none-eabi/lib/thumb/v7e-m+dp/hard/libc_nano.a(libc_a-memchr.o)
                0x080002f0                memchr
 .text          0x08000390       0x30 /home/maria/st/stm32cubeide_2.0.0_2/plugins/com.st.stm32cube.ide.mcu.externaltools.gnu-tools-for-stm32.13.3.rel1.linux64_1.0.100.202509120712/tools/bin/../lib/gcc/arm-none-eabi/13.3.1/thumb/v7e-m+dp/hard/libgcc.a(_aeabi_uldivmod.o)
                0x08000390                __aeabi_uldivmod
 .text          0x080003c0      0x2f8 /home/maria/st/stm32cubeide_2.0.0_2/plugins/com.st.stm32cube.ide.mcu.externaltools.gnu-tools-for-stm32.13.3.rel1.linux64_1.0.100.202509120712/tools/bin/../lib/gcc/arm-none-eabi/13.3.1/thumb/v7e-m+dp/hard/libgcc.a(_udivmoddi4.o)
                0x080003c0                __udivmoddi4
 .text          0x080006b8        0x4 /home/maria/st/stm32cubeide_2.0.0_2/plugins/com.st.stm32cube.ide.mcu.externaltools.gnu-tools-for-stm32.13.3.rel1.linux64_1.0.100.202509120712/tools/bin/../lib/gcc/arm-none-eabi/13.3.1/thumb/v7e-m+dp/hard/libgcc.a(_dvmd_tls.o)
                0x080006b8                __aeabi_ldiv0
                0x080006b8                __aeabi_idiv0
 *(.text*)
 .text.MX_EXTMEM_MANAGER_Init
                0x080006bc       0x54 ./Core/Src/extmem_manager.o
                0x080006bc                MX_EXTMEM_MANAGER_Init
 .text.main     0x08000710      0x10c ./Core/Src/main.o
                0x08000710                main
 .text.verify_firmware
                0x0800081c       0x28 ./Core/Src/main.o
                0x0800081c                verify_firmware
 .text.jump_to_application
                0x08000844       0x34 ./Core/Src/main.o
                0x08000844                jump_to_application
 .text.SystemClock_Config
                0x08000878       0xf8 ./Core/Src/main.o
                0x08000878                SystemClock_Config
 .text.MX_SBS_Init
                0x08000970        0xe ./Core/Src/main.o
 *fill*         0x0800097e        0x2 
 .text.MX_USART1_UART_Init
                0x08000980       0x98 ./Core/Src/main.o
 .text.MX_XSPI1_Init
                0x08000a18       0xb0 ./Core/Src/main.o
 .text.MX_GPIO_Init
                0x08000ac8       0x64 ./Core/Src/main.o
 .text.MPU_Config
                0x08000b2c       0xa8 ./Core/Src/main.o
 .text.BSP_PB_Callback
                0x08000bd4       0x28 ./Core/Src/main.o
                0x08000bd4                BSP_PB_Callback
 .text.Error_Handler
                0x08000bfc        0xc ./Core/Src/main.o
                0x08000bfc                Error_Handler
 .text.HAL_MspInit
                0x08000c08       0x68 ./Core/Src/stm32h7rsxx_hal_msp.o
                0x08000c08                HAL_MspInit
 .text.HAL_UART_MspInit
                0x08000c70       0xc4 ./Core/Src/stm32h7rsxx_hal_msp.o
                0x08000c70                HAL_UART_MspInit
 .text.HAL_XSPI_MspInit
                0x08000d34      0x120 ./Core/Src/stm32h7rsxx_hal_msp.o
                0x08000d34                HAL_XSPI_MspInit
 .text.NMI_Handler
                0x08000e54        0x8 ./Core/Src/stm32h7rsxx_it.o
                0x08000e54                NMI_Handler
 .text.HardFault_Handler
                0x08000e5c        0x8 ./Core/Src/stm32h7rsxx_it.o
                0x08000e5c                HardFault_Handler
 .text.MemManage_Handler
                0x08000e64        0x8 ./Core/Src/stm32h7rsxx_it.o
                0x08000e64                MemManage_Handler
 .text.BusFault_Handler
                0x08000e6c        0x8 ./Core/Src/stm32h7rsxx_it.o
                0x08000e6c                BusFault_Handler
 .text.UsageFault_Handler
                0x08000e74        0x8 ./Core/Src/stm32h7rsxx_it.o
                0x08000e74                UsageFault_Handler
 .text.SVC_Handler
                0x08000e7c        0xe ./Core/Src/stm32h7rsxx_it.o
                0x08000e7c                SVC_Handler
 .text.DebugMon_Handler
                0x08000e8a        0xe ./Core/Src/stm32h7rsxx_it.o
                0x08000e8a                DebugMon_Handler
 .text.PendSV_Handler
                0x08000e98        0xe ./Core/Src/stm32h7rsxx_it.o
                0x08000e98                PendSV_Handler
 .text.SysTick_Handler
                0x08000ea6        0xc ./Core/Src/stm32h7rsxx_it.o
                0x08000ea6                SysTick_Handler
 .text.EXTI13_IRQHandler
                0x08000eb2        0xe ./Core/Src/stm32h7rsxx_it.o
                0x08000eb2                EXTI13_IRQHandler
 .text._read    0x08000ec0       0x3a ./Core/Src/syscalls.o
                0x08000ec0                _read
 .text._write   0x08000efa       0x38 ./Core/Src/syscalls.o
                0x08000efa                _write
 .text._close   0x08000f32       0x18 ./Core/Src/syscalls.o
                0x08000f32                _close
 .text._fstat   0x08000f4a       0x20 ./Core/Src/syscalls.o
                0x08000f4a                _fstat
 .text._isatty  0x08000f6a       0x16 ./Core/Src/syscalls.o
                0x08000f6a                _isatty
 .text._lseek   0x08000f80       0x1a ./Core/Src/syscalls.o
                0x08000f80                _lseek
 *fill*         0x08000f9a        0x2 
 .text._sbrk    0x08000f9c       0x6c ./Core/Src/sysmem.o
                0x08000f9c                _sbrk
 .text.SystemInit
                0x08001008       0x2c ./Core/Src/system_stm32h7rsxx.o
                0x08001008                SystemInit
 .text.Reset_Handler
                0x08001034       0x50 ./Core/Startup/startup_stm32h7s3l8hx.o
                0x08001034                Reset_Handler
 .text.Default_Handler
                0x08001084        0x2 ./Core/Startup/startup_stm32h7s3l8hx.o
                0x08001084                HPDMA1_Channel13_IRQHandler
                0x08001084                EXTI2_IRQHandler
                0x08001084                MCE2_IRQHandler
                0x08001084                SAI1_A_IRQHandler
                0x08001084                EXTI5_IRQHandler
                0x08001084                I3C1_ER_IRQHandler
                0x08001084                UART8_IRQHandler
                0x08001084                SPI4_IRQHandler
                0x08001084                TIM1_CC_IRQHandler
                0x08001084                XSPI1_IRQHandler
                0x08001084                JPEG_IRQHandler
                0x08001084                TAMP_IRQHandler
                0x08001084                TIM6_IRQHandler
                0x08001084                EXTI12_IRQHandler
                0x08001084                CORDIC_IRQHandler
                0x08001084                GFXTIM_IRQHandler
                0x08001084                EXTI3_IRQHandler
                0x08001084                LPTIM4_IRQHandler
                0x08001084                GPDMA1_Channel5_IRQHandler
                0x08001084                EXTI8_IRQHandler
                0x08001084                LPTIM2_IRQHandler
                0x08001084                GFXMMU_IRQHandler
                0x08001084                I2C3_ER_IRQHandler
                0x08001084                LPTIM3_IRQHandler
                0x08001084                SAI2_A_IRQHandler
                0x08001084                EXTI0_IRQHandler
                0x08001084                HPDMA1_Channel9_IRQHandler
                0x08001084                I2C2_EV_IRQHandler
                0x08001084                FPU_IRQHandler
                0x08001084                GPDMA1_Channel3_IRQHandler
                0x08001084                GPDMA1_Channel7_IRQHandler
                0x08001084                FDCAN1_IT1_IRQHandler
                0x08001084                HPDMA1_Channel3_IRQHandler
                0x08001084                ADC1_2_IRQHandler
                0x08001084                GPDMA1_Channel9_IRQHandler
                0x08001084                SPI1_IRQHandler
                0x08001084                SAI1_B_IRQHandler
                0x08001084                GPDMA1_Channel2_IRQHandler
                0x08001084                I3C1_WKUP_IRQHandler
                0x08001084                PKA_IRQHandler
                0x08001084                HPDMA1_Channel2_IRQHandler
                0x08001084                EXTI15_IRQHandler
                0x08001084                TIM17_IRQHandler
                0x08001084                USART3_IRQHandler
                0x08001084                HPDMA1_Channel6_IRQHandler
                0x08001084                CRYP_IRQHandler
                0x08001084                RTC_IRQHandler
                0x08001084                XSPI2_IRQHandler
                0x08001084                EXTI9_IRQHandler
                0x08001084                HPDMA1_Channel0_IRQHandler
                0x08001084                LPTIM5_IRQHandler
                0x08001084                HPDMA1_Channel1_IRQHandler
                0x08001084                UART5_IRQHandler
                0x08001084                TIM4_IRQHandler
                0x08001084                I2C1_EV_IRQHandler
                0x08001084                GPDMA1_Channel12_IRQHandler
                0x08001084                HPDMA1_Channel7_IRQHandler
                0x08001084                GPDMA1_Channel1_IRQHandler
                0x08001084                TIM16_IRQHandler
                0x08001084                GPDMA1_Channel15_IRQHandler
                0x08001084                UART4_IRQHandler
                0x08001084                TIM3_IRQHandler
                0x08001084                RCC_IRQHandler
                0x08001084                TIM1_TRG_COM_IRQHandler
                0x08001084                SAI2_B_IRQHandler
                0x08001084                Default_Handler
                0x08001084                GPDMA1_Channel8_IRQHandler
                0x08001084                HPDMA1_Channel8_IRQHandler
                0x08001084                CEC_IRQHandler
                0x08001084                TIM14_IRQHandler
                0x08001084                TIM13_IRQHandler
                0x08001084                GPDMA1_Channel11_IRQHandler
                0x08001084                SPI5_IRQHandler
                0x08001084                TIM12_IRQHandler
                0x08001084                TIM7_IRQHandler
                0x08001084                HPDMA1_Channel10_IRQHandler
                0x08001084                SDMMC1_IRQHandler
                0x08001084                SAES_IRQHandler
                0x08001084                TIM5_IRQHandler
                0x08001084                UCPD1_IRQHandler
                0x08001084                GPDMA1_Channel0_IRQHandler
                0x08001084                I3C1_EV_IRQHandler
                0x08001084                HPDMA1_Channel5_IRQHandler
                0x08001084                TIM15_IRQHandler
                0x08001084                I2C3_EV_IRQHandler
                0x08001084                HPDMA1_Channel4_IRQHandler
                0x08001084                HPDMA1_Channel15_IRQHandler
                0x08001084                TIM9_IRQHandler
                0x08001084                SPDIF_RX_IRQHandler
                0x08001084                PVD_PVM_IRQHandler
                0x08001084                SPI2_IRQHandler
                0x08001084                HPDMA1_Channel11_IRQHandler
                0x08001084                EXTI14_IRQHandler
                0x08001084                EXTI11_IRQHandler
                0x08001084                CRS_IRQHandler
                0x08001084                GPDMA1_Channel14_IRQHandler
                0x08001084                EXTI4_IRQHandler
                0x08001084                GPDMA1_Channel13_IRQHandler
                0x08001084                RNG_IRQHandler
                0x08001084                FDCAN2_IT1_IRQHandler
                0x08001084                ETH_IRQHandler
                0x08001084                TIM1_UP_IRQHandler
                0x08001084                WWDG_IRQHandler
                0x08001084                SPI6_IRQHandler
                0x08001084                MDIOS_IRQHandler
                0x08001084                FDCAN2_IT0_IRQHandler
                0x08001084                IWDG_IRQHandler
                0x08001084                HPDMA1_Channel14_IRQHandler
                0x08001084                LPUART1_IRQHandler
                0x08001084                FDCAN1_IT0_IRQHandler
                0x08001084                TIM2_IRQHandler
                0x08001084                PSSI_IRQHandler
                0x08001084                MCE3_IRQHandler
                0x08001084                GPDMA1_Channel4_IRQHandler
                0x08001084                OTG_HS_IRQHandler
                0x08001084                EXTI7_IRQHandler
                0x08001084                DMA2D_IRQHandler
                0x08001084                TIM1_BRK_IRQHandler
                0x08001084                EXTI1_IRQHandler
                0x08001084                SDMMC2_IRQHandler
                0x08001084                UART7_IRQHandler
                0x08001084                DTS_IRQHandler
                0x08001084                USART2_IRQHandler
                0x08001084                GPDMA1_Channel6_IRQHandler
                0x08001084                ADF1_FLT0_IRQHandler
                0x08001084                RAMECC_IRQHandler
                0x08001084                I2C2_ER_IRQHandler
                0x08001084                MCE1_IRQHandler
                0x08001084                HPDMA1_Channel12_IRQHandler
                0x08001084                FLASH_IRQHandler
                0x08001084                USART1_IRQHandler
                0x08001084                EXTI10_IRQHandler
                0x08001084                OTG_FS_IRQHandler
                0x08001084                SPI3_IRQHandler
                0x08001084                WAKEUP_PIN_IRQHandler
                0x08001084                DCMIPP_IRQHandler
                0x08001084                I2C1_ER_IRQHandler
                0x08001084                FMC_IRQHandler
                0x08001084                EXTI6_IRQHandler
                0x08001084                LPTIM1_IRQHandler
                0x08001084                GPDMA1_Channel10_IRQHandler
                0x08001084                HASH_IRQHandler
 *fill*         0x08001086        0x2 
 .text.BSP_LED_Init
                0x08001088       0xc4 ./Drivers/BSP/STM32H7xx_Nucleo/stm32h7rsxx_nucleo.o
                0x08001088                BSP_LED_Init
 .text.BSP_LED_On
                0x0800114c       0x34 ./Drivers/BSP/STM32H7xx_Nucleo/stm32h7rsxx_nucleo.o
                0x0800114c                BSP_LED_On
 .text.BSP_LED_Off
                0x08001180       0x34 ./Drivers/BSP/STM32H7xx_Nucleo/stm32h7rsxx_nucleo.o
                0x08001180                BSP_LED_Off
 .text.BSP_PB_Init
                0x080011b4      0x15c ./Drivers/BSP/STM32H7xx_Nucleo/stm32h7rsxx_nucleo.o
                0x080011b4                BSP_PB_Init
 .text.BSP_PB_IRQHandler
                0x08001310       0x24 ./Drivers/BSP/STM32H7xx_Nucleo/stm32h7rsxx_nucleo.o
                0x08001310                BSP_PB_IRQHandler
 .text.BSP_COM_Init
                0x08001334       0xa0 ./Drivers/BSP/STM32H7xx_Nucleo/stm32h7rsxx_nucleo.o
                0x08001334                BSP_COM_Init
 .text.__io_putchar
                0x080013d4       0x38 ./Drivers/BSP/STM32H7xx_Nucleo/stm32h7rsxx_nucleo.o
                0x080013d4                __io_putchar
 .text.BUTTON_USER_EXTI_Callback
                0x0800140c        0xe ./Drivers/BSP/STM32H7xx_Nucleo/stm32h7rsxx_nucleo.o
 *fill*         0x0800141a        0x2 
 .text.MX_USART3_Init
                0x0800141c       0x68 ./Drivers/BSP/STM32H7xx_Nucleo/stm32h7rsxx_nucleo.o
                0x0800141c                MX_USART3_Init
 .text.UART_MspInit
                0x08001484      0x124 ./Drivers/BSP/STM32H7xx_Nucleo/stm32h7rsxx_nucleo.o
 .text.HAL_Init
                0x080015a8       0x30 ./Drivers/STM32H7RSxx_HAL_Driver/stm32h7rsxx_hal.o
                0x080015a8                HAL_Init
 .text.HAL_InitTick
                0x080015d8       0x78 ./Drivers/STM32H7RSxx_HAL_Driver/stm32h7rsxx_hal.o
                0x080015d8                HAL_InitTick
 .text.HAL_IncTick
                0x08001650       0x28 ./Drivers/STM32H7RSxx_HAL_Driver/stm32h7rsxx_hal.o
                0x08001650                HAL_IncTick
 .text.HAL_GetTick
                0x08001678       0x18 ./Drivers/STM32H7RSxx_HAL_Driver/stm32h7rsxx_hal.o
                0x08001678                HAL_GetTick
 .text.HAL_Delay
                0x08001690       0x48 ./Drivers/STM32H7RSxx_HAL_Driver/stm32h7rsxx_hal.o
                0x08001690                HAL_Delay
 .text.__NVIC_SetPriorityGrouping
                0x080016d8       0x48 ./Drivers/STM32H7RSxx_HAL_Driver/stm32h7rsxx_hal_cortex.o
 .text.__NVIC_GetPriorityGrouping
                0x08001720       0x1c ./Drivers/STM32H7RSxx_HAL_Driver/stm32h7rsxx_hal_cortex.o
 .text.__NVIC_EnableIRQ
                0x0800173c       0x3c ./Drivers/STM32H7RSxx_HAL_Driver/stm32h7rsxx_hal_cortex.o
 .text.__NVIC_SetPriority
                0x08001778       0x54 ./Drivers/STM32H7RSxx_HAL_Driver/stm32h7rsxx_hal_cortex.o
 .text.NVIC_EncodePriority
                0x080017cc       0x66 ./Drivers/STM32H7RSxx_HAL_Driver/stm32h7rsxx_hal_cortex.o
 *fill*         0x08001832        0x2 
 .text.SysTick_Config
                0x08001834       0x44 ./Drivers/STM32H7RSxx_HAL_Driver/stm32h7rsxx_hal_cortex.o
 .text.HAL_NVIC_SetPriorityGrouping
                0x08001878       0x16 ./Drivers/STM32H7RSxx_HAL_Driver/stm32h7rsxx_hal_cortex.o
                0x08001878                HAL_NVIC_SetPriorityGrouping
 .text.HAL_NVIC_SetPriority
                0x0800188e       0x34 ./Drivers/STM32H7RSxx_HAL_Driver/stm32h7rsxx_hal_cortex.o
                0x0800188e                HAL_NVIC_SetPriority
 .text.HAL_NVIC_EnableIRQ
                0x080018c2       0x1c ./Drivers/STM32H7RSxx_HAL_Driver/stm32h7rsxx_hal_cortex.o
                0x080018c2                HAL_NVIC_EnableIRQ
 .text.HAL_SYSTICK_Config
                0x080018de       0x18 ./Drivers/STM32H7RSxx_HAL_Driver/stm32h7rsxx_hal_cortex.o
                0x080018de                HAL_SYSTICK_Config
 *fill*         0x080018f6        0x2 
 .text.HAL_MPU_Enable
                0x080018f8       0x44 ./Drivers/STM32H7RSxx_HAL_Driver/stm32h7rsxx_hal_cortex.o
                0x080018f8                HAL_MPU_Enable
 .text.HAL_MPU_Disable
                0x0800193c       0x3c ./Drivers/STM32H7RSxx_HAL_Driver/stm32h7rsxx_hal_cortex.o
                0x0800193c                HAL_MPU_Disable
 .text.HAL_MPU_DisableRegion
                0x08001978       0x2c ./Drivers/STM32H7RSxx_HAL_Driver/stm32h7rsxx_hal_cortex.o
                0x08001978                HAL_MPU_DisableRegion
 .text.HAL_MPU_ConfigRegion
                0x080019a4       0x8c ./Drivers/STM32H7RSxx_HAL_Driver/stm32h7rsxx_hal_cortex.o
                0x080019a4                HAL_MPU_ConfigRegion
 .text.HAL_DMA_Abort
                0x08001a30       0xf8 ./Drivers/STM32H7RSxx_HAL_Driver/stm32h7rsxx_hal_dma.o
                0x08001a30                HAL_DMA_Abort
 .text.HAL_EXTI_RegisterCallback
                0x08001b28       0x34 ./Drivers/STM32H7RSxx_HAL_Driver/stm32h7rsxx_hal_exti.o
                0x08001b28                HAL_EXTI_RegisterCallback
 .text.HAL_EXTI_GetHandle
                0x08001b5c       0x28 ./Drivers/STM32H7RSxx_HAL_Driver/stm32h7rsxx_hal_exti.o
                0x08001b5c                HAL_EXTI_GetHandle
 .text.HAL_EXTI_IRQHandler
                0x08001b84       0x60 ./Drivers/STM32H7RSxx_HAL_Driver/stm32h7rsxx_hal_exti.o
                0x08001b84                HAL_EXTI_IRQHandler
 .text.HAL_GPIO_Init
                0x08001be4      0x2c0 ./Drivers/STM32H7RSxx_HAL_Driver/stm32h7rsxx_hal_gpio.o
                0x08001be4                HAL_GPIO_Init
 .text.HAL_GPIO_WritePin
                0x08001ea4       0x30 ./Drivers/STM32H7RSxx_HAL_Driver/stm32h7rsxx_hal_gpio.o
                0x08001ea4                HAL_GPIO_WritePin
 .text.HAL_PWREx_ConfigSupply
                0x08001ed4       0xa4 ./Drivers/STM32H7RSxx_HAL_Driver/stm32h7rsxx_hal_pwr_ex.o
                0x08001ed4                HAL_PWREx_ConfigSupply
 .text.HAL_PWREx_ControlVoltageScaling
                0x08001f78       0x50 ./Drivers/STM32H7RSxx_HAL_Driver/stm32h7rsxx_hal_pwr_ex.o
                0x08001f78                HAL_PWREx_ControlVoltageScaling
 .text.HAL_PWREx_EnableXSPIM1
                0x08001fc8       0x20 ./Drivers/STM32H7RSxx_HAL_Driver/stm32h7rsxx_hal_pwr_ex.o
                0x08001fc8                HAL_PWREx_EnableXSPIM1
 .text.HAL_RCC_OscConfig
                0x08001fe8      0x674 ./Drivers/STM32H7RSxx_HAL_Driver/stm32h7rsxx_hal_rcc.o
                0x08001fe8                HAL_RCC_OscConfig
 .text.HAL_RCC_ClockConfig
                0x0800265c      0x330 ./Drivers/STM32H7RSxx_HAL_Driver/stm32h7rsxx_hal_rcc.o
                0x0800265c                HAL_RCC_ClockConfig
 .text.HAL_RCC_GetSysClockFreq
                0x0800298c      0x2cc ./Drivers/STM32H7RSxx_HAL_Driver/stm32h7rsxx_hal_rcc.o
                0x0800298c                HAL_RCC_GetSysClockFreq
 .text.HAL_RCC_GetHCLKFreq
                0x08002c58       0x50 ./Drivers/STM32H7RSxx_HAL_Driver/stm32h7rsxx_hal_rcc.o
                0x08002c58                HAL_RCC_GetHCLKFreq
 .text.HAL_RCC_GetPCLK1Freq
                0x08002ca8       0x38 ./Drivers/STM32H7RSxx_HAL_Driver/stm32h7rsxx_hal_rcc.o
                0x08002ca8                HAL_RCC_GetPCLK1Freq
 .text.HAL_RCC_GetPCLK2Freq
                0x08002ce0       0x38 ./Drivers/STM32H7RSxx_HAL_Driver/stm32h7rsxx_hal_rcc.o
                0x08002ce0                HAL_RCC_GetPCLK2Freq
 .text.HAL_RCC_GetPCLK4Freq
                0x08002d18       0x38 ./Drivers/STM32H7RSxx_HAL_Driver/stm32h7rsxx_hal_rcc.o
                0x08002d18                HAL_RCC_GetPCLK4Freq
 .text.HAL_RCC_GetPLL1QFreq
                0x08002d50       0x2c ./Drivers/STM32H7RSxx_HAL_Driver/stm32h7rsxx_hal_rcc.o
                0x08002d50                HAL_RCC_GetPLL1QFreq
 .text.HAL_RCC_GetPLL2PFreq
                0x08002d7c       0x2c ./Drivers/STM32H7RSxx_HAL_Driver/stm32h7rsxx_hal_rcc.o
                0x08002d7c                HAL_RCC_GetPLL2PFreq
 .text.HAL_RCC_GetPLL2QFreq
                0x08002da8       0x2c ./Drivers/STM32H7RSxx_HAL_Driver/stm32h7rsxx_hal_rcc.o
                0x08002da8                HAL_RCC_GetPLL2QFreq
 .text.HAL_RCC_GetPLL2RFreq
                0x08002dd4       0x2c ./Drivers/STM32H7RSxx_HAL_Driver/stm32h7rsxx_hal_rcc.o
                0x08002dd4                HAL_RCC_GetPLL2RFreq
 .text.HAL_RCC_GetPLL2SFreq
                0x08002e00       0x2c ./Drivers/STM32H7RSxx_HAL_Driver/stm32h7rsxx_hal_rcc.o
                0x08002e00                HAL_RCC_GetPLL2SFreq
 .text.HAL_RCC_GetPLL2TFreq
                0x08002e2c       0x30 ./Drivers/STM32H7RSxx_HAL_Driver/stm32h7rsxx_hal_rcc.o
                0x08002e2c                HAL_RCC_GetPLL2TFreq
 .text.HAL_RCC_GetPLL3PFreq
                0x08002e5c       0x2c ./Drivers/STM32H7RSxx_HAL_Driver/stm32h7rsxx_hal_rcc.o
                0x08002e5c                HAL_RCC_GetPLL3PFreq
 .text.HAL_RCC_GetPLL3QFreq
                0x08002e88       0x2c ./Drivers/STM32H7RSxx_HAL_Driver/stm32h7rsxx_hal_rcc.o
                0x08002e88                HAL_RCC_GetPLL3QFreq
 .text.HAL_RCC_GetPLL3RFreq
                0x08002eb4       0x2c ./Drivers/STM32H7RSxx_HAL_Driver/stm32h7rsxx_hal_rcc.o
                0x08002eb4                HAL_RCC_GetPLL3RFreq
 .text.HAL_RCC_GetPLL3SFreq
                0x08002ee0       0x2c ./Drivers/STM32H7RSxx_HAL_Driver/stm32h7rsxx_hal_rcc.o
                0x08002ee0                HAL_RCC_GetPLL3SFreq
 .text.RCC_PLL_Config
                0x08002f0c      0x2ac ./Drivers/STM32H7RSxx_HAL_Driver/stm32h7rsxx_hal_rcc.o
 .text.RCC_PLL1_GetVCOOutputFreq
                0x080031b8      0x10c ./Drivers/STM32H7RSxx_HAL_Driver/stm32h7rsxx_hal_rcc.o
 .text.RCC_PLL2_GetVCOOutputFreq
                0x080032c4      0x10c ./Drivers/STM32H7RSxx_HAL_Driver/stm32h7rsxx_hal_rcc.o
 .text.RCC_PLL3_GetVCOOutputFreq
                0x080033d0      0x10c ./Drivers/STM32H7RSxx_HAL_Driver/stm32h7rsxx_hal_rcc.o
 .text.HAL_RCCEx_PeriphCLKConfig
                0x080034dc      0xe08 ./Drivers/STM32H7RSxx_HAL_Driver/stm32h7rsxx_hal_rcc_ex.o
                0x080034dc                HAL_RCCEx_PeriphCLKConfig
 .text.HAL_RCCEx_GetPeriphCLKFreq
                0x080042e4     0x1680 ./Drivers/STM32H7RSxx_HAL_Driver/stm32h7rsxx_hal_rcc_ex.o
                0x080042e4                HAL_RCCEx_GetPeriphCLKFreq
 .text.HAL_RCCEx_EnableClockProtection
                0x08005964       0x28 ./Drivers/STM32H7RSxx_HAL_Driver/stm32h7rsxx_hal_rcc_ex.o
                0x08005964                HAL_RCCEx_EnableClockProtection
 .text.RCC_GetCLKPFreq
                0x0800598c       0x98 ./Drivers/STM32H7RSxx_HAL_Driver/stm32h7rsxx_hal_rcc_ex.o
 .text.HAL_UART_Init
                0x08005a24       0xa0 ./Drivers/STM32H7RSxx_HAL_Driver/stm32h7rsxx_hal_uart.o
                0x08005a24                HAL_UART_Init
 .text.HAL_UART_Transmit
                0x08005ac4      0x132 ./Drivers/STM32H7RSxx_HAL_Driver/stm32h7rsxx_hal_uart.o
                0x08005ac4                HAL_UART_Transmit
 *fill*         0x08005bf6        0x2 
 .text.UART_SetConfig
                0x08005bf8      0x72c ./Drivers/STM32H7RSxx_HAL_Driver/stm32h7rsxx_hal_uart.o
                0x08005bf8                UART_SetConfig
 .text.UART_AdvFeatureConfig
                0x08006324      0x144 ./Drivers/STM32H7RSxx_HAL_Driver/stm32h7rsxx_hal_uart.o
                0x08006324                UART_AdvFeatureConfig
 .text.UART_CheckIdleState
                0x08006468      0x154 ./Drivers/STM32H7RSxx_HAL_Driver/stm32h7rsxx_hal_uart.o
                0x08006468                UART_CheckIdleState
 .text.UART_WaitOnFlagUntilTimeout
                0x080065bc       0xda ./Drivers/STM32H7RSxx_HAL_Driver/stm32h7rsxx_hal_uart.o
                0x080065bc                UART_WaitOnFlagUntilTimeout
 *fill*         0x08006696        0x2 
 .text.UART_EndRxTransfer
                0x08006698       0xcc ./Drivers/STM32H7RSxx_HAL_Driver/stm32h7rsxx_hal_uart.o
 .text.HAL_UARTEx_DisableFifoMode
                0x08006764       0x72 ./Drivers/STM32H7RSxx_HAL_Driver/stm32h7rsxx_hal_uart_ex.o
                0x08006764                HAL_UARTEx_DisableFifoMode
 .text.HAL_UARTEx_SetTxFifoThreshold
                0x080067d6       0x7c ./Drivers/STM32H7RSxx_HAL_Driver/stm32h7rsxx_hal_uart_ex.o
                0x080067d6                HAL_UARTEx_SetTxFifoThreshold
 .text.HAL_UARTEx_SetRxFifoThreshold
                0x08006852       0x7c ./Drivers/STM32H7RSxx_HAL_Driver/stm32h7rsxx_hal_uart_ex.o
                0x08006852                HAL_UARTEx_SetRxFifoThreshold
 *fill*         0x080068ce        0x2 
 .text.UARTEx_SetNbDataToProcess
                0x080068d0       0x9c ./Drivers/STM32H7RSxx_HAL_Driver/stm32h7rsxx_hal_uart_ex.o
 .text.HAL_XSPI_Init
                0x0800696c      0x1cc ./Drivers/STM32H7RSxx_HAL_Driver/stm32h7rsxx_hal_xspi.o
                0x0800696c                HAL_XSPI_Init
 .text.HAL_XSPI_Command
                0x08006b38      0x120 ./Drivers/STM32H7RSxx_HAL_Driver/stm32h7rsxx_hal_xspi.o
                0x08006b38                HAL_XSPI_Command
 .text.HAL_XSPI_Transmit
                0x08006c58       0xe6 ./Drivers/STM32H7RSxx_HAL_Driver/stm32h7rsxx_hal_xspi.o
                0x08006c58                HAL_XSPI_Transmit
 .text.HAL_XSPI_Receive
                0x08006d3e      0x146 ./Drivers/STM32H7RSxx_HAL_Driver/stm32h7rsxx_hal_xspi.o
                0x08006d3e                HAL_XSPI_Receive
 .text.HAL_XSPI_AutoPolling
                0x08006e84      0x114 ./Drivers/STM32H7RSxx_HAL_Driver/stm32h7rsxx_hal_xspi.o
                0x08006e84                HAL_XSPI_AutoPolling
 .text.HAL_XSPI_MemoryMapped
                0x08006f98       0x9c ./Drivers/STM32H7RSxx_HAL_Driver/stm32h7rsxx_hal_xspi.o
                0x08006f98                HAL_XSPI_MemoryMapped
 .text.HAL_XSPI_Abort
                0x08007034      0x10e ./Drivers/STM32H7RSxx_HAL_Driver/stm32h7rsxx_hal_xspi.o
                0x08007034                HAL_XSPI_Abort
 .text.HAL_XSPI_SetTimeout
                0x08007142       0x1e ./Drivers/STM32H7RSxx_HAL_Driver/stm32h7rsxx_hal_xspi.o
                0x08007142                HAL_XSPI_SetTimeout
 .text.HAL_XSPIM_Config
                0x08007160      0x1e0 ./Drivers/STM32H7RSxx_HAL_Driver/stm32h7rsxx_hal_xspi.o
                0x08007160                HAL_XSPIM_Config
 .text.XSPI_WaitFlagStateUntilTimeout
                0x08007340       0x6c ./Drivers/STM32H7RSxx_HAL_Driver/stm32h7rsxx_hal_xspi.o
 .text.XSPI_ConfigCmd
                0x080073ac      0x314 ./Drivers/STM32H7RSxx_HAL_Driver/stm32h7rsxx_hal_xspi.o
 .text.XSPIM_GetConfig
                0x080076c0       0xc8 ./Drivers/STM32H7RSxx_HAL_Driver/stm32h7rsxx_hal_xspi.o
 .text.EXTMEM_Init
                0x08007788       0x84 ./Middlewares/ST/STM32_ExtMem_Manager/stm32_extmem.o
                0x08007788                EXTMEM_Init
 .text.EXTMEM_MemoryMappedMode
                0x0800780c       0x90 ./Middlewares/ST/STM32_ExtMem_Manager/stm32_extmem.o
                0x0800780c                EXTMEM_MemoryMappedMode
 .text.SAL_XSPI_SetClock
                0x0800789c       0x7e ./Middlewares/ST/STM32_ExtMem_Manager/stm32_sal_xspi.o
                0x0800789c                SAL_XSPI_SetClock
 .text.SAL_XSPI_Init
                0x0800791a       0x66 ./Middlewares/ST/STM32_ExtMem_Manager/stm32_sal_xspi.o
                0x0800791a                SAL_XSPI_Init
 .text.SAL_XSPI_MemoryConfig
                0x08007980      0x2a4 ./Middlewares/ST/STM32_ExtMem_Manager/stm32_sal_xspi.o
                0x08007980                SAL_XSPI_MemoryConfig
 .text.SAL_XSPI_GetSFDP
                0x08007c24       0xc0 ./Middlewares/ST/STM32_ExtMem_Manager/stm32_sal_xspi.o
                0x08007c24                SAL_XSPI_GetSFDP
 .text.SAL_XSPI_GetId
                0x08007ce4      0x100 ./Middlewares/ST/STM32_ExtMem_Manager/stm32_sal_xspi.o
                0x08007ce4                SAL_XSPI_GetId
 .text.SAL_XSPI_Write
                0x08007de4       0x92 ./Middlewares/ST/STM32_ExtMem_Manager/stm32_sal_xspi.o
                0x08007de4                SAL_XSPI_Write
 .text.SAL_XSPI_CommandSendData
                0x08007e76       0xa8 ./Middlewares/ST/STM32_ExtMem_Manager/stm32_sal_xspi.o
                0x08007e76                SAL_XSPI_CommandSendData
 .text.SAL_XSPI_SendReadCommand
                0x08007f1e       0xa8 ./Middlewares/ST/STM32_ExtMem_Manager/stm32_sal_xspi.o
                0x08007f1e                SAL_XSPI_SendReadCommand
 .text.SAL_XSPI_CommandSendReadAddress
                0x08007fc6       0xca ./Middlewares/ST/STM32_ExtMem_Manager/stm32_sal_xspi.o
                0x08007fc6                SAL_XSPI_CommandSendReadAddress
 .text.SAL_XSPI_CheckStatusRegister
                0x08008090       0xf2 ./Middlewares/ST/STM32_ExtMem_Manager/stm32_sal_xspi.o
                0x08008090                SAL_XSPI_CheckStatusRegister
 .text.SAL_XSPI_EnableMapMode
                0x08008182       0xee ./Middlewares/ST/STM32_ExtMem_Manager/stm32_sal_xspi.o
                0x08008182                SAL_XSPI_EnableMapMode
 .text.SAL_XSPI_DisableMapMode
                0x08008270       0x22 ./Middlewares/ST/STM32_ExtMem_Manager/stm32_sal_xspi.o
                0x08008270                SAL_XSPI_DisableMapMode
 .text.SAL_XSPI_UpdateMemoryType
                0x08008292       0x70 ./Middlewares/ST/STM32_ExtMem_Manager/stm32_sal_xspi.o
                0x08008292                SAL_XSPI_UpdateMemoryType
 .text.SAL_XSPI_Abort
                0x08008302       0x1c ./Middlewares/ST/STM32_ExtMem_Manager/stm32_sal_xspi.o
                0x08008302                SAL_XSPI_Abort
 .text.XSPI_FormatCommand
                0x0800831e       0x52 ./Middlewares/ST/STM32_ExtMem_Manager/stm32_sal_xspi.o
                0x0800831e                XSPI_FormatCommand
 .text.XSPI_Transmit
                0x08008370       0x26 ./Middlewares/ST/STM32_ExtMem_Manager/stm32_sal_xspi.o
                0x08008370                XSPI_Transmit
 .text.SFDP_ReadHeader
                0x08008396       0x7a ./Middlewares/ST/STM32_ExtMem_Manager/stm32_sfdp_data.o
                0x08008396                SFDP_ReadHeader
 .text.SFDP_GetHeader
                0x08008410       0xbc ./Middlewares/ST/STM32_ExtMem_Manager/stm32_sfdp_data.o
                0x08008410                SFDP_GetHeader
 .text.SFDP_CollectData
                0x080084cc      0x1b8 ./Middlewares/ST/STM32_ExtMem_Manager/stm32_sfdp_data.o
                0x080084cc                SFDP_CollectData
 .text.SFDP_MemoryReset
                0x08008684      0x1b8 ./Middlewares/ST/STM32_ExtMem_Manager/stm32_sfdp_data.o
                0x08008684                SFDP_MemoryReset
 .text.SFDP_BuildGenericDriver
                0x0800883c      0xca4 ./Middlewares/ST/STM32_ExtMem_Manager/stm32_sfdp_data.o
                0x0800883c                SFDP_BuildGenericDriver
 .text.driver_check_FlagBUSY
                0x080094e0       0x7c ./Middlewares/ST/STM32_ExtMem_Manager/stm32_sfdp_data.o
                0x080094e0                driver_check_FlagBUSY
 .text.sfdp_getfrequencevalue
                0x0800955c       0x4c ./Middlewares/ST/STM32_ExtMem_Manager/stm32_sfdp_data.o
                0x0800955c                sfdp_getfrequencevalue
 .text.sfdp_get_paraminfo
                0x080095a8      0x1f8 ./Middlewares/ST/STM32_ExtMem_Manager/stm32_sfdp_data.o
                0x080095a8                sfdp_get_paraminfo
 .text.sfdp_enter_octal_mode
                0x080097a0      0x1c8 ./Middlewares/ST/STM32_ExtMem_Manager/stm32_sfdp_data.o
                0x080097a0                sfdp_enter_octal_mode
 .text.sfdp_set_dummycycle
                0x08009968      0x1c8 ./Middlewares/ST/STM32_ExtMem_Manager/stm32_sfdp_data.o
                0x08009968                sfdp_set_dummycycle
 .text.JEDEC_Basic_ManageQuadEnableRequirement
                0x08009b30      0x178 ./Middlewares/ST/STM32_ExtMem_Manager/stm32_sfdp_data.o
                0x08009b30                JEDEC_Basic_ManageQuadEnableRequirement
 .text.JEDEC_Basic_Manage4S4S4SEnableSequence
                0x08009ca8       0x80 ./Middlewares/ST/STM32_ExtMem_Manager/stm32_sfdp_data.o
                0x08009ca8                JEDEC_Basic_Manage4S4S4SEnableSequence
 .text.CheckSFDP_Signature
                0x08009d28       0x54 ./Middlewares/ST/STM32_ExtMem_Manager/stm32_sfdp_data.o
                0x08009d28                CheckSFDP_Signature
 .text.EXTMEM_DRIVER_NOR_SFDP_Init
                0x08009d7c      0x168 ./Middlewares/ST/STM32_ExtMem_Manager/stm32_sfdp_driver.o
                0x08009d7c                EXTMEM_DRIVER_NOR_SFDP_Init
 .text.EXTMEM_DRIVER_NOR_SFDP_Enable_MemoryMappedMode
                0x08009ee4       0x42 ./Middlewares/ST/STM32_ExtMem_Manager/stm32_sfdp_driver.o
                0x08009ee4                EXTMEM_DRIVER_NOR_SFDP_Enable_MemoryMappedMode
 .text.EXTMEM_DRIVER_NOR_SFDP_Disable_MemoryMappedMode
                0x08009f26       0x2c ./Middlewares/ST/STM32_ExtMem_Manager/stm32_sfdp_driver.o
                0x08009f26                EXTMEM_DRIVER_NOR_SFDP_Disable_MemoryMappedMode
 *fill*         0x08009f52        0x2 
 .text.std      0x08009f54       0x6c /home/maria/st/stm32cubeide_2.0.0_2/plugins/com.st.stm32cube.ide.mcu.externaltools.gnu-tools-for-stm32.13.3.rel1.linux64_1.0.100.202509120712/tools/bin/../lib/gcc/arm-none-eabi/13.3.1/../../../../arm-none-eabi/lib/thumb/v7e-m+dp/hard/libc_nano.a(libc_a-findfp.o)
 .text.stdio_exit_handler
                0x08009fc0       0x18 /home/maria/st/stm32cubeide_2.0.0_2/plugins/com.st.stm32cube.ide.mcu.externaltools.gnu-tools-for-stm32.13.3.rel1.linux64_1.0.100.202509120712/tools/bin/../lib/gcc/arm-none-eabi/13.3.1/../../../../arm-none-eabi/lib/thumb/v7e-m+dp/hard/libc_nano.a(libc_a-findfp.o)
 .text.cleanup_stdio
                0x08009fd8       0x40 /home/maria/st/stm32cubeide_2.0.0_2/plugins/com.st.stm32cube.ide.mcu.externaltools.gnu-tools-for-stm32.13.3.rel1.linux64_1.0.100.202509120712/tools/bin/../lib/gcc/arm-none-eabi/13.3.1/../../../../arm-none-eabi/lib/thumb/v7e-m+dp/hard/libc_nano.a(libc_a-findfp.o)
 .text.global_stdio_init.part.0
                0x0800a018       0x3c /home/maria/st/stm32cubeide_2.0.0_2/plugins/com.st.stm32cube.ide.mcu.externaltools.gnu-tools-for-stm32.13.3.rel1.linux64_1.0.100.202509120712/tools/bin/../lib/gcc/arm-none-eabi/13.3.1/../../../../arm-none-eabi/lib/thumb/v7e-m+dp/hard/libc_nano.a(libc_a-findfp.o)
 .text.__sfp_lock_acquire
                0x0800a054        0xc /home/maria/st/stm32cubeide_2.0.0_2/plugins/com.st.stm32cube.ide.mcu.externaltools.gnu-tools-for-stm32.13.3.rel1.linux64_1.0.100.202509120712/tools/bin/../lib/gcc/arm-none-eabi/13.3.1/../../../../arm-none-eabi/lib/thumb/v7e-m+dp/hard/libc_nano.a(libc_a-findfp.o)
                0x0800a054                __sfp_lock_acquire
 .text.__sfp_lock_release
                0x0800a060        0xc /home/maria/st/stm32cubeide_2.0.0_2/plugins/com.st.stm32cube.ide.mcu.externaltools.gnu-tools-for-stm32.13.3.rel1.linux64_1.0.100.202509120712/tools/bin/../lib/gcc/arm-none-eabi/13.3.1/../../../../arm-none-eabi/lib/thumb/v7e-m+dp/hard/libc_nano.a(libc_a-findfp.o)
                0x0800a060                __sfp_lock_release
 .text.__sinit  0x0800a06c       0x30 /home/maria/st/stm32cubeide_2.0.0_2/plugins/com.st.stm32cube.ide.mcu.externaltools.gnu-tools-for-stm32.13.3.rel1.linux64_1.0.100.202509120712/tools/bin/../lib/gcc/arm-none-eabi/13.3.1/../../../../arm-none-eabi/lib/thumb/v7e-m+dp/hard/libc_nano.a(libc_a-findfp.o)
                0x0800a06c                __sinit
 .text._fwalk_sglue
                0x0800a09c       0x3c /home/maria/st/stm32cubeide_2.0.0_2/plugins/com.st.stm32cube.ide.mcu.externaltools.gnu-tools-for-stm32.13.3.rel1.linux64_1.0.100.202509120712/tools/bin/../lib/gcc/arm-none-eabi/13.3.1/../../../../arm-none-eabi/lib/thumb/v7e-m+dp/hard/libc_nano.a(libc_a-fwalk.o)
                0x0800a09c                _fwalk_sglue
 .text.printf   0x0800a0d8       0x24 /home/maria/st/stm32cubeide_2.0.0_2/plugins/com.st.stm32cube.ide.mcu.externaltools.gnu-tools-for-stm32.13.3.rel1.linux64_1.0.100.202509120712/tools/bin/../lib/gcc/arm-none-eabi/13.3.1/../../../../arm-none-eabi/lib/thumb/v7e-m+dp/hard/libc_nano.a(libc_a-printf.o)
                0x0800a0d8                printf
                0x0800a0d8                iprintf
 .text.__sread  0x0800a0fc       0x22 /home/maria/st/stm32cubeide_2.0.0_2/plugins/com.st.stm32cube.ide.mcu.externaltools.gnu-tools-for-stm32.13.3.rel1.linux64_1.0.100.202509120712/tools/bin/../lib/gcc/arm-none-eabi/13.3.1/../../../../arm-none-eabi/lib/thumb/v7e-m+dp/hard/libc_nano.a(libc_a-stdio.o)
                0x0800a0fc                __sread
 .text.__swrite
                0x0800a11e       0x38 /home/maria/st/stm32cubeide_2.0.0_2/plugins/com.st.stm32cube.ide.mcu.externaltools.gnu-tools-for-stm32.13.3.rel1.linux64_1.0.100.202509120712/tools/bin/../lib/gcc/arm-none-eabi/13.3.1/../../../../arm-none-eabi/lib/thumb/v7e-m+dp/hard/libc_nano.a(libc_a-stdio.o)
                0x0800a11e                __swrite
 .text.__sseek  0x0800a156       0x24 /home/maria/st/stm32cubeide_2.0.0_2/plugins/com.st.stm32cube.ide.mcu.externaltools.gnu-tools-for-stm32.13.3.rel1.linux64_1.0.100.202509120712/tools/bin/../lib/gcc/arm-none-eabi/13.3.1/../../../../arm-none-eabi/lib/thumb/v7e-m+dp/hard/libc_nano.a(libc_a-stdio.o)
                0x0800a156                __sseek
 .text.__sclose
                0x0800a17a        0x8 /home/maria/st/stm32cubeide_2.0.0_2/plugins/com.st.stm32cube.ide.mcu.externaltools.gnu-tools-for-stm32.13.3.rel1.linux64_1.0.100.202509120712/tools/bin/../lib/gcc/arm-none-eabi/13.3.1/../../../../arm-none-eabi/lib/thumb/v7e-m+dp/hard/libc_nano.a(libc_a-stdio.o)
                0x0800a17a                __sclose
 .text.memset   0x0800a182       0x10 /home/maria/st/stm32cubeide_2.0.0_2/plugins/com.st.stm32cube.ide.mcu.externaltools.gnu-tools-for-stm32.13.3.rel1.linux64_1.0.100.202509120712/tools/bin/../lib/gcc/arm-none-eabi/13.3.1/../../../../arm-none-eabi/lib/thumb/v7e-m+dp/hard/libc_nano.a(libc_a-memset.o)
                0x0800a182                memset
 *fill*         0x0800a192        0x2 
 .text._close_r
                0x0800a194       0x20 /home/maria/st/stm32cubeide_2.0.0_2/plugins/com.st.stm32cube.ide.mcu.externaltools.gnu-tools-for-stm32.13.3.rel1.linux64_1.0.100.202509120712/tools/bin/../lib/gcc/arm-none-eabi/13.3.1/../../../../arm-none-eabi/lib/thumb/v7e-m+dp/hard/libc_nano.a(libc_a-closer.o)
                0x0800a194                _close_r
 .text._lseek_r
                0x0800a1b4       0x24 /home/maria/st/stm32cubeide_2.0.0_2/plugins/com.st.stm32cube.ide.mcu.externaltools.gnu-tools-for-stm32.13.3.rel1.linux64_1.0.100.202509120712/tools/bin/../lib/gcc/arm-none-eabi/13.3.1/../../../../arm-none-eabi/lib/thumb/v7e-m+dp/hard/libc_nano.a(libc_a-lseekr.o)
                0x0800a1b4                _lseek_r
 .text._read_r  0x0800a1d8       0x24 /home/maria/st/stm32cubeide_2.0.0_2/plugins/com.st.stm32cube.ide.mcu.externaltools.gnu-tools-for-stm32.13.3.rel1.linux64_1.0.100.202509120712/tools/bin/../lib/gcc/arm-none-eabi/13.3.1/../../../../arm-none-eabi/lib/thumb/v7e-m+dp/hard/libc_nano.a(libc_a-readr.o)
                0x0800a1d8                _read_r
 .text._write_r
                0x0800a1fc       0x24 /home/maria/st/stm32cubeide_2.0.0_2/plugins/com.st.stm32cube.ide.mcu.externaltools.gnu-tools-for-stm32.13.3.rel1.linux64_1.0.100.202509120712/tools/bin/../lib/gcc/arm-none-eabi/13.3.1/../../../../arm-none-eabi/lib/thumb/v7e-m+dp/hard/libc_nano.a(libc_a-writer.o)
                0x0800a1fc                _write_r
 .text.__errno  0x0800a220        0xc /home/maria/st/stm32cubeide_2.0.0_2/plugins/com.st.stm32cube.ide.mcu.externaltools.gnu-tools-for-stm32.13.3.rel1.linux64_1.0.100.202509120712/tools/bin/../lib/gcc/arm-none-eabi/13.3.1/../../../../arm-none-eabi/lib/thumb/v7e-m+dp/hard/libc_nano.a(libc_a-errno.o)
                0x0800a220                __errno
 .text.__libc_init_array
                0x0800a22c       0x48 /home/maria/st/stm32cubeide_2.0.0_2/plugins/com.st.stm32cube.ide.mcu.externaltools.gnu-tools-for-stm32.13.3.rel1.linux64_1.0.100.202509120712/tools/bin/../lib/gcc/arm-none-eabi/13.3.1/../../../../arm-none-eabi/lib/thumb/v7e-m+dp/hard/libc_nano.a(libc_a-init.o)
                0x0800a22c                __libc_init_array
 .text.__retarget_lock_init_recursive
                0x0800a274        0x2 /home/maria/st/stm32cubeide_2.0.0_2/plugins/com.st.stm32cube.ide.mcu.externaltools.gnu-tools-for-stm32.13.3.rel1.linux64_1.0.100.202509120712/tools/bin/../lib/gcc/arm-none-eabi/13.3.1/../../../../arm-none-eabi/lib/thumb/v7e-m+dp/hard/libc_nano.a(libc_a-lock.o)
                0x0800a274                __retarget_lock_init_recursive
 .text.__retarget_lock_acquire_recursive
                0x0800a276        0x2 /home/maria/st/stm32cubeide_2.0.0_2/plugins/com.st.stm32cube.ide.mcu.externaltools.gnu-tools-for-stm32.13.3.rel1.linux64_1.0.100.202509120712/tools/bin/../lib/gcc/arm-none-eabi/13.3.1/../../../../arm-none-eabi/lib/thumb/v7e-m+dp/hard/libc_nano.a(libc_a-lock.o)
                0x0800a276                __retarget_lock_acquire_recursive
 .text.__retarget_lock_release_recursive
                0x0800a278        0x2 /home/maria/st/stm32cubeide_2.0.0_2/plugins/com.st.stm32cube.ide.mcu.externaltools.gnu-tools-for-stm32.13.3.rel1.linux64_1.0.100.202509120712/tools/bin/../lib/gcc/arm-none-eabi/13.3.1/../../../../arm-none-eabi/lib/thumb/v7e-m+dp/hard/libc_nano.a(libc_a-lock.o)
                0x0800a278                __retarget_lock_release_recursive
 .text.memcpy   0x0800a27a       0x1c /home/maria/st/stm32cubeide_2.0.0_2/plugins/com.st.stm32cube.ide.mcu.externaltools.gnu-tools-for-stm32.13.3.rel1.linux64_1.0.100.202509120712/tools/bin/../lib/gcc/arm-none-eabi/13.3.1/../../../../arm-none-eabi/lib/thumb/v7e-m+dp/hard/libc_nano.a(libc_a-memcpy-stub.o)
                0x0800a27a                memcpy
 *fill*         0x0800a296        0x2 
 .text._free_r  0x0800a298       0x94 /home/maria/st/stm32cubeide_2.0.0_2/plugins/com.st.stm32cube.ide.mcu.externaltools.gnu-tools-for-stm32.13.3.rel1.linux64_1.0.100.202509120712/tools/bin/../lib/gcc/arm-none-eabi/13.3.1/../../../../arm-none-eabi/lib/thumb/v7e-m+dp/hard/libc_nano.a(libc_a-freer.o)
                0x0800a298                _free_r
 .text.sbrk_aligned
                0x0800a32c       0x44 /home/maria/st/stm32cubeide_2.0.0_2/plugins/com.st.stm32cube.ide.mcu.externaltools.gnu-tools-for-stm32.13.3.rel1.linux64_1.0.100.202509120712/tools/bin/../lib/gcc/arm-none-eabi/13.3.1/../../../../arm-none-eabi/lib/thumb/v7e-m+dp/hard/libc_nano.a(libc_a-mallocr.o)
 .text._malloc_r
                0x0800a370      0x100 /home/maria/st/stm32cubeide_2.0.0_2/plugins/com.st.stm32cube.ide.mcu.externaltools.gnu-tools-for-stm32.13.3.rel1.linux64_1.0.100.202509120712/tools/bin/../lib/gcc/arm-none-eabi/13.3.1/../../../../arm-none-eabi/lib/thumb/v7e-m+dp/hard/libc_nano.a(libc_a-mallocr.o)
                0x0800a370                _malloc_r
 .text.__malloc_lock
                0x0800a470        0xc /home/maria/st/stm32cubeide_2.0.0_2/plugins/com.st.stm32cube.ide.mcu.externaltools.gnu-tools-for-stm32.13.3.rel1.linux64_1.0.100.202509120712/tools/bin/../lib/gcc/arm-none-eabi/13.3.1/../../../../arm-none-eabi/lib/thumb/v7e-m+dp/hard/libc_nano.a(libc_a-mlock.o)
                0x0800a470                __malloc_lock
 .text.__malloc_unlock
                0x0800a47c        0xc /home/maria/st/stm32cubeide_2.0.0_2/plugins/com.st.stm32cube.ide.mcu.externaltools.gnu-tools-for-stm32.13.3.rel1.linux64_1.0.100.202509120712/tools/bin/../lib/gcc/arm-none-eabi/13.3.1/../../../../arm-none-eabi/lib/thumb/v7e-m+dp/hard/libc_nano.a(libc_a-mlock.o)
                0x0800a47c                __malloc_unlock
 .text.__sfputc_r
                0x0800a488       0x2e /home/maria/st/stm32cubeide_2.0.0_2/plugins/com.st.stm32cube.ide.mcu.externaltools.gnu-tools-for-stm32.13.3.rel1.linux64_1.0.100.202509120712/tools/bin/../lib/gcc/arm-none-eabi/13.3.1/../../../../arm-none-eabi/lib/thumb/v7e-m+dp/hard/libc_nano.a(libc_a-nano-vfprintf.o)
 .text.__sfputs_r
                0x0800a4b6       0x24 /home/maria/st/stm32cubeide_2.0.0_2/plugins/com.st.stm32cube.ide.mcu.externaltools.gnu-tools-for-stm32.13.3.rel1.linux64_1.0.100.202509120712/tools/bin/../lib/gcc/arm-none-eabi/13.3.1/../../../../arm-none-eabi/lib/thumb/v7e-m+dp/hard/libc_nano.a(libc_a-nano-vfprintf.o)
                0x0800a4b6                __sfputs_r
 *fill*         0x0800a4da        0x2 
 .text._vfprintf_r
                0x0800a4dc      0x230 /home/maria/st/stm32cubeide_2.0.0_2/plugins/com.st.stm32cube.ide.mcu.externaltools.gnu-tools-for-stm32.13.3.rel1.linux64_1.0.100.202509120712/tools/bin/../lib/gcc/arm-none-eabi/13.3.1/../../../../arm-none-eabi/lib/thumb/v7e-m+dp/hard/libc_nano.a(libc_a-nano-vfprintf.o)
                0x0800a4dc                _vfiprintf_r
                0x0800a4dc                _vfprintf_r
 .text._printf_common
                0x0800a70c       0xda /home/maria/st/stm32cubeide_2.0.0_2/plugins/com.st.stm32cube.ide.mcu.externaltools.gnu-tools-for-stm32.13.3.rel1.linux64_1.0.100.202509120712/tools/bin/../lib/gcc/arm-none-eabi/13.3.1/../../../../arm-none-eabi/lib/thumb/v7e-m+dp/hard/libc_nano.a(libc_a-nano-vfprintf_i.o)
                0x0800a70c                _printf_common
 *fill*         0x0800a7e6        0x2 
 .text._printf_i
                0x0800a7e8      0x23c /home/maria/st/stm32cubeide_2.0.0_2/plugins/com.st.stm32cube.ide.mcu.externaltools.gnu-tools-for-stm32.13.3.rel1.linux64_1.0.100.202509120712/tools/bin/../lib/gcc/arm-none-eabi/13.3.1/../../../../arm-none-eabi/lib/thumb/v7e-m+dp/hard/libc_nano.a(libc_a-nano-vfprintf_i.o)
                0x0800a7e8                _printf_i
 .text.__sflush_r
                0x0800aa24      0x108 /home/maria/st/stm32cubeide_2.0.0_2/plugins/com.st.stm32cube.ide.mcu.externaltools.gnu-tools-for-stm32.13.3.rel1.linux64_1.0.100.202509120712/tools/bin/../lib/gcc/arm-none-eabi/13.3.1/../../../../arm-none-eabi/lib/thumb/v7e-m+dp/hard/libc_nano.a(libc_a-fflush.o)
                0x0800aa24                __sflush_r
 .text._fflush_r
                0x0800ab2c       0x50 /home/maria/st/stm32cubeide_2.0.0_2/plugins/com.st.stm32cube.ide.mcu.externaltools.gnu-tools-for-stm32.13.3.rel1.linux64_1.0.100.202509120712/tools/bin/../lib/gcc/arm-none-eabi/13.3.1/../../../../arm-none-eabi/lib/thumb/v7e-m+dp/hard/libc_nano.a(libc_a-fflush.o)
                0x0800ab2c                _fflush_r
 .text.__swbuf_r
                0x0800ab7c       0x7c /home/maria/st/stm32cubeide_2.0.0_2/plugins/com.st.stm32cube.ide.mcu.externaltools.gnu-tools-for-stm32.13.3.rel1.linux64_1.0.100.202509120712/tools/bin/../lib/gcc/arm-none-eabi/13.3.1/../../../../arm-none-eabi/lib/thumb/v7e-m+dp/hard/libc_nano.a(libc_a-wbuf.o)
                0x0800ab7c                __swbuf_r
 .text.__swsetup_r
                0x0800abf8       0xac /home/maria/st/stm32cubeide_2.0.0_2/plugins/com.st.stm32cube.ide.mcu.externaltools.gnu-tools-for-stm32.13.3.rel1.linux64_1.0.100.202509120712/tools/bin/../lib/gcc/arm-none-eabi/13.3.1/../../../../arm-none-eabi/lib/thumb/v7e-m+dp/hard/libc_nano.a(libc_a-wsetup.o)
                0x0800abf8                __swsetup_r
 .text._sbrk_r  0x0800aca4       0x20 /home/maria/st/stm32cubeide_2.0.0_2/plugins/com.st.stm32cube.ide.mcu.externaltools.gnu-tools-for-stm32.13.3.rel1.linux64_1.0.100.202509120712/tools/bin/../lib/gcc/arm-none-eabi/13.3.1/../../../../arm-none-eabi/lib/thumb/v7e-m+dp/hard/libc_nano.a(libc_a-sbrkr.o)
                0x0800aca4                _sbrk_r
 .text.__swhatbuf_r
                0x0800acc4       0x4c /home/maria/st/stm32cubeide_2.0.0_2/plugins/com.st.stm32cube.ide.mcu.externaltools.gnu-tools-for-stm32.13.3.rel1.linux64_1.0.100.202509120712/tools/bin/../lib/gcc/arm-none-eabi/13.3.1/../../../../arm-none-eabi/lib/thumb/v7e-m+dp/hard/libc_nano.a(libc_a-makebuf.o)
                0x0800acc4                __swhatbuf_r
 .text.__smakebuf_r
                0x0800ad10       0x78 /home/maria/st/stm32cubeide_2.0.0_2/plugins/com.st.stm32cube.ide.mcu.externaltools.gnu-tools-for-stm32.13.3.rel1.linux64_1.0.100.202509120712/tools/bin/../lib/gcc/arm-none-eabi/13.3.1/../../../../arm-none-eabi/lib/thumb/v7e-m+dp/hard/libc_nano.a(libc_a-makebuf.o)
                0x0800ad10                __smakebuf_r
 .text._fstat_r
                0x0800ad88       0x24 /home/maria/st/stm32cubeide_2.0.0_2/plugins/com.st.stm32cube.ide.mcu.externaltools.gnu-tools-for-stm32.13.3.rel1.linux64_1.0.100.202509120712/tools/bin/../lib/gcc/arm-none-eabi/13.3.1/../../../../arm-none-eabi/lib/thumb/v7e-m+dp/hard/libc_nano.a(libc_a-fstatr.o)
                0x0800ad88                _fstat_r
 .text._isatty_r
                0x0800adac       0x20 /home/maria/st/stm32cubeide_2.0.0_2/plugins/com.st.stm32cube.ide.mcu.externaltools.gnu-tools-for-stm32.13.3.rel1.linux64_1.0.100.202509120712/tools/bin/../lib/gcc/arm-none-eabi/13.3.1/../../../../arm-none-eabi/lib/thumb/v7e-m+dp/hard/libc_nano.a(libc_a-isattyr.o)
                0x0800adac                _isatty_r
 *(.glue_7)
 .glue_7        0x0800adcc        0x0 linker stubs
 *(.glue_7t)
 .glue_7t       0x0800adcc        0x0 linker stubs
 *(.eh_frame)
 .eh_frame      0x0800adcc        0x0 /home/maria/st/stm32cubeide_2.0.0_2/plugins/com.st.stm32cube.ide.mcu.externaltools.gnu-tools-for-stm32.13.3.rel1.linux64_1.0.100.202509120712/tools/bin/../lib/gcc/arm-none-eabi/13.3.1/thumb/v7e-m+dp/hard/crtbegin.o
 *(.init)
 .init          0x0800adcc        0x4 /home/maria/st/stm32cubeide_2.0.0_2/plugins/com.st.stm32cube.ide.mcu.externaltools.gnu-tools-for-stm32.13.3.rel1.linux64_1.0.100.202509120712/tools/bin/../lib/gcc/arm-none-eabi/13.3.1/thumb/v7e-m+dp/hard/crti.o
                0x0800adcc                _init
 .init          0x0800add0        0x8 /home/maria/st/stm32cubeide_2.0.0_2/plugins/com.st.stm32cube.ide.mcu.externaltools.gnu-tools-for-stm32.13.3.rel1.linux64_1.0.100.202509120712/tools/bin/../lib/gcc/arm-none-eabi/13.3.1/thumb/v7e-m+dp/hard/crtn.o
 *(.fini)
 .fini          0x0800add8        0x4 /home/maria/st/stm32cubeide_2.0.0_2/plugins/com.st.stm32cube.ide.mcu.externaltools.gnu-tools-for-stm32.13.3.rel1.linux64_1.0.100.202509120712/tools/bin/../lib/gcc/arm-none-eabi/13.3.1/thumb/v7e-m+dp/hard/crti.o
                0x0800add8                _fini
 .fini          0x0800addc        0x8 /home/maria/st/stm32cubeide_2.0.0_2/plugins/com.st.stm32cube.ide.mcu.externaltools.gnu-tools-for-stm32.13.3.rel1.linux64_1.0.100.202509120712/tools/bin/../lib/gcc/arm-none-eabi/13.3.1/thumb/v7e-m+dp/hard/crtn.o
                0x0800ade4                        . = ALIGN (0x4)
                0x0800ade4                        _etext = .

.vfp11_veneer   0x0800ade4        0x0
 .vfp11_veneer  0x0800ade4        0x0 linker stubs

.v4_bx          0x0800ade4        0x0
 .v4_bx         0x0800ade4        0x0 linker stubs

.iplt           0x0800ade4        0x0
 .iplt          0x0800ade4        0x0 /home/maria/st/stm32cubeide_2.0.0_2/plugins/com.st.stm32cube.ide.mcu.externaltools.gnu-tools-for-stm32.13.3.rel1.linux64_1.0.100.202509120712/tools/bin/../lib/gcc/arm-none-eabi/13.3.1/thumb/v7e-m+dp/hard/crtbegin.o

.rodata         0x0800ade4       0xf8
                0x0800ade4                        . = ALIGN (0x4)
 *(.rodata)
 .rodata        0x0800ade4       0x4e ./Core/Src/main.o
 *fill*         0x0800ae32        0x2 
 .rodata        0x0800ae34        0x8 ./Drivers/STM32H7RSxx_HAL_Driver/stm32h7rsxx_hal_rcc.o
 .rodata        0x0800ae3c       0x2a ./Middlewares/ST/STM32_ExtMem_Manager/stm32_sfdp_data.o
 *(.rodata*)
 *fill*         0x0800ae66        0x2 
 .rodata.UARTPrescTable
                0x0800ae68       0x18 ./Drivers/STM32H7RSxx_HAL_Driver/stm32h7rsxx_hal_uart.o
                0x0800ae68                UARTPrescTable
 .rodata.numerator.1
                0x0800ae80        0x8 ./Drivers/STM32H7RSxx_HAL_Driver/stm32h7rsxx_hal_uart_ex.o
 .rodata.denominator.0
                0x0800ae88        0x8 ./Drivers/STM32H7RSxx_HAL_Driver/stm32h7rsxx_hal_uart_ex.o
 .rodata.block_erase_unit.1
                0x0800ae90        0x8 ./Middlewares/ST/STM32_ExtMem_Manager/stm32_sfdp_data.o
 .rodata.chip_erase_unit.0
                0x0800ae98       0x10 ./Middlewares/ST/STM32_ExtMem_Manager/stm32_sfdp_data.o
 .rodata._vfprintf_r.str1.1
                0x0800aea8       0x33 /home/maria/st/stm32cubeide_2.0.0_2/plugins/com.st.stm32cube.ide.mcu.externaltools.gnu-tools-for-stm32.13.3.rel1.linux64_1.0.100.202509120712/tools/bin/../lib/gcc/arm-none-eabi/13.3.1/../../../../arm-none-eabi/lib/thumb/v7e-m+dp/hard/libc_nano.a(libc_a-nano-vfprintf.o)
                                 0x11 (size before relaxing)
 .rodata._printf_i.str1.1
                0x0800aedb        0x0 /home/maria/st/stm32cubeide_2.0.0_2/plugins/com.st.stm32cube.ide.mcu.externaltools.gnu-tools-for-stm32.13.3.rel1.linux64_1.0.100.202509120712/tools/bin/../lib/gcc/arm-none-eabi/13.3.1/../../../../arm-none-eabi/lib/thumb/v7e-m+dp/hard/libc_nano.a(libc_a-nano-vfprintf_i.o)
                                 0x22 (size before relaxing)
                0x0800aedc                        . = ALIGN (0x4)
 *fill*         0x0800aedb        0x1 

.ARM.extab      0x0800aedc        0x0
                0x0800aedc                        . = ALIGN (0x4)
 *(.ARM.extab* .gnu.linkonce.armextab.*)
                0x0800aedc                        . = ALIGN (0x4)

.ARM            0x0800aedc        0x8
                0x0800aedc                        . = ALIGN (0x4)
                0x0800aedc                        __exidx_start = .
 *(.ARM.exidx*)
 .ARM.exidx     0x0800aedc        0x8 /home/maria/st/stm32cubeide_2.0.0_2/plugins/com.st.stm32cube.ide.mcu.externaltools.gnu-tools-for-stm32.13.3.rel1.linux64_1.0.100.202509120712/tools/bin/../lib/gcc/arm-none-eabi/13.3.1/../../../../arm-none-eabi/lib/thumb/v7e-m+dp/hard/libc_nano.a(libc_a-memchr.o)
 .ARM.exidx     0x0800aee4        0x0 /home/maria/st/stm32cubeide_2.0.0_2/plugins/com.st.stm32cube.ide.mcu.externaltools.gnu-tools-for-stm32.13.3.rel1.linux64_1.0.100.202509120712/tools/bin/../lib/gcc/arm-none-eabi/13.3.1/thumb/v7e-m+dp/hard/libgcc.a(_udivmoddi4.o)
                                  0x8 (size before relaxing)
                0x0800aee4                        __exidx_end = .
                0x0800aee4                        . = ALIGN (0x4)

.preinit_array  0x0800aee4        0x0
                0x0800aee4                        . = ALIGN (0x4)
                0x0800aee4                        PROVIDE (__preinit_array_start = .)
 *(.preinit_array*)
                0x0800aee4                        PROVIDE (__preinit_array_end = .)
                0x0800aee4                        . = ALIGN (0x4)

.init_array     0x0800aee4        0x4
                0x0800aee4                        . = ALIGN (0x4)
                0x0800aee4                        PROVIDE (__init_array_start = .)
 *(SORT_BY_NAME(.init_array.*))
 *(.init_array*)
 .init_array    0x0800aee4        0x4 /home/maria/st/stm32cubeide_2.0.0_2/plugins/com.st.stm32cube.ide.mcu.externaltools.gnu-tools-for-stm32.13.3.rel1.linux64_1.0.100.202509120712/tools/bin/../lib/gcc/arm-none-eabi/13.3.1/thumb/v7e-m+dp/hard/crtbegin.o
                0x0800aee8                        PROVIDE (__init_array_end = .)
                0x0800aee8                        . = ALIGN (0x4)

.fini_array     0x0800aee8        0x4
                0x0800aee8                        . = ALIGN (0x4)
                [!provide]                        PROVIDE (__fini_array_start = .)
 *(SORT_BY_NAME(.fini_array.*))
 *(.fini_array*)
 .fini_array    0x0800aee8        0x4 /home/maria/st/stm32cubeide_2.0.0_2/plugins/com.st.stm32cube.ide.mcu.externaltools.gnu-tools-for-stm32.13.3.rel1.linux64_1.0.100.202509120712/tools/bin/../lib/gcc/arm-none-eabi/13.3.1/thumb/v7e-m+dp/hard/crtbegin.o
                [!provide]                        PROVIDE (__fini_array_end = .)
                0x0800aeec                        . = ALIGN (0x4)
                0x0800aeec                        _sidata = LOADADDR (.data)

.rel.dyn        0x0800aeec        0x0
 .rel.iplt      0x0800aeec        0x0 /home/maria/st/stm32cubeide_2.0.0_2/plugins/com.st.stm32cube.ide.mcu.externaltools.gnu-tools-for-stm32.13.3.rel1.linux64_1.0.100.202509120712/tools/bin/../lib/gcc/arm-none-eabi/13.3.1/thumb/v7e-m+dp/hard/crtbegin.o

.data           0x24000000       0x90 load address 0x0800aeec
                0x24000000                        . = ALIGN (0x4)
                0x24000000                        _sdata = .
 *(.data)
 *(.data*)
 .data.BspButtonState
                0x24000000        0x4 ./Core/Src/main.o
                0x24000000                BspButtonState
 .data.SystemCoreClock
                0x24000004        0x4 ./Core/Src/system_stm32h7rsxx.o
                0x24000004                SystemCoreClock
 .data.LED_PIN  0x24000008        0x6 ./Drivers/BSP/STM32H7xx_Nucleo/stm32h7rsxx_nucleo.o
 *fill*         0x2400000e        0x2 
 .data.LED_PORT
                0x24000010        0xc ./Drivers/BSP/STM32H7xx_Nucleo/stm32h7rsxx_nucleo.o
 .data.BUTTON_PIN
                0x2400001c        0x2 ./Drivers/BSP/STM32H7xx_Nucleo/stm32h7rsxx_nucleo.o
 *fill*         0x2400001e        0x2 
 .data.BUTTON_PORT
                0x24000020        0x4 ./Drivers/BSP/STM32H7xx_Nucleo/stm32h7rsxx_nucleo.o
 .data.BUTTON_IRQn
                0x24000024        0x2 ./Drivers/BSP/STM32H7xx_Nucleo/stm32h7rsxx_nucleo.o
 *fill*         0x24000026        0x2 
 .data.COM_UART
                0x24000028        0x4 ./Drivers/BSP/STM32H7xx_Nucleo/stm32h7rsxx_nucleo.o
 .data.uwTickPrio
                0x2400002c        0x4 ./Drivers/STM32H7RSxx_HAL_Driver/stm32h7rsxx_hal.o
                0x2400002c                uwTickPrio
 .data.uwTickFreq
                0x24000030        0x1 ./Drivers/STM32H7RSxx_HAL_Driver/stm32h7rsxx_hal.o
                0x24000030                uwTickFreq
 *fill*         0x24000031        0x3 
 .data.__sglue  0x24000034        0xc /home/maria/st/stm32cubeide_2.0.0_2/plugins/com.st.stm32cube.ide.mcu.externaltools.gnu-tools-for-stm32.13.3.rel1.linux64_1.0.100.202509120712/tools/bin/../lib/gcc/arm-none-eabi/13.3.1/../../../../arm-none-eabi/lib/thumb/v7e-m+dp/hard/libc_nano.a(libc_a-findfp.o)
                0x24000034                __sglue
 .data._impure_ptr
                0x24000040        0x4 /home/maria/st/stm32cubeide_2.0.0_2/plugins/com.st.stm32cube.ide.mcu.externaltools.gnu-tools-for-stm32.13.3.rel1.linux64_1.0.100.202509120712/tools/bin/../lib/gcc/arm-none-eabi/13.3.1/../../../../arm-none-eabi/lib/thumb/v7e-m+dp/hard/libc_nano.a(libc_a-impure.o)
                0x24000040                _impure_ptr
 .data._impure_data
                0x24000044       0x4c /home/maria/st/stm32cubeide_2.0.0_2/plugins/com.st.stm32cube.ide.mcu.externaltools.gnu-tools-for-stm32.13.3.rel1.linux64_1.0.100.202509120712/tools/bin/../lib/gcc/arm-none-eabi/13.3.1/../../../../arm-none-eabi/lib/thumb/v7e-m+dp/hard/libc_nano.a(libc_a-impure.o)
                0x24000044                _impure_data
 *(.RamFunc)
 *(.RamFunc*)
                0x24000090                        . = ALIGN (0x4)
                0x24000090                        _edata = .

.igot.plt       0x24000090        0x0 load address 0x0800af7c
 .igot.plt      0x24000090        0x0 /home/maria/st/stm32cubeide_2.0.0_2/plugins/com.st.stm32cube.ide.mcu.externaltools.gnu-tools-for-stm32.13.3.rel1.linux64_1.0.100.202509120712/tools/bin/../lib/gcc/arm-none-eabi/13.3.1/thumb/v7e-m+dp/hard/crtbegin.o
                0x24000090                        . = ALIGN (0x4)

.bss            0x24000090      0x548 load address 0x0800af7c
                0x24000090                        _sbss = .
                0x24000090                        __bss_start__ = _sbss
 *(.bss)
 .bss           0x24000090       0x1c /home/maria/st/stm32cubeide_2.0.0_2/plugins/com.st.stm32cube.ide.mcu.externaltools.gnu-tools-for-stm32.13.3.rel1.linux64_1.0.100.202509120712/tools/bin/../lib/gcc/arm-none-eabi/13.3.1/thumb/v7e-m+dp/hard/crtbegin.o
 *(.bss*)
 .bss.BspCOMInit
                0x240000ac       0x10 ./Core/Src/main.o
                0x240000ac                BspCOMInit
 .bss.huart1    0x240000bc       0x94 ./Core/Src/main.o
                0x240000bc                huart1
 .bss.hxspi1    0x24000150       0x60 ./Core/Src/main.o
                0x24000150                hxspi1
 .bss.__sbrk_heap_end
                0x240001b0        0x4 ./Core/Src/sysmem.o
 .bss.hcom_uart
                0x240001b4       0x94 ./Drivers/BSP/STM32H7xx_Nucleo/stm32h7rsxx_nucleo.o
                0x240001b4                hcom_uart
 .bss.hpb_exti  0x24000248        0x8 ./Drivers/BSP/STM32H7xx_Nucleo/stm32h7rsxx_nucleo.o
 .bss.COM_ActiveLogPort
                0x24000250        0x1 ./Drivers/BSP/STM32H7xx_Nucleo/stm32h7rsxx_nucleo.o
 *fill*         0x24000251        0x3 
 .bss.uwTick    0x24000254        0x4 ./Drivers/STM32H7RSxx_HAL_Driver/stm32h7rsxx_hal.o
                0x24000254                uwTick
 .bss.extmem_list_config
                0x24000258       0xac ./Middlewares/ST/STM32_ExtMem_Manager/stm32_extmem.o
                0x24000258                extmem_list_config
 .bss.sfdp_param_info
                0x24000304       0x78 ./Middlewares/ST/STM32_ExtMem_Manager/stm32_sfdp_data.o
 .bss.JEDEC_Basic
                0x2400037c       0x60 ./Middlewares/ST/STM32_ExtMem_Manager/stm32_sfdp_data.o
 .bss.JEDEC_Address4Bytes
                0x240003dc        0x8 ./Middlewares/ST/STM32_ExtMem_Manager/stm32_sfdp_data.o
 .bss.JEDEC_XSPI10
                0x240003e4       0x18 ./Middlewares/ST/STM32_ExtMem_Manager/stm32_sfdp_data.o
 .bss.JEDEC_SCCR_Map
                0x240003fc       0x70 ./Middlewares/ST/STM32_ExtMem_Manager/stm32_sfdp_data.o
 .bss.JEDEC_OctalDdr
                0x2400046c       0x20 ./Middlewares/ST/STM32_ExtMem_Manager/stm32_sfdp_data.o
 .bss.__sf      0x2400048c      0x138 /home/maria/st/stm32cubeide_2.0.0_2/plugins/com.st.stm32cube.ide.mcu.externaltools.gnu-tools-for-stm32.13.3.rel1.linux64_1.0.100.202509120712/tools/bin/../lib/gcc/arm-none-eabi/13.3.1/../../../../arm-none-eabi/lib/thumb/v7e-m+dp/hard/libc_nano.a(libc_a-findfp.o)
                0x2400048c                __sf
 .bss.__stdio_exit_handler
                0x240005c4        0x4 /home/maria/st/stm32cubeide_2.0.0_2/plugins/com.st.stm32cube.ide.mcu.externaltools.gnu-tools-for-stm32.13.3.rel1.linux64_1.0.100.202509120712/tools/bin/../lib/gcc/arm-none-eabi/13.3.1/../../../../arm-none-eabi/lib/thumb/v7e-m+dp/hard/libc_nano.a(libc_a-findfp.o)
                0x240005c4                __stdio_exit_handler
 .bss.errno     0x240005c8        0x4 /home/maria/st/stm32cubeide_2.0.0_2/plugins/com.st.stm32cube.ide.mcu.externaltools.gnu-tools-for-stm32.13.3.rel1.linux64_1.0.100.202509120712/tools/bin/../lib/gcc/arm-none-eabi/13.3.1/../../../../arm-none-eabi/lib/thumb/v7e-m+dp/hard/libc_nano.a(libc_a-reent.o)
                0x240005c8                errno
 .bss.__lock___malloc_recursive_mutex
                0x240005cc        0x1 /home/maria/st/stm32cubeide_2.0.0_2/plugins/com.st.stm32cube.ide.mcu.externaltools.gnu-tools-for-stm32.13.3.rel1.linux64_1.0.100.202509120712/tools/bin/../lib/gcc/arm-none-eabi/13.3.1/../../../../arm-none-eabi/lib/thumb/v7e-m+dp/hard/libc_nano.a(libc_a-lock.o)
                0x240005cc                __lock___malloc_recursive_mutex
 .bss.__lock___sfp_recursive_mutex
                0x240005cd        0x1 /home/maria/st/stm32cubeide_2.0.0_2/plugins/com.st.stm32cube.ide.mcu.externaltools.gnu-tools-for-stm32.13.3.rel1.linux64_1.0.100.202509120712/tools/bin/../lib/gcc/arm-none-eabi/13.3.1/../../../../arm-none-eabi/lib/thumb/v7e-m+dp/hard/libc_nano.a(libc_a-lock.o)
                0x240005cd                __lock___sfp_recursive_mutex
 *fill*         0x240005ce        0x2 
 .bss.__malloc_sbrk_start
                0x240005d0        0x4 /home/maria/st/stm32cubeide_2.0.0_2/plugins/com.st.stm32cube.ide.mcu.externaltools.gnu-tools-for-stm32.13.3.rel1.linux64_1.0.100.202509120712/tools/bin/../lib/gcc/arm-none-eabi/13.3.1/../../../../arm-none-eabi/lib/thumb/v7e-m+dp/hard/libc_nano.a(libc_a-mallocr.o)
                0x240005d0                __malloc_sbrk_start
 .bss.__malloc_free_list
                0x240005d4        0x4 /home/maria/st/stm32cubeide_2.0.0_2/plugins/com.st.stm32cube.ide.mcu.externaltools.gnu-tools-for-stm32.13.3.rel1.linux64_1.0.100.202509120712/tools/bin/../lib/gcc/arm-none-eabi/13.3.1/../../../../arm-none-eabi/lib/thumb/v7e-m+dp/hard/libc_nano.a(libc_a-mallocr.o)
                0x240005d4                __malloc_free_list
 *(COMMON)
                0x240005d8                        . = ALIGN (0x4)
                0x240005d8                        _ebss = .
                0x240005d8                        __bss_end__ = _ebss

RW_NONCACHEABLE
                0x24071c00        0x0
                0x24071c00                        __NONCACHEABLEBUFFER_BEGIN = .
 *(noncacheable_buffer)
                0x24071c00                        __NONCACHEABLEBUFFER_END = .

._user_heap_stack
                0x20000000      0x600
                0x20000000                        . = ALIGN (0x8)
                [!provide]                        PROVIDE (end = .)
                0x20000000                        PROVIDE (_end = .)
                0x20000200                        . = (. + _Min_Heap_Size)
 *fill*         0x20000000      0x200 
                0x20000600                        . = (. + _Min_Stack_Size)
 *fill*         0x20000200      0x400 
                0x20000600                        . = ALIGN (0x8)

/DISCARD/
 libc.a(*)
 libm.a(*)
 libgcc.a(*)

.ARM.attributes
                0x00000000       0x2e
 *(.ARM.attributes)
 .ARM.attributes
                0x00000000       0x20 /home/maria/st/stm32cubeide_2.0.0_2/plugins/com.st.stm32cube.ide.mcu.externaltools.gnu-tools-for-stm32.13.3.rel1.linux64_1.0.100.202509120712/tools/bin/../lib/gcc/arm-none-eabi/13.3.1/thumb/v7e-m+dp/hard/crti.o
 .ARM.attributes
                0x00000020       0x32 /home/maria/st/stm32cubeide_2.0.0_2/plugins/com.st.stm32cube.ide.mcu.externaltools.gnu-tools-for-stm32.13.3.rel1.linux64_1.0.100.202509120712/tools/bin/../lib/gcc/arm-none-eabi/13.3.1/thumb/v7e-m+dp/hard/crtbegin.o
 .ARM.attributes
                0x00000052       0x32 ./Core/Src/extmem_manager.o
 .ARM.attributes
                0x00000084       0x32 ./Core/Src/main.o
 .ARM.attributes
                0x000000b6       0x32 ./Core/Src/stm32h7rsxx_hal_msp.o
 .ARM.attributes
                0x000000e8       0x32 ./Core/Src/stm32h7rsxx_it.o
 .ARM.attributes
                0x0000011a       0x32 ./Core/Src/syscalls.o
 .ARM.attributes
                0x0000014c       0x32 ./Core/Src/sysmem.o
 .ARM.attributes
                0x0000017e       0x32 ./Core/Src/system_stm32h7rsxx.o
 .ARM.attributes
                0x000001b0       0x21 ./Core/Startup/startup_stm32h7s3l8hx.o
 .ARM.attributes
                0x000001d1       0x32 ./Drivers/BSP/STM32H7xx_Nucleo/stm32h7rsxx_nucleo.o
 .ARM.attributes
                0x00000203       0x32 ./Drivers/STM32H7RSxx_HAL_Driver/stm32h7rsxx_hal.o
 .ARM.attributes
                0x00000235       0x32 ./Drivers/STM32H7RSxx_HAL_Driver/stm32h7rsxx_hal_cortex.o
 .ARM.attributes
                0x00000267       0x32 ./Drivers/STM32H7RSxx_HAL_Driver/stm32h7rsxx_hal_dma.o
 .ARM.attributes
                0x00000299       0x32 ./Drivers/STM32H7RSxx_HAL_Driver/stm32h7rsxx_hal_exti.o
 .ARM.attributes
                0x000002cb       0x32 ./Drivers/STM32H7RSxx_HAL_Driver/stm32h7rsxx_hal_gpio.o
 .ARM.attributes
                0x000002fd       0x32 ./Drivers/STM32H7RSxx_HAL_Driver/stm32h7rsxx_hal_pwr_ex.o
 .ARM.attributes
                0x0000032f       0x32 ./Drivers/STM32H7RSxx_HAL_Driver/stm32h7rsxx_hal_rcc.o
 .ARM.attributes
                0x00000361       0x32 ./Drivers/STM32H7RSxx_HAL_Driver/stm32h7rsxx_hal_rcc_ex.o
 .ARM.attributes
                0x00000393       0x32 ./Drivers/STM32H7RSxx_HAL_Driver/stm32h7rsxx_hal_uart.o
 .ARM.attributes
                0x000003c5       0x32 ./Drivers/STM32H7RSxx_HAL_Driver/stm32h7rsxx_hal_uart_ex.o
 .ARM.attributes
                0x000003f7       0x32 ./Drivers/STM32H7RSxx_HAL_Driver/stm32h7rsxx_hal_xspi.o
 .ARM.attributes
                0x00000429       0x32 ./Middlewares/ST/STM32_ExtMem_Manager/stm32_extmem.o
 .ARM.attributes
                0x0000045b       0x32 ./Middlewares/ST/STM32_ExtMem_Manager/stm32_sal_xspi.o
 .ARM.attributes
                0x0000048d       0x32 ./Middlewares/ST/STM32_ExtMem_Manager/stm32_sfdp_data.o
 .ARM.attributes
                0x000004bf       0x32 ./Middlewares/ST/STM32_ExtMem_Manager/stm32_sfdp_driver.o
 .ARM.attributes
                0x000004f1       0x32 /home/maria/st/stm32cubeide_2.0.0_2/plugins/com.st.stm32cube.ide.mcu.externaltools.gnu-tools-for-stm32.13.3.rel1.linux64_1.0.100.202509120712/tools/bin/../lib/gcc/arm-none-eabi/13.3.1/../../../../arm-none-eabi/lib/thumb/v7e-m+dp/hard/libc_nano.a(libc_a-findfp.o)
 .ARM.attributes
                0x00000523       0x32 /home/maria/st/stm32cubeide_2.0.0_2/plugins/com.st.stm32cube.ide.mcu.externaltools.gnu-tools-for-stm32.13.3.rel1.linux64_1.0.100.202509120712/tools/bin/../lib/gcc/arm-none-eabi/13.3.1/../../../../arm-none-eabi/lib/thumb/v7e-m+dp/hard/libc_nano.a(libc_a-fwalk.o)
 .ARM.attributes
                0x00000555       0x32 /home/maria/st/stm32cubeide_2.0.0_2/plugins/com.st.stm32cube.ide.mcu.externaltools.gnu-tools-for-stm32.13.3.rel1.linux64_1.0.100.202509120712/tools/bin/../lib/gcc/arm-none-eabi/13.3.1/../../../../arm-none-eabi/lib/thumb/v7e-m+dp/hard/libc_nano.a(libc_a-printf.o)
 .ARM.attributes
                0x00000587       0x32 /home/maria/st/stm32cubeide_2.0.0_2/plugins/com.st.stm32cube.ide.mcu.externaltools.gnu-tools-for-stm32.13.3.rel1.linux64_1.0.100.202509120712/tools/bin/../lib/gcc/arm-none-eabi/13.3.1/../../../../arm-none-eabi/lib/thumb/v7e-m+dp/hard/libc_nano.a(libc_a-stdio.o)
 .ARM.attributes
                0x000005b9       0x32 /home/maria/st/stm32cubeide_2.0.0_2/plugins/com.st.stm32cube.ide.mcu.externaltools.gnu-tools-for-stm32.13.3.rel1.linux64_1.0.100.202509120712/tools/bin/../lib/gcc/arm-none-eabi/13.3.1/../../../../arm-none-eabi/lib/thumb/v7e-m+dp/hard/libc_nano.a(libc_a-memset.o)
 .ARM.attributes
                0x000005eb       0x32 /home/maria/st/stm32cubeide_2.0.0_2/plugins/com.st.stm32cube.ide.mcu.externaltools.gnu-tools-for-stm32.13.3.rel1.linux64_1.0.100.202509120712/tools/bin/../lib/gcc/arm-none-eabi/13.3.1/../../../../arm-none-eabi/lib/thumb/v7e-m+dp/hard/libc_nano.a(libc_a-closer.o)
 .ARM.attributes
                0x0000061d       0x32 /home/maria/st/stm32cubeide_2.0.0_2/plugins/com.st.stm32cube.ide.mcu.externaltools.gnu-tools-for-stm32.13.3.rel1.linux64_1.0.100.202509120712/tools/bin/../lib/gcc/arm-none-eabi/13.3.1/../../../../arm-none-eabi/lib/thumb/v7e-m+dp/hard/libc_nano.a(libc_a-reent.o)
 .ARM.attributes
                0x0000064f       0x32 /home/maria/st/stm32cubeide_2.0.0_2/plugins/com.st.stm32cube.ide.mcu.externaltools.gnu-tools-for-stm32.13.3.rel1.linux64_1.0.100.202509120712/tools/bin/../lib/gcc/arm-none-eabi/13.3.1/../../../../arm-none-eabi/lib/thumb/v7e-m+dp/hard/libc_nano.a(libc_a-impure.o)
 .ARM.attributes
                0x00000681       0x32 /home/maria/st/stm32cubeide_2.0.0_2/plugins/com.st.stm32cube.ide.mcu.externaltools.gnu-tools-for-stm32.13.3.rel1.linux64_1.0.100.202509120712/tools/bin/../lib/gcc/arm-none-eabi/13.3.1/../../../../arm-none-eabi/lib/thumb/v7e-m+dp/hard/libc_nano.a(libc_a-lseekr.o)
 .ARM.attributes
                0x000006b3       0x32 /home/maria/st/stm32cubeide_2.0.0_2/plugins/com.st.stm32cube.ide.mcu.externaltools.gnu-tools-for-stm32.13.3.rel1.linux64_1.0.100.202509120712/tools/bin/../lib/gcc/arm-none-eabi/13.3.1/../../../../arm-none-eabi/lib/thumb/v7e-m+dp/hard/libc_nano.a(libc_a-readr.o)
 .ARM.attributes
                0x000006e5       0x32 /home/maria/st/stm32cubeide_2.0.0_2/plugins/com.st.stm32cube.ide.mcu.externaltools.gnu-tools-for-stm32.13.3.rel1.linux64_1.0.100.202509120712/tools/bin/../lib/gcc/arm-none-eabi/13.3.1/../../../../arm-none-eabi/lib/thumb/v7e-m+dp/hard/libc_nano.a(libc_a-writer.o)
 .ARM.attributes
                0x00000717       0x32 /home/maria/st/stm32cubeide_2.0.0_2/plugins/com.st.stm32cube.ide.mcu.externaltools.gnu-tools-for-stm32.13.3.rel1.linux64_1.0.100.202509120712/tools/bin/../lib/gcc/arm-none-eabi/13.3.1/../../../../arm-none-eabi/lib/thumb/v7e-m+dp/hard/libc_nano.a(libc_a-errno.o)
 .ARM.attributes
                0x00000749       0x32 /home/maria/st/stm32cubeide_2.0.0_2/plugins/com.st.stm32cube.ide.mcu.externaltools.gnu-tools-for-stm32.13.3.rel1.linux64_1.0.100.202509120712/tools/bin/../lib/gcc/arm-none-eabi/13.3.1/../../../../arm-none-eabi/lib/thumb/v7e-m+dp/hard/libc_nano.a(libc_a-init.o)
 .ARM.attributes
                0x0000077b       0x32 /home/maria/st/stm32cubeide_2.0.0_2/plugins/com.st.stm32cube.ide.mcu.externaltools.gnu-tools-for-stm32.13.3.rel1.linux64_1.0.100.202509120712/tools/bin/../lib/gcc/arm-none-eabi/13.3.1/../../../../arm-none-eabi/lib/thumb/v7e-m+dp/hard/libc_nano.a(libc_a-lock.o)
 .ARM.attributes
                0x000007ad       0x32 /home/maria/st/stm32cubeide_2.0.0_2/plugins/com.st.stm32cube.ide.mcu.externaltools.gnu-tools-for-stm32.13.3.rel1.linux64_1.0.100.202509120712/tools/bin/../lib/gcc/arm-none-eabi/13.3.1/../../../../arm-none-eabi/lib/thumb/v7e-m+dp/hard/libc_nano.a(libc_a-memcpy-stub.o)
 .ARM.attributes
                0x000007df       0x32 /home/maria/st/stm32cubeide_2.0.0_2/plugins/com.st.stm32cube.ide.mcu.externaltools.gnu-tools-for-stm32.13.3.rel1.linux64_1.0.100.202509120712/tools/bin/../lib/gcc/arm-none-eabi/13.3.1/../../../../arm-none-eabi/lib/thumb/v7e-m+dp/hard/libc_nano.a(libc_a-freer.o)
 .ARM.attributes
                0x00000811       0x32 /home/maria/st/stm32cubeide_2.0.0_2/plugins/com.st.stm32cube.ide.mcu.externaltools.gnu-tools-for-stm32.13.3.rel1.linux64_1.0.100.202509120712/tools/bin/../lib/gcc/arm-none-eabi/13.3.1/../../../../arm-none-eabi/lib/thumb/v7e-m+dp/hard/libc_nano.a(libc_a-mallocr.o)
 .ARM.attributes
                0x00000843       0x32 /home/maria/st/stm32cubeide_2.0.0_2/plugins/com.st.stm32cube.ide.mcu.externaltools.gnu-tools-for-stm32.13.3.rel1.linux64_1.0.100.202509120712/tools/bin/../lib/gcc/arm-none-eabi/13.3.1/../../../../arm-none-eabi/lib/thumb/v7e-m+dp/hard/libc_nano.a(libc_a-mlock.o)
 .ARM.attributes
                0x00000875       0x32 /home/maria/st/stm32cubeide_2.0.0_2/plugins/com.st.stm32cube.ide.mcu.externaltools.gnu-tools-for-stm32.13.3.rel1.linux64_1.0.100.202509120712/tools/bin/../lib/gcc/arm-none-eabi/13.3.1/../../../../arm-none-eabi/lib/thumb/v7e-m+dp/hard/libc_nano.a(libc_a-nano-vfprintf.o)
 .ARM.attributes
                0x000008a7       0x32 /home/maria/st/stm32cubeide_2.0.0_2/plugins/com.st.stm32cube.ide.mcu.externaltools.gnu-tools-for-stm32.13.3.rel1.linux64_1.0.100.202509120712/tools/bin/../lib/gcc/arm-none-eabi/13.3.1/../../../../arm-none-eabi/lib/thumb/v7e-m+dp/hard/libc_nano.a(libc_a-nano-vfprintf_i.o)
 .ARM.attributes
                0x000008d9       0x32 /home/maria/st/stm32cubeide_2.0.0_2/plugins/com.st.stm32cube.ide.mcu.externaltools.gnu-tools-for-stm32.13.3.rel1.linux64_1.0.100.202509120712/tools/bin/../lib/gcc/arm-none-eabi/13.3.1/../../../../arm-none-eabi/lib/thumb/v7e-m+dp/hard/libc_nano.a(libc_a-fflush.o)
 .ARM.attributes
                0x0000090b       0x32 /home/maria/st/stm32cubeide_2.0.0_2/plugins/com.st.stm32cube.ide.mcu.externaltools.gnu-tools-for-stm32.13.3.rel1.linux64_1.0.100.202509120712/tools/bin/../lib/gcc/arm-none-eabi/13.3.1/../../../../arm-none-eabi/lib/thumb/v7e-m+dp/hard/libc_nano.a(libc_a-wbuf.o)
 .ARM.attributes
                0x0000093d       0x32 /home/maria/st/stm32cubeide_2.0.0_2/plugins/com.st.stm32cube.ide.mcu.externaltools.gnu-tools-for-stm32.13.3.rel1.linux64_1.0.100.202509120712/tools/bin/../lib/gcc/arm-none-eabi/13.3.1/../../../../arm-none-eabi/lib/thumb/v7e-m+dp/hard/libc_nano.a(libc_a-wsetup.o)
 .ARM.attributes
                0x0000096f       0x32 /home/maria/st/stm32cubeide_2.0.0_2/plugins/com.st.stm32cube.ide.mcu.externaltools.gnu-tools-for-stm32.13.3.rel1.linux64_1.0.100.202509120712/tools/bin/../lib/gcc/arm-none-eabi/13.3.1/../../../../arm-none-eabi/lib/thumb/v7e-m+dp/hard/libc_nano.a(libc_a-sbrkr.o)
 .ARM.attributes
                0x000009a1       0x1c /home/maria/st/stm32cubeide_2.0.0_2/plugins/com.st.stm32cube.ide.mcu.externaltools.gnu-tools-for-stm32.13.3.rel1.linux64_1.0.100.202509120712/tools/bin/../lib/gcc/arm-none-eabi/13.3.1/../../../../arm-none-eabi/lib/thumb/v7e-m+dp/hard/libc_nano.a(libc_a-memchr.o)
 .ARM.attributes
                0x000009bd       0x32 /home/maria/st/stm32cubeide_2.0.0_2/plugins/com.st.stm32cube.ide.mcu.externaltools.gnu-tools-for-stm32.13.3.rel1.linux64_1.0.100.202509120712/tools/bin/../lib/gcc/arm-none-eabi/13.3.1/../../../../arm-none-eabi/lib/thumb/v7e-m+dp/hard/libc_nano.a(libc_a-makebuf.o)
 .ARM.attributes
                0x000009ef       0x32 /home/maria/st/stm32cubeide_2.0.0_2/plugins/com.st.stm32cube.ide.mcu.externaltools.gnu-tools-for-stm32.13.3.rel1.linux64_1.0.100.202509120712/tools/bin/../lib/gcc/arm-none-eabi/13.3.1/../../../../arm-none-eabi/lib/thumb/v7e-m+dp/hard/libc_nano.a(libc_a-fstatr.o)
 .ARM.attributes
                0x00000a21       0x32 /home/maria/st/stm32cubeide_2.0.0_2/plugins/com.st.stm32cube.ide.mcu.externaltools.gnu-tools-for-stm32.13.3.rel1.linux64_1.0.100.202509120712/tools/bin/../lib/gcc/arm-none-eabi/13.3.1/../../../../arm-none-eabi/lib/thumb/v7e-m+dp/hard/libc_nano.a(libc_a-isattyr.o)
 .ARM.attributes
                0x00000a53       0x20 /home/maria/st/stm32cubeide_2.0.0_2/plugins/com.st.stm32cube.ide.mcu.externaltools.gnu-tools-for-stm32.13.3.rel1.linux64_1.0.100.202509120712/tools/bin/../lib/gcc/arm-none-eabi/13.3.1/thumb/v7e-m+dp/hard/libgcc.a(_aeabi_uldivmod.o)
 .ARM.attributes
                0x00000a73       0x32 /home/maria/st/stm32cubeide_2.0.0_2/plugins/com.st.stm32cube.ide.mcu.externaltools.gnu-tools-for-stm32.13.3.rel1.linux64_1.0.100.202509120712/tools/bin/../lib/gcc/arm-none-eabi/13.3.1/thumb/v7e-m+dp/hard/libgcc.a(_udivmoddi4.o)
 .ARM.attributes
                0x00000aa5       0x20 /home/maria/st/stm32cubeide_2.0.0_2/plugins/com.st.stm32cube.ide.mcu.externaltools.gnu-tools-for-stm32.13.3.rel1.linux64_1.0.100.202509120712/tools/bin/../lib/gcc/arm-none-eabi/13.3.1/thumb/v7e-m+dp/hard/libgcc.a(_dvmd_tls.o)
 .ARM.attributes
                0x00000ac5       0x20 /home/maria/st/stm32cubeide_2.0.0_2/plugins/com.st.stm32cube.ide.mcu.externaltools.gnu-tools-for-stm32.13.3.rel1.linux64_1.0.100.202509120712/tools/bin/../lib/gcc/arm-none-eabi/13.3.1/thumb/v7e-m+dp/hard/crtn.o
OUTPUT(bootloader_Boot.elf elf32-littlearm)
LOAD linker stubs
LOAD /home/maria/st/stm32cubeide_2.0.0_2/plugins/com.st.stm32cube.ide.mcu.externaltools.gnu-tools-for-stm32.13.3.rel1.linux64_1.0.100.202509120712/tools/bin/../lib/gcc/arm-none-eabi/13.3.1/../../../../arm-none-eabi/lib/thumb/v7e-m+dp/hard/libc.a
LOAD /home/maria/st/stm32cubeide_2.0.0_2/plugins/com.st.stm32cube.ide.mcu.externaltools.gnu-tools-for-stm32.13.3.rel1.linux64_1.0.100.202509120712/tools/bin/../lib/gcc/arm-none-eabi/13.3.1/../../../../arm-none-eabi/lib/thumb/v7e-m+dp/hard/libm.a
LOAD /home/maria/st/stm32cubeide_2.0.0_2/plugins/com.st.stm32cube.ide.mcu.externaltools.gnu-tools-for-stm32.13.3.rel1.linux64_1.0.100.202509120712/tools/bin/../lib/gcc/arm-none-eabi/13.3.1/thumb/v7e-m+dp/hard/libgcc.a

.debug_info     0x00000000    0x1e44f
 .debug_info    0x00000000     0x1009 ./Core/Src/extmem_manager.o
 .debug_info    0x00001009     0x1f8a ./Core/Src/main.o
 .debug_info    0x00002f93     0x180a ./Core/Src/stm32h7rsxx_hal_msp.o
 .debug_info    0x0000479d      0x170 ./Core/Src/stm32h7rsxx_it.o
 .debug_info    0x0000490d      0x6a3 ./Core/Src/syscalls.o
 .debug_info    0x00004fb0      0x168 ./Core/Src/sysmem.o
 .debug_info    0x00005118      0x9bd ./Core/Src/system_stm32h7rsxx.o
 .debug_info    0x00005ad5       0x30 ./Core/Startup/startup_stm32h7s3l8hx.o
 .debug_info    0x00005b05     0x1c89 ./Drivers/BSP/STM32H7xx_Nucleo/stm32h7rsxx_nucleo.o
 .debug_info    0x0000778e     0x1915 ./Drivers/STM32H7RSxx_HAL_Driver/stm32h7rsxx_hal.o
 .debug_info    0x000090a3     0x1103 ./Drivers/STM32H7RSxx_HAL_Driver/stm32h7rsxx_hal_cortex.o
 .debug_info    0x0000a1a6      0xafb ./Drivers/STM32H7RSxx_HAL_Driver/stm32h7rsxx_hal_dma.o
 .debug_info    0x0000aca1      0x7ac ./Drivers/STM32H7RSxx_HAL_Driver/stm32h7rsxx_hal_exti.o
 .debug_info    0x0000b44d      0x702 ./Drivers/STM32H7RSxx_HAL_Driver/stm32h7rsxx_hal_gpio.o
 .debug_info    0x0000bb4f      0xb87 ./Drivers/STM32H7RSxx_HAL_Driver/stm32h7rsxx_hal_pwr_ex.o
 .debug_info    0x0000c6d6     0x1464 ./Drivers/STM32H7RSxx_HAL_Driver/stm32h7rsxx_hal_rcc.o
 .debug_info    0x0000db3a      0xd71 ./Drivers/STM32H7RSxx_HAL_Driver/stm32h7rsxx_hal_rcc_ex.o
 .debug_info    0x0000e8ab     0x4a5b ./Drivers/STM32H7RSxx_HAL_Driver/stm32h7rsxx_hal_uart.o
 .debug_info    0x00013306     0x10ed ./Drivers/STM32H7RSxx_HAL_Driver/stm32h7rsxx_hal_uart_ex.o
 .debug_info    0x000143f3     0x1c16 ./Drivers/STM32H7RSxx_HAL_Driver/stm32h7rsxx_hal_xspi.o
 .debug_info    0x00016009     0x14d3 ./Middlewares/ST/STM32_ExtMem_Manager/stm32_extmem.o
 .debug_info    0x000174dc     0x1650 ./Middlewares/ST/STM32_ExtMem_Manager/stm32_sal_xspi.o
 .debug_info    0x00018b2c     0x3b2d ./Middlewares/ST/STM32_ExtMem_Manager/stm32_sfdp_data.o
 .debug_info    0x0001c659     0x1df6 ./Middlewares/ST/STM32_ExtMem_Manager/stm32_sfdp_driver.o

.debug_abbrev   0x00000000     0x3735
 .debug_abbrev  0x00000000      0x215 ./Core/Src/extmem_manager.o
 .debug_abbrev  0x00000215      0x3cd ./Core/Src/main.o
 .debug_abbrev  0x000005e2      0x24a ./Core/Src/stm32h7rsxx_hal_msp.o
 .debug_abbrev  0x0000082c       0xbc ./Core/Src/stm32h7rsxx_it.o
 .debug_abbrev  0x000008e8      0x1b6 ./Core/Src/syscalls.o
 .debug_abbrev  0x00000a9e       0xbc ./Core/Src/sysmem.o
 .debug_abbrev  0x00000b5a      0x12e ./Core/Src/system_stm32h7rsxx.o
 .debug_abbrev  0x00000c88       0x24 ./Core/Startup/startup_stm32h7s3l8hx.o
 .debug_abbrev  0x00000cac      0x33d ./Drivers/BSP/STM32H7xx_Nucleo/stm32h7rsxx_nucleo.o
 .debug_abbrev  0x00000fe9      0x34a ./Drivers/STM32H7RSxx_HAL_Driver/stm32h7rsxx_hal.o
 .debug_abbrev  0x00001333      0x31f ./Drivers/STM32H7RSxx_HAL_Driver/stm32h7rsxx_hal_cortex.o
 .debug_abbrev  0x00001652      0x1dd ./Drivers/STM32H7RSxx_HAL_Driver/stm32h7rsxx_hal_dma.o
 .debug_abbrev  0x0000182f      0x1d1 ./Drivers/STM32H7RSxx_HAL_Driver/stm32h7rsxx_hal_exti.o
 .debug_abbrev  0x00001a00      0x1ec ./Drivers/STM32H7RSxx_HAL_Driver/stm32h7rsxx_hal_gpio.o
 .debug_abbrev  0x00001bec      0x250 ./Drivers/STM32H7RSxx_HAL_Driver/stm32h7rsxx_hal_pwr_ex.o
 .debug_abbrev  0x00001e3c      0x2df ./Drivers/STM32H7RSxx_HAL_Driver/stm32h7rsxx_hal_rcc.o
 .debug_abbrev  0x0000211b      0x24f ./Drivers/STM32H7RSxx_HAL_Driver/stm32h7rsxx_hal_rcc_ex.o
 .debug_abbrev  0x0000236a      0x338 ./Drivers/STM32H7RSxx_HAL_Driver/stm32h7rsxx_hal_uart.o
 .debug_abbrev  0x000026a2      0x2d4 ./Drivers/STM32H7RSxx_HAL_Driver/stm32h7rsxx_hal_uart_ex.o
 .debug_abbrev  0x00002976      0x2af ./Drivers/STM32H7RSxx_HAL_Driver/stm32h7rsxx_hal_xspi.o
 .debug_abbrev  0x00002c25      0x28b ./Middlewares/ST/STM32_ExtMem_Manager/stm32_extmem.o
 .debug_abbrev  0x00002eb0      0x268 ./Middlewares/ST/STM32_ExtMem_Manager/stm32_sal_xspi.o
 .debug_abbrev  0x00003118      0x2c0 ./Middlewares/ST/STM32_ExtMem_Manager/stm32_sfdp_data.o
 .debug_abbrev  0x000033d8      0x35d ./Middlewares/ST/STM32_ExtMem_Manager/stm32_sfdp_driver.o

.debug_aranges  0x00000000     0x1268
 .debug_aranges
                0x00000000       0x20 ./Core/Src/extmem_manager.o
 .debug_aranges
                0x00000020       0x70 ./Core/Src/main.o
 .debug_aranges
                0x00000090       0x40 ./Core/Src/stm32h7rsxx_hal_msp.o
 .debug_aranges
                0x000000d0       0x68 ./Core/Src/stm32h7rsxx_it.o
 .debug_aranges
                0x00000138       0xa8 ./Core/Src/syscalls.o
 .debug_aranges
                0x000001e0       0x20 ./Core/Src/sysmem.o
 .debug_aranges
                0x00000200       0x28 ./Core/Src/system_stm32h7rsxx.o
 .debug_aranges
                0x00000228       0x28 ./Core/Startup/startup_stm32h7s3l8hx.o
 .debug_aranges
                0x00000250       0xc8 ./Drivers/BSP/STM32H7xx_Nucleo/stm32h7rsxx_nucleo.o
 .debug_aranges
                0x00000318      0x250 ./Drivers/STM32H7RSxx_HAL_Driver/stm32h7rsxx_hal.o
 .debug_aranges
                0x00000568      0x130 ./Drivers/STM32H7RSxx_HAL_Driver/stm32h7rsxx_hal_cortex.o
 .debug_aranges
                0x00000698       0xa8 ./Drivers/STM32H7RSxx_HAL_Driver/stm32h7rsxx_hal_dma.o
 .debug_aranges