../Core/Src/main.c:87:5:main	16	static,ignoring_inline_asm
../Core/Src/main.c:174:5:verify_firmware	16	static
../Core/Src/main.c:182:6:jump_to_application	24	static,ignoring_inline_asm
../Core/Src/main.c:197:6:SystemClock_Config	200	static
../Core/Src/main.c:266:13:MX_SBS_Init	4	static
../Core/Src/main.c:287:13:MX_USART1_UART_Init	8	static
../Core/Src/main.c:335:13:MX_XSPI1_Init	24	static
../Core/Src/main.c:385:13:MX_GPIO_Init	24	static
../Core/Src/main.c:407:13:MPU_Config	32	static
../Core/Src/main.c:462:6:BSP_PB_Callback	16	static
../Core/Src/main.c:474:6:Error_Handler	4	static,ignoring_inline_asm
