Archive member included to satisfy reference by file (symbol)

/home/maria/st/stm32cubeide_2.0.0_2/plugins/com.st.stm32cube.ide.mcu.externaltools.gnu-tools-for-stm32.13.3.rel1.linux64_1.0.100.202509120712/tools/bin/../lib/gcc/arm-none-eabi/13.3.1/../../../../arm-none-eabi/lib/thumb/v7e-m+dp/hard/libc_nano.a(libc_a-exit.o)
                              /home/maria/st/stm32cubeide_2.0.0_2/plugins/com.st.stm32cube.ide.mcu.externaltools.gnu-tools-for-stm32.13.3.rel1.linux64_1.0.100.202509120712/tools/bin/../lib/gcc/arm-none-eabi/13.3.1/../../../../arm-none-eabi/lib/thumb/v7e-m+dp/hard/crt0.o (exit)
/home/maria/st/stm32cubeide_2.0.0_2/plugins/com.st.stm32cube.ide.mcu.externaltools.gnu-tools-for-stm32.13.3.rel1.linux64_1.0.100.202509120712/tools/bin/../lib/gcc/arm-none-eabi/13.3.1/../../../../arm-none-eabi/lib/thumb/v7e-m+dp/hard/libc_nano.a(libc_a-findfp.o)
                              /home/maria/st/stm32cubeide_2.0.0_2/plugins/com.st.stm32cube.ide.mcu.externaltools.gnu-tools-for-stm32.13.3.rel1.linux64_1.0.100.202509120712/tools/bin/../lib/gcc/arm-none-eabi/13.3.1/../../../../arm-none-eabi/lib/thumb/v7e-m+dp/hard/libc_nano.a(libc_a-exit.o) (__stdio_exit_handler)
/home/maria/st/stm32cubeide_2.0.0_2/plugins/com.st.stm32cube.ide.mcu.externaltools.gnu-tools-for-stm32.13.3.rel1.linux64_1.0.100.202509120712/tools/bin/../lib/gcc/arm-none-eabi/13.3.1/../../../../arm-none-eabi/lib/thumb/v7e-m+dp/hard/libc_nano.a(libc_a-fwalk.o)
                              /home/maria/st/stm32cubeide_2.0.0_2/plugins/com.st.stm32cube.ide.mcu.externaltools.gnu-tools-for-stm32.13.3.rel1.linux64_1.0.100.202509120712/tools/bin/../lib/gcc/arm-none-eabi/13.3.1/../../../../arm-none-eabi/lib/thumb/v7e-m+dp/hard/libc_nano.a(libc_a-findfp.o) (_fwalk_sglue)
/home/maria/st/stm32cubeide_2.0.0_2/plugins/com.st.stm32cube.ide.mcu.externaltools.gnu-tools-for-stm32.13.3.rel1.linux64_1.0.100.202509120712/tools/bin/../lib/gcc/arm-none-eabi/13.3.1/../../../../arm-none-eabi/lib/thumb/v7e-m+dp/hard/libc_nano.a(libc_a-stdio.o)
                              /home/maria/st/stm32cubeide_2.0.0_2/plugins/com.st.stm32cube.ide.mcu.externaltools.gnu-tools-for-stm32.13.3.rel1.linux64_1.0.100.202509120712/tools/bin/../lib/gcc/arm-none-eabi/13.3.1/../../../../arm-none-eabi/lib/thumb/v7e-m+dp/hard/libc_nano.a(libc_a-findfp.o) (__sread)
/home/maria/st/stm32cubeide_2.0.0_2/plugins/com.st.stm32cube.ide.mcu.externaltools.gnu-tools-for-stm32.13.3.rel1.linux64_1.0.100.202509120712/tools/bin/../lib/gcc/arm-none-eabi/13.3.1/../../../../arm-none-eabi/lib/thumb/v7e-m+dp/hard/libc_nano.a(libc_a-memset.o)
                              /home/maria/st/stm32cubeide_2.0.0_2/plugins/com.st.stm32cube.ide.mcu.externaltools.gnu-tools-for-stm32.13.3.rel1.linux64_1.0.100.202509120712/tools/bin/../lib/gcc/arm-none-eabi/13.3.1/../../../../arm-none-eabi/lib/thumb/v7e-m+dp/hard/crt0.o (memset)
/home/maria/st/stm32cubeide_2.0.0_2/plugins/com.st.stm32cube.ide.mcu.externaltools.gnu-tools-for-stm32.13.3.rel1.linux64_1.0.100.202509120712/tools/bin/../lib/gcc/arm-none-eabi/13.3.1/../../../../arm-none-eabi/lib/thumb/v7e-m+dp/hard/libc_nano.a(libc_a-closer.o)
                              /home/maria/st/stm32cubeide_2.0.0_2/plugins/com.st.stm32cube.ide.mcu.externaltools.gnu-tools-for-stm32.13.3.rel1.linux64_1.0.100.202509120712/tools/bin/../lib/gcc/arm-none-eabi/13.3.1/../../../../arm-none-eabi/lib/thumb/v7e-m+dp/hard/libc_nano.a(libc_a-stdio.o) (_close_r)
/home/maria/st/stm32cubeide_2.0.0_2/plugins/com.st.stm32cube.ide.mcu.externaltools.gnu-tools-for-stm32.13.3.rel1.linux64_1.0.100.202509120712/tools/bin/../lib/gcc/arm-none-eabi/13.3.1/../../../../arm-none-eabi/lib/thumb/v7e-m+dp/hard/libc_nano.a(libc_a-reent.o)
                              /home/maria/st/stm32cubeide_2.0.0_2/plugins/com.st.stm32cube.ide.mcu.externaltools.gnu-tools-for-stm32.13.3.rel1.linux64_1.0.100.202509120712/tools/bin/../lib/gcc/arm-none-eabi/13.3.1/../../../../arm-none-eabi/lib/thumb/v7e-m+dp/hard/libc_nano.a(libc_a-closer.o) (errno)
/home/maria/st/stm32cubeide_2.0.0_2/plugins/com.st.stm32cube.ide.mcu.externaltools.gnu-tools-for-stm32.13.3.rel1.linux64_1.0.100.202509120712/tools/bin/../lib/gcc/arm-none-eabi/13.3.1/../../../../arm-none-eabi/lib/thumb/v7e-m+dp/hard/libc_nano.a(libc_a-impure.o)
                              /home/maria/st/stm32cubeide_2.0.0_2/plugins/com.st.stm32cube.ide.mcu.externaltools.gnu-tools-for-stm32.13.3.rel1.linux64_1.0.100.202509120712/tools/bin/../lib/gcc/arm-none-eabi/13.3.1/../../../../arm-none-eabi/lib/thumb/v7e-m+dp/hard/libc_nano.a(libc_a-reent.o) (_impure_ptr)
/home/maria/st/stm32cubeide_2.0.0_2/plugins/com.st.stm32cube.ide.mcu.externaltools.gnu-tools-for-stm32.13.3.rel1.linux64_1.0.100.202509120712/tools/bin/../lib/gcc/arm-none-eabi/13.3.1/../../../../arm-none-eabi/lib/thumb/v7e-m+dp/hard/libc_nano.a(libc_a-lseekr.o)
[...]
Memory Configuration

Name             Origin             Length             Attributes
RAM_D1           0x20000004         0x0000fffc         xrw
RAM_D2           0x24020000         0x00020000         xrw
*default*        0x00000000         0xffffffff

Linker script and memory map

LOAD /home/maria/st/stm32cubeide_2.0.0_2/plugins/com.st.stm32cube.ide.mcu.externaltools.gnu-tools-for-stm32.13.3.rel1.linux64_1.0.100.202509120712/tools/bin/../lib/gcc/arm-none-eabi/13.3.1/thumb/v7e-m+dp/hard/crti.o
LOAD /home/maria/st/stm32cubeide_2.0.0_2/plugins/com.st.stm32cube.ide.mcu.externaltools.gnu-tools-for-stm32.13.3.rel1.linux64_1.0.100.202509120712/tools/bin/../lib/gcc/arm-none-eabi/13.3.1/thumb/v7e-m+dp/hard/crtbegin.o
LOAD /home/maria/st/stm32cubeide_2.0.0_2/plugins/com.st.stm32cube.ide.mcu.externaltools.gnu-tools-for-stm32.13.3.rel1.linux64_1.0.100.202509120712/tools/bin/../lib/gcc/arm-none-eabi/13.3.1/../../../../arm-none-eabi/lib/thumb/v7e-m+dp/hard/crt0.o
LOAD ./Core/Src/extmem_manager.o
LOAD ./Core/Src/extmemloader_init.o
LOAD ./Core/Src/stm32h7rsxx_hal_msp.o
LOAD ./Core/Src/syscalls.o
LOAD ./Core/Src/sysmem.o
LOAD ./Core/Src/system_stm32h7rsxx.o
LOAD ./Drivers/STM32H7RSxx_HAL_Driver/stm32h7rsxx_hal.o
LOAD ./Drivers/STM32H7RSxx_HAL_Driver/stm32h7rsxx_hal_cortex.o
LOAD ./Drivers/STM32H7RSxx_HAL_Driver/stm32h7rsxx_hal_dma.o
LOAD ./Drivers/STM32H7RSxx_HAL_Driver/stm32h7rsxx_hal_dma_ex.o
LOAD ./Drivers/STM32H7RSxx_HAL_Driver/stm32h7rsxx_hal_exti.o
LOAD ./Drivers/STM32H7RSxx_HAL_Driver/stm32h7rsxx_hal_flash.o
LOAD ./Drivers/STM32H7RSxx_HAL_Driver/stm32h7rsxx_hal_flash_ex.o
LOAD ./Drivers/STM32H7RSxx_HAL_Driver/stm32h7rsxx_hal_gpio.o
LOAD ./Drivers/STM32H7RSxx_HAL_Driver/stm32h7rsxx_hal_pwr.o
LOAD ./Drivers/STM32H7RSxx_HAL_Driver/stm32h7rsxx_hal_pwr_ex.o
LOAD ./Drivers/STM32H7RSxx_HAL_Driver/stm32h7rsxx_hal_rcc.o
LOAD ./Drivers/STM32H7RSxx_HAL_Driver/stm32h7rsxx_hal_rcc_ex.o
LOAD ./Drivers/STM32H7RSxx_HAL_Driver/stm32h7rsxx_hal_uart.o
LOAD ./Drivers/STM32H7RSxx_HAL_Driver/stm32h7rsxx_hal_uart_ex.o
LOAD ./Drivers/STM32H7RSxx_HAL_Driver/stm32h7rsxx_hal_xspi.o
LOAD ./Middlewares/ST/STM32_ExtMem_Loader/FlashDev.o
LOAD ./Middlewares/ST/STM32_ExtMem_Loader/FlashPrg.o
LOAD ./Middlewares/ST/STM32_ExtMem_Loader/memory_wrapper.o
LOAD ./Middlewares/ST/STM32_ExtMem_Loader/stm32_device_info.o
LOAD ./Middlewares/ST/STM32_ExtMem_Loader/stm32_loader_api.o
LOAD ./Middlewares/ST/STM32_ExtMem_Loader/systick_management.o
LOAD ./Middlewares/ST/STM32_ExtMem_Manager/stm32_extmem.o
LOAD ./Middlewares/ST/STM32_ExtMem_Manager/stm32_psram_driver.o
LOAD ./Middlewares/ST/STM32_ExtMem_Manager/stm32_sal_sd.o
LOAD ./Middlewares/ST/STM32_ExtMem_Manager/stm32_sal_xspi.o
LOAD ./Middlewares/ST/STM32_ExtMem_Manager/stm32_sdcard_driver.o
LOAD ./Middlewares/ST/STM32_ExtMem_Manager/stm32_sfdp_data.o
LOAD ./Middlewares/ST/STM32_ExtMem_Manager/stm32_sfdp_driver.o
LOAD ./Middlewares/ST/STM32_ExtMem_Manager/stm32_user_driver.o
START GROUP
LOAD /home/maria/st/stm32cubeide_2.0.0_2/plugins/com.st.stm32cube.ide.mcu.externaltools.gnu-tools-for-stm32.13.3.rel1.linux64_1.0.100.202509120712/tools/bin/../lib/gcc/arm-none-eabi/13.3.1/../../../../arm-none-eabi/lib/thumb/v7e-m+dp/hard/libc_nano.a
LOAD /home/maria/st/stm32cubeide_2.0.0_2/plugins/com.st.stm32cube.ide.mcu.externaltools.gnu-tools-for-stm32.13.3.rel1.linux64_1.0.100.202509120712/tools/bin/../lib/gcc/arm-none-eabi/13.3.1/../../../../arm-none-eabi/lib/thumb/v7e-m+dp/hard/libm.a
END GROUP
START GROUP
LOAD /home/maria/st/stm32cubeide_2.0.0_2/plugins/com.st.stm32cube.ide.mcu.externaltools.gnu-tools-for-stm32.13.3.rel1.linux64_1.0.100.202509120712/tools/bin/../lib/gcc/arm-none-eabi/13.3.1/thumb/v7e-m+dp/hard/libgcc.a
LOAD /home/maria/st/stm32cubeide_2.0.0_2/plugins/com.st.stm32cube.ide.mcu.externaltools.gnu-tools-for-stm32.13.3.rel1.linux64_1.0.100.202509120712/tools/bin/../lib/gcc/arm-none-eabi/13.3.1/../../../../arm-none-eabi/lib/thumb/v7e-m+dp/hard/libc_nano.a
END GROUP
START GROUP
LOAD /home/maria/st/stm32cubeide_2.0.0_2/plugins/com.st.stm32cube.ide.mcu.externaltools.gnu-tools-for-stm32.13.3.rel1.linux64_1.0.100.202509120712/tools/bin/../lib/gcc/arm-none-eabi/13.3.1/thumb/v7e-m+dp/hard/libgcc.a
LOAD /home/maria/st/stm32cubeide_2.0.0_2/plugins/com.st.stm32cube.ide.mcu.externaltools.gnu-tools-for-stm32.13.3.rel1.linux64_1.0.100.202509120712/tools/bin/../lib/gcc/arm-none-eabi/13.3.1/../../../../arm-none-eabi/lib/thumb/v7e-m+dp/hard/libc_nano.a
LOAD /home/maria/st/stm32cubeide_2.0.0_2/plugins/com.st.stm32cube.ide.mcu.externaltools.gnu-tools-for-stm32.13.3.rel1.linux64_1.0.100.202509120712/tools/bin/../lib/gcc/arm-none-eabi/13.3.1/../../../../arm-none-eabi/lib/thumb/v7e-m+dp/hard/libnosys.a
END GROUP
START GROUP
LOAD /home/maria/st/stm32cubeide_2.0.0_2/plugins/com.st.stm32cube.ide.mcu.externaltools.gnu-tools-for-stm32.13.3.rel1.linux64_1.0.100.202509120712/tools/bin/../lib/gcc/arm-none-eabi/13.3.1/thumb/v7e-m+dp/hard/libgcc.a
LOAD /home/maria/st/stm32cubeide_2.0.0_2/plugins/com.st.stm32cube.ide.mcu.externaltools.gnu-tools-for-stm32.13.3.rel1.linux64_1.0.100.202509120712/tools/bin/../lib/gcc/arm-none-eabi/13.3.1/../../../../arm-none-eabi/lib/thumb/v7e-m+dp/hard/libc_nano.a
LOAD /home/maria/st/stm32cubeide_2.0.0_2/plugins/com.st.stm32cube.ide.mcu.externaltools.gnu-tools-for-stm32.13.3.rel1.linux64_1.0.100.202509120712/tools/bin/../lib/gcc/arm-none-eabi/13.3.1/../../../../arm-none-eabi/lib/thumb/v7e-m+dp/hard/libnosys.a
END GROUP
LOAD /home/maria/st/stm32cubeide_2.0.0_2/plugins/com.st.stm32cube.ide.mcu.externaltools.gnu-tools-for-stm32.13.3.rel1.linux64_1.0.100.202509120712/tools/bin/../lib/gcc/arm-none-eabi/13.3.1/thumb/v7e-m+dp/hard/crtend.o
LOAD /home/maria/st/stm32cubeide_2.0.0_2/plugins/com.st.stm32cube.ide.mcu.externaltools.gnu-tools-for-stm32.13.3.rel1.linux64_1.0.100.202509120712/tools/bin/../lib/gcc/arm-none-eabi/13.3.1/thumb/v7e-m+dp/hard/crtn.o
                0x20010000                        _estack = (ORIGIN (RAM_D1) + LENGTH (RAM_D1))
                0x00000200                        _Min_Heap_Size = 0x200
                0x00000400                        _Min_Stack_Size = 0x400

.isr_vector     0x20000004      0x1fc
                0x20000200                        . = (. + 0x1fc)
 *fill*         0x20000004      0x1fc 
                0x20000200                        . = ALIGN (0x4)
 *(.isr_vector)
 .isr_vector    0x20000200        0x0 ./Middlewares/ST/STM32_ExtMem_Loader/stm32_loader_api.o
                0x20000200                g_pfnVectors
                0x20000200                        . = ALIGN (0x4)

.ARM.extab
 *(.ARM.extab* .gnu.linkonce.armextab.*)

.ARM            0x20000200        0x8
                0x20000200                        __exidx_start = .
 *(.ARM.exidx*)
 .ARM.exidx     0x20000200        0x8 /home/maria/st/stm32cubeide_2.0.0_2/plugins/com.st.stm32cube.ide.mcu.externaltools.gnu-tools-for-stm32.13.3.rel1.linux64_1.0.100.202509120712/tools/bin/../lib/gcc/arm-none-eabi/13.3.1/thumb/v7e-m+dp/hard/libgcc.a(_udivmoddi4.o)
                0x20000208                        __exidx_end = .

.preinit_array  0x20000208        0x0
                0x20000208                        PROVIDE (__preinit_array_start = .)
 *(.preinit_array*)
                0x20000208                        PROVIDE (__preinit_array_end = .)

.init_array     0x20000208        0x4
                0x20000208                        PROVIDE (__init_array_start = .)
 *(SORT_BY_NAME(.init_array.*))
 *(.init_array*)
 .init_array    0x20000208        0x4 /home/maria/st/stm32cubeide_2.0.0_2/plugins/com.st.stm32cube.ide.mcu.externaltools.gnu-tools-for-stm32.13.3.rel1.linux64_1.0.100.202509120712/tools/bin/../lib/gcc/arm-none-eabi/13.3.1/thumb/v7e-m+dp/hard/crtbegin.o
                0x2000020c                        PROVIDE (__init_array_end = .)

.fini_array     0x2000020c        0x4
                [!provide]                        PROVIDE (__fini_array_start = .)
 *(SORT_BY_NAME(.fini_array.*))
 *(.fini_array*)
 .fini_array    0x2000020c        0x4 /home/maria/st/stm32cubeide_2.0.0_2/plugins/com.st.stm32cube.ide.mcu.externaltools.gnu-tools-for-stm32.13.3.rel1.linux64_1.0.100.202509120712/tools/bin/../lib/gcc/arm-none-eabi/13.3.1/thumb/v7e-m+dp/hard/crtbegin.o
                [!provide]                        PROVIDE (__fini_array_end = .)
                0x20000210                        _sidata = LOADADDR (.data)

.data           0x20000210        0xc
                0x20000210                        . = ALIGN (0x4)
                0x20000210                        _sdata = .
 *(.data)
 *(.data*)
 .data.SystemCoreClock
                0x20000210        0x4 ./Core/Src/system_stm32h7rsxx.o
                0x20000210                SystemCoreClock
 .data.uwTickPrio
                0x20000214        0x4 ./Drivers/STM32H7RSxx_HAL_Driver/stm32h7rsxx_hal.o
                0x20000214                uwTickPrio
 .data.uwTickFreq
                0x20000218        0x1 ./Drivers/STM32H7RSxx_HAL_Driver/stm32h7rsxx_hal.o
                0x20000218                uwTickFreq
                0x2000021c                        . = ALIGN (0x4)
 *fill*         0x20000219        0x3 
                0x2000021c                        _edata = .

.igot.plt       0x2000021c        0x0
 .igot.plt      0x2000021c        0x0 /home/maria/st/stm32cubeide_2.0.0_2/plugins/com.st.stm32cube.ide.mcu.externaltools.gnu-tools-for-stm32.13.3.rel1.linux64_1.0.100.202509120712/tools/bin/../lib/gcc/arm-none-eabi/13.3.1/thumb/v7e-m+dp/hard/crtbegin.o
                0x2000021c                        . = ALIGN (0x4)

.bss            0x24020000      0x35c
                0x24020000                        _sbss = .
                0x24020000                        __bss_start__ = _sbss
 *(.bss)
 .bss           0x24020000       0x1c /home/maria/st/stm32cubeide_2.0.0_2/plugins/com.st.stm32cube.ide.mcu.externaltools.gnu-tools-for-stm32.13.3.rel1.linux64_1.0.100.202509120712/tools/bin/../lib/gcc/arm-none-eabi/13.3.1/thumb/v7e-m+dp/hard/crtbegin.o
 *(.bss*)
 .bss.huart1    0x2402001c       0x94 ./Core/Src/extmemloader_init.o
                0x2402001c                huart1
 .bss.hxspi1    0x240200b0       0x60 ./Core/Src/extmemloader_init.o
                0x240200b0                hxspi1
 .bss.uwTick    0x24020110        0x4 ./Drivers/STM32H7RSxx_HAL_Driver/stm32h7rsxx_hal.o
                0x24020110                uwTick
 .bss.exec      0x24020114        0x1 ./Middlewares/ST/STM32_ExtMem_Loader/stm32_loader_api.o
                0x24020114                exec
 *fill*         0x24020115        0x3 
 .bss.Buff_address
                0x24020118        0x4 ./Middlewares/ST/STM32_ExtMem_Loader/stm32_loader_api.o
                0x24020118                Buff_address
 .bss.Address   0x2402011c        0x4 ./Middlewares/ST/STM32_ExtMem_Loader/stm32_loader_api.o
                0x2402011c                Address
 .bss.Size      0x24020120        0x4 ./Middlewares/ST/STM32_ExtMem_Loader/stm32_loader_api.o
                0x24020120                Size
 .bss.MemoryMappedMode
                0x24020124        0x1 ./Middlewares/ST/STM32_ExtMem_Loader/stm32_loader_api.o
                0x24020124                MemoryMappedMode
 *fill*         0x24020125        0x3 
 .bss.extmem_list_config
                0x24020128       0xac ./Middlewares/ST/STM32_ExtMem_Manager/stm32_extmem.o
                0x24020128                extmem_list_config
 .bss.sfdp_param_info
                0x240201d4       0x78 ./Middlewares/ST/STM32_ExtMem_Manager/stm32_sfdp_data.o
 .bss.JEDEC_Basic
                0x2402024c       0x60 ./Middlewares/ST/STM32_ExtMem_Manager/stm32_sfdp_data.o
 .bss.JEDEC_Address4Bytes
                0x240202ac        0x8 ./Middlewares/ST/STM32_ExtMem_Manager/stm32_sfdp_data.o
 .bss.JEDEC_XSPI10
                0x240202b4       0x18 ./Middlewares/ST/STM32_ExtMem_Manager/stm32_sfdp_data.o
 .bss.JEDEC_SCCR_Map
                0x240202cc       0x70 ./Middlewares/ST/STM32_ExtMem_Manager/stm32_sfdp_data.o
 .bss.JEDEC_OctalDdr
                0x2402033c       0x20 ./Middlewares/ST/STM32_ExtMem_Manager/stm32_sfdp_data.o
 *(COMMON)
                0x2402035c                        . = ALIGN (0x4)
                0x2402035c                        _ebss = .
                0x2402035c                        __bss_end__ = _ebss

.text           0x2000021c     0x9820
                0x2000021c                        . = ALIGN (0x4)
 *(.text)
 .text          0x2000021c       0x40 /home/maria/st/stm32cubeide_2.0.0_2/plugins/com.st.stm32cube.ide.mcu.externaltools.gnu-tools-for-stm32.13.3.rel1.linux64_1.0.100.202509120712/tools/bin/../lib/gcc/arm-none-eabi/13.3.1/thumb/v7e-m+dp/hard/crtbegin.o
 .text          0x2000025c       0x30 /home/maria/st/stm32cubeide_2.0.0_2/plugins/com.st.stm32cube.ide.mcu.externaltools.gnu-tools-for-stm32.13.3.rel1.linux64_1.0.100.202509120712/tools/bin/../lib/gcc/arm-none-eabi/13.3.1/thumb/v7e-m+dp/hard/libgcc.a(_aeabi_uldivmod.o)
                0x2000025c                __aeabi_uldivmod
 .text          0x2000028c      0x2f8 /home/maria/st/stm32cubeide_2.0.0_2/plugins/com.st.stm32cube.ide.mcu.externaltools.gnu-tools-for-stm32.13.3.rel1.linux64_1.0.100.202509120712/tools/bin/../lib/gcc/arm-none-eabi/13.3.1/thumb/v7e-m+dp/hard/libgcc.a(_udivmoddi4.o)
                0x2000028c                __udivmoddi4
 .text          0x20000584        0x4 /home/maria/st/stm32cubeide_2.0.0_2/plugins/com.st.stm32cube.ide.mcu.externaltools.gnu-tools-for-stm32.13.3.rel1.linux64_1.0.100.202509120712/tools/bin/../lib/gcc/arm-none-eabi/13.3.1/thumb/v7e-m+dp/hard/libgcc.a(_dvmd_tls.o)
                0x20000584                __aeabi_ldiv0
                0x20000584                __aeabi_idiv0
 *(.text*)
 .text.MX_EXTMEM_MANAGER_Init
                0x20000588       0x44 ./Core/Src/extmem_manager.o
                0x20000588                MX_EXTMEM_MANAGER_Init
 .text.extmemloader_Init
                0x200005cc      0x108 ./Core/Src/extmemloader_init.o
                0x200005cc                extmemloader_Init
 .text.SystemClock_Config
                0x200006d4       0xf8 ./Core/Src/extmemloader_init.o
 .text.MX_SBS_Init
                0x200007cc        0xe ./Core/Src/extmemloader_init.o
 *fill*         0x200007da        0x2 
 .text.MX_USART1_UART_Init
                0x200007dc       0x98 ./Core/Src/extmemloader_init.o
 .text.MX_XSPI1_Init
                0x20000874       0xb0 ./Core/Src/extmemloader_init.o
 .text.MX_GPIO_Init
                0x20000924       0x64 ./Core/Src/extmemloader_init.o
 .text.Error_Handler
                0x20000988        0x8 ./Core/Src/extmemloader_init.o
                0x20000988                Error_Handler
 .text.HAL_MspInit
                0x20000990       0x68 ./Core/Src/stm32h7rsxx_hal_msp.o
                0x20000990                HAL_MspInit
 .text.HAL_UART_MspInit
                0x200009f8       0xc4 ./Core/Src/stm32h7rsxx_hal_msp.o
                0x200009f8                HAL_UART_MspInit
 .text.HAL_XSPI_MspInit
                0x20000abc      0x138 ./Core/Src/stm32h7rsxx_hal_msp.o
                0x20000abc                HAL_XSPI_MspInit
 .text.SystemInit
                0x20000bf4       0x2c ./Core/Src/system_stm32h7rsxx.o
                0x20000bf4                SystemInit
 .text.HAL_Init
                0x20000c20       0x30 ./Drivers/STM32H7RSxx_HAL_Driver/stm32h7rsxx_hal.o
                0x20000c20                HAL_Init
 .text.HAL_Delay
                0x20000c50       0x48 ./Drivers/STM32H7RSxx_HAL_Driver/stm32h7rsxx_hal.o
                0x20000c50                HAL_Delay
 .text.__NVIC_SetPriorityGrouping
                0x20000c98       0x48 ./Drivers/STM32H7RSxx_HAL_Driver/stm32h7rsxx_hal_cortex.o
 .text.HAL_NVIC_SetPriorityGrouping
                0x20000ce0       0x16 ./Drivers/STM32H7RSxx_HAL_Driver/stm32h7rsxx_hal_cortex.o
                0x20000ce0                HAL_NVIC_SetPriorityGrouping
 *fill*         0x20000cf6        0x2 
 .text.HAL_MPU_Disable
                0x20000cf8       0x3c ./Drivers/STM32H7RSxx_HAL_Driver/stm32h7rsxx_hal_cortex.o
                0x20000cf8                HAL_MPU_Disable
 .text.HAL_DMA_Abort
                0x20000d34       0xf8 ./Drivers/STM32H7RSxx_HAL_Driver/stm32h7rsxx_hal_dma.o
                0x20000d34                HAL_DMA_Abort
 .text.HAL_GPIO_Init
                0x20000e2c      0x2c0 ./Drivers/STM32H7RSxx_HAL_Driver/stm32h7rsxx_hal_gpio.o
                0x20000e2c                HAL_GPIO_Init
 .text.HAL_PWREx_ConfigSupply
                0x200010ec       0xa4 ./Drivers/STM32H7RSxx_HAL_Driver/stm32h7rsxx_hal_pwr_ex.o
                0x200010ec                HAL_PWREx_ConfigSupply
 .text.HAL_PWREx_ControlVoltageScaling
                0x20001190       0x50 ./Drivers/STM32H7RSxx_HAL_Driver/stm32h7rsxx_hal_pwr_ex.o
                0x20001190                HAL_PWREx_ControlVoltageScaling
 .text.HAL_PWREx_EnableXSPIM1
                0x200011e0       0x20 ./Drivers/STM32H7RSxx_HAL_Driver/stm32h7rsxx_hal_pwr_ex.o
                0x200011e0                HAL_PWREx_EnableXSPIM1
 .text.HAL_RCC_OscConfig
                0x20001200      0x674 ./Drivers/STM32H7RSxx_HAL_Driver/stm32h7rsxx_hal_rcc.o
                0x20001200                HAL_RCC_OscConfig
 .text.HAL_RCC_ClockConfig
                0x20001874      0x330 ./Drivers/STM32H7RSxx_HAL_Driver/stm32h7rsxx_hal_rcc.o
                0x20001874                HAL_RCC_ClockConfig
 .text.HAL_RCC_GetSysClockFreq
                0x20001ba4      0x2cc ./Drivers/STM32H7RSxx_HAL_Driver/stm32h7rsxx_hal_rcc.o
                0x20001ba4                HAL_RCC_GetSysClockFreq
 .text.HAL_RCC_GetHCLKFreq
                0x20001e70       0x50 ./Drivers/STM32H7RSxx_HAL_Driver/stm32h7rsxx_hal_rcc.o
                0x20001e70                HAL_RCC_GetHCLKFreq
 .text.HAL_RCC_GetPCLK1Freq
                0x20001ec0       0x38 ./Drivers/STM32H7RSxx_HAL_Driver/stm32h7rsxx_hal_rcc.o
                0x20001ec0                HAL_RCC_GetPCLK1Freq
 .text.HAL_RCC_GetPCLK2Freq
                0x20001ef8       0x38 ./Drivers/STM32H7RSxx_HAL_Driver/stm32h7rsxx_hal_rcc.o
                0x20001ef8                HAL_RCC_GetPCLK2Freq
 .text.HAL_RCC_GetPCLK4Freq
                0x20001f30       0x38 ./Drivers/STM32H7RSxx_HAL_Driver/stm32h7rsxx_hal_rcc.o
                0x20001f30                HAL_RCC_GetPCLK4Freq
 .text.HAL_RCC_GetPLL1QFreq
                0x20001f68       0x2c ./Drivers/STM32H7RSxx_HAL_Driver/stm32h7rsxx_hal_rcc.o
                0x20001f68                HAL_RCC_GetPLL1QFreq
 .text.HAL_RCC_GetPLL2PFreq
                0x20001f94       0x2c ./Drivers/STM32H7RSxx_HAL_Driver/stm32h7rsxx_hal_rcc.o
                0x20001f94                HAL_RCC_GetPLL2PFreq
 .text.HAL_RCC_GetPLL2QFreq
                0x20001fc0       0x2c ./Drivers/STM32H7RSxx_HAL_Driver/stm32h7rsxx_hal_rcc.o
                0x20001fc0                HAL_RCC_GetPLL2QFreq
 .text.HAL_RCC_GetPLL2RFreq
                0x20001fec       0x2c ./Drivers/STM32H7RSxx_HAL_Driver/stm32h7rsxx_hal_rcc.o
                0x20001fec                HAL_RCC_GetPLL2RFreq
 .text.HAL_RCC_GetPLL2SFreq
                0x20002018       0x2c ./Drivers/STM32H7RSxx_HAL_Driver/stm32h7rsxx_hal_rcc.o
                0x20002018                HAL_RCC_GetPLL2SFreq
 .text.HAL_RCC_GetPLL2TFreq
                0x20002044       0x30 ./Drivers/STM32H7RSxx_HAL_Driver/stm32h7rsxx_hal_rcc.o
                0x20002044                HAL_RCC_GetPLL2TFreq
 .text.HAL_RCC_GetPLL3PFreq
                0x20002074       0x2c ./Drivers/STM32H7RSxx_HAL_Driver/stm32h7rsxx_hal_rcc.o
                0x20002074                HAL_RCC_GetPLL3PFreq
 .text.HAL_RCC_GetPLL3QFreq
                0x200020a0       0x2c ./Drivers/STM32H7RSxx_HAL_Driver/stm32h7rsxx_hal_rcc.o
                0x200020a0                HAL_RCC_GetPLL3QFreq
 .text.HAL_RCC_GetPLL3RFreq
                0x200020cc       0x2c ./Drivers/STM32H7RSxx_HAL_Driver/stm32h7rsxx_hal_rcc.o
                0x200020cc                HAL_RCC_GetPLL3RFreq
 .text.HAL_RCC_GetPLL3SFreq
                0x200020f8       0x2c ./Drivers/STM32H7RSxx_HAL_Driver/stm32h7rsxx_hal_rcc.o
                0x200020f8                HAL_RCC_GetPLL3SFreq
 .text.RCC_PLL_Config
                0x20002124      0x2ac ./Drivers/STM32H7RSxx_HAL_Driver/stm32h7rsxx_hal_rcc.o
 .text.RCC_PLL1_GetVCOOutputFreq
                0x200023d0      0x10c ./Drivers/STM32H7RSxx_HAL_Driver/stm32h7rsxx_hal_rcc.o
 .text.RCC_PLL2_GetVCOOutputFreq
                0x200024dc      0x10c ./Drivers/STM32H7RSxx_HAL_Driver/stm32h7rsxx_hal_rcc.o
 .text.RCC_PLL3_GetVCOOutputFreq
                0x200025e8      0x10c ./Drivers/STM32H7RSxx_HAL_Driver/stm32h7rsxx_hal_rcc.o
 .text.HAL_RCCEx_PeriphCLKConfig
                0x200026f4      0xe08 ./Drivers/STM32H7RSxx_HAL_Driver/stm32h7rsxx_hal_rcc_ex.o
                0x200026f4                HAL_RCCEx_PeriphCLKConfig
 .text.HAL_RCCEx_GetPeriphCLKFreq
                0x200034fc     0x1680 ./Drivers/STM32H7RSxx_HAL_Driver/stm32h7rsxx_hal_rcc_ex.o
                0x200034fc                HAL_RCCEx_GetPeriphCLKFreq
 .text.HAL_RCCEx_DisableClockProtection
                0x20004b7c       0x2c ./Drivers/STM32H7RSxx_HAL_Driver/stm32h7rsxx_hal_rcc_ex.o
                0x20004b7c                HAL_RCCEx_DisableClockProtection
 .text.RCC_GetCLKPFreq
                0x20004ba8       0x98 ./Drivers/STM32H7RSxx_HAL_Driver/stm32h7rsxx_hal_rcc_ex.o
 .text.HAL_UART_Init
                0x20004c40       0xa0 ./Drivers/STM32H7RSxx_HAL_Driver/stm32h7rsxx_hal_uart.o
                0x20004c40                HAL_UART_Init
 .text.UART_SetConfig
                0x20004ce0      0x72c ./Drivers/STM32H7RSxx_HAL_Driver/stm32h7rsxx_hal_uart.o
                0x20004ce0                UART_SetConfig
 .text.UART_AdvFeatureConfig
                0x2000540c      0x144 ./Drivers/STM32H7RSxx_HAL_Driver/stm32h7rsxx_hal_uart.o
                0x2000540c                UART_AdvFeatureConfig
 .text.UART_CheckIdleState
                0x20005550      0x154 ./Drivers/STM32H7RSxx_HAL_Driver/stm32h7rsxx_hal_uart.o
                0x20005550                UART_CheckIdleState
 .text.UART_WaitOnFlagUntilTimeout
                0x200056a4       0xda ./Drivers/STM32H7RSxx_HAL_Driver/stm32h7rsxx_hal_uart.o
                0x200056a4                UART_WaitOnFlagUntilTimeout
 *fill*         0x2000577e        0x2 
 .text.UART_EndRxTransfer
                0x20005780       0xcc ./Drivers/STM32H7RSxx_HAL_Driver/stm32h7rsxx_hal_uart.o
 .text.HAL_UARTEx_DisableFifoMode
                0x2000584c       0x72 ./Drivers/STM32H7RSxx_HAL_Driver/stm32h7rsxx_hal_uart_ex.o
                0x2000584c                HAL_UARTEx_DisableFifoMode
 .text.HAL_UARTEx_SetTxFifoThreshold
                0x200058be       0x7c ./Drivers/STM32H7RSxx_HAL_Driver/stm32h7rsxx_hal_uart_ex.o
                0x200058be                HAL_UARTEx_SetTxFifoThreshold
 .text.HAL_UARTEx_SetRxFifoThreshold
                0x2000593a       0x7c ./Drivers/STM32H7RSxx_HAL_Driver/stm32h7rsxx_hal_uart_ex.o
                0x2000593a                HAL_UARTEx_SetRxFifoThreshold
 *fill*         0x200059b6        0x2 
 .text.UARTEx_SetNbDataToProcess
                0x200059b8       0x9c ./Drivers/STM32H7RSxx_HAL_Driver/stm32h7rsxx_hal_uart_ex.o
 .text.HAL_XSPI_Init
                0x20005a54      0x1cc ./Drivers/STM32H7RSxx_HAL_Driver/stm32h7rsxx_hal_xspi.o
                0x20005a54                HAL_XSPI_Init
 .text.HAL_XSPI_Command
                0x20005c20      0x120 ./Drivers/STM32H7RSxx_HAL_Driver/stm32h7rsxx_hal_xspi.o
                0x20005c20                HAL_XSPI_Command
 .text.HAL_XSPI_Transmit
                0x20005d40       0xe6 ./Drivers/STM32H7RSxx_HAL_Driver/stm32h7rsxx_hal_xspi.o
                0x20005d40                HAL_XSPI_Transmit
 .text.HAL_XSPI_Receive
                0x20005e26      0x146 ./Drivers/STM32H7RSxx_HAL_Driver/stm32h7rsxx_hal_xspi.o
                0x20005e26                HAL_XSPI_Receive
 .text.HAL_XSPI_AutoPolling
                0x20005f6c      0x114 ./Drivers/STM32H7RSxx_HAL_Driver/stm32h7rsxx_hal_xspi.o
                0x20005f6c                HAL_XSPI_AutoPolling
 .text.HAL_XSPI_MemoryMapped
                0x20006080       0x9c ./Drivers/STM32H7RSxx_HAL_Driver/stm32h7rsxx_hal_xspi.o
                0x20006080                HAL_XSPI_MemoryMapped
 .text.HAL_XSPI_Abort
                0x2000611c      0x10e ./Drivers/STM32H7RSxx_HAL_Driver/stm32h7rsxx_hal_xspi.o
                0x2000611c                HAL_XSPI_Abort
 .text.HAL_XSPI_SetTimeout
                0x2000622a       0x1e ./Drivers/STM32H7RSxx_HAL_Driver/stm32h7rsxx_hal_xspi.o
                0x2000622a                HAL_XSPI_SetTimeout
 .text.HAL_XSPIM_Config
                0x20006248      0x1e0 ./Drivers/STM32H7RSxx_HAL_Driver/stm32h7rsxx_hal_xspi.o
                0x20006248                HAL_XSPIM_Config
 .text.XSPI_WaitFlagStateUntilTimeout
                0x20006428       0x6c ./Drivers/STM32H7RSxx_HAL_Driver/stm32h7rsxx_hal_xspi.o
 .text.XSPI_ConfigCmd
                0x20006494      0x314 ./Drivers/STM32H7RSxx_HAL_Driver/stm32h7rsxx_hal_xspi.o
 .text.XSPIM_GetConfig
                0x200067a8       0xc8 ./Drivers/STM32H7RSxx_HAL_Driver/stm32h7rsxx_hal_xspi.o
 .text.memory_write
                0x20006870       0x38 ./Middlewares/ST/STM32_ExtMem_Loader/memory_wrapper.o
                0x20006870                memory_write
 .text.memory_masserase
                0x200068a8       0x24 ./Middlewares/ST/STM32_ExtMem_Loader/memory_wrapper.o
                0x200068a8                memory_masserase
 .text.memory_sectorerase
                0x200068cc       0x58 ./Middlewares/ST/STM32_ExtMem_Loader/memory_wrapper.o
                0x200068cc                memory_sectorerase
 .text.memory_mapmode
                0x20006924       0x36 ./Middlewares/ST/STM32_ExtMem_Loader/memory_wrapper.o
                0x20006924                memory_mapmode
 *fill*         0x2000695a        0x2 
 .text.Reset_Handler
                0x2000695c       0x18 ./Middlewares/ST/STM32_ExtMem_Loader/stm32_loader_api.o
                0x2000695c                Reset_Handler
 .text.main     0x20006974       0xa0 ./Middlewares/ST/STM32_ExtMem_Loader/stm32_loader_api.o
                0x20006974                main
 .text.Init     0x20006a14       0x50 ./Middlewares/ST/STM32_ExtMem_Loader/stm32_loader_api.o
                0x20006a14                Init
 .text.Write    0x20006a64       0x4c ./Middlewares/ST/STM32_ExtMem_Loader/stm32_loader_api.o
                0x20006a64                Write
 .text.MassErase
                0x20006ab0       0x44 ./Middlewares/ST/STM32_ExtMem_Loader/stm32_loader_api.o
                0x20006ab0                MassErase
 .text.SectorErase
                0x20006af4       0x4c ./Middlewares/ST/STM32_ExtMem_Loader/stm32_loader_api.o
                0x20006af4                SectorErase
 .text.HAL_InitTick
                0x20006b40       0x60 ./Middlewares/ST/STM32_ExtMem_Loader/systick_management.o
                0x20006b40                HAL_InitTick
 .text.HAL_GetTick
                0x20006ba0       0x34 ./Middlewares/ST/STM32_ExtMem_Loader/systick_management.o
                0x20006ba0                HAL_GetTick
 .text.EXTMEM_Init
                0x20006bd4       0x84 ./Middlewares/ST/STM32_ExtMem_Manager/stm32_extmem.o
                0x20006bd4                EXTMEM_Init
 .text.EXTMEM_Write
                0x20006c58       0x6c ./Middlewares/ST/STM32_ExtMem_Manager/stm32_extmem.o
                0x20006c58                EXTMEM_Write
 .text.EXTMEM_EraseSector
                0x20006cc4      0x1c4 ./Middlewares/ST/STM32_ExtMem_Manager/stm32_extmem.o
                0x20006cc4                EXTMEM_EraseSector
 .text.EXTMEM_EraseAll
                0x20006e88       0x64 ./Middlewares/ST/STM32_ExtMem_Manager/stm32_extmem.o
                0x20006e88                EXTMEM_EraseAll
 .text.EXTMEM_MemoryMappedMode
                0x20006eec       0x90 ./Middlewares/ST/STM32_ExtMem_Manager/stm32_extmem.o
                0x20006eec                EXTMEM_MemoryMappedMode
 .text.SAL_XSPI_SetClock
                0x20006f7c       0x7e ./Middlewares/ST/STM32_ExtMem_Manager/stm32_sal_xspi.o
                0x20006f7c                SAL_XSPI_SetClock
 .text.SAL_XSPI_Init
                0x20006ffa       0x66 ./Middlewares/ST/STM32_ExtMem_Manager/stm32_sal_xspi.o
                0x20006ffa                SAL_XSPI_Init
 .text.SAL_XSPI_MemoryConfig
                0x20007060      0x2a4 ./Middlewares/ST/STM32_ExtMem_Manager/stm32_sal_xspi.o
                0x20007060                SAL_XSPI_MemoryConfig
 .text.SAL_XSPI_GetSFDP
                0x20007304       0xc0 ./Middlewares/ST/STM32_ExtMem_Manager/stm32_sal_xspi.o
                0x20007304                SAL_XSPI_GetSFDP
 .text.SAL_XSPI_GetId
                0x200073c4      0x100 ./Middlewares/ST/STM32_ExtMem_Manager/stm32_sal_xspi.o
                0x200073c4                SAL_XSPI_GetId
 .text.SAL_XSPI_Write
                0x200074c4       0x92 ./Middlewares/ST/STM32_ExtMem_Manager/stm32_sal_xspi.o
                0x200074c4                SAL_XSPI_Write
 .text.SAL_XSPI_CommandSendAddress
                0x20007556       0x82 ./Middlewares/ST/STM32_ExtMem_Manager/stm32_sal_xspi.o
                0x20007556                SAL_XSPI_CommandSendAddress
 .text.SAL_XSPI_CommandSendData
                0x200075d8       0xa8 ./Middlewares/ST/STM32_ExtMem_Manager/stm32_sal_xspi.o
                0x200075d8                SAL_XSPI_CommandSendData
 .text.SAL_XSPI_SendReadCommand
                0x20007680       0xa8 ./Middlewares/ST/STM32_ExtMem_Manager/stm32_sal_xspi.o
                0x20007680                SAL_XSPI_SendReadCommand
 .text.SAL_XSPI_CommandSendReadAddress
                0x20007728       0xca ./Middlewares/ST/STM32_ExtMem_Manager/stm32_sal_xspi.o
                0x20007728                SAL_XSPI_CommandSendReadAddress
 .text.SAL_XSPI_CheckStatusRegister
                0x200077f2       0xf2 ./Middlewares/ST/STM32_ExtMem_Manager/stm32_sal_xspi.o
                0x200077f2                SAL_XSPI_CheckStatusRegister
 .text.SAL_XSPI_EnableMapMode
                0x200078e4       0xee ./Middlewares/ST/STM32_ExtMem_Manager/stm32_sal_xspi.o
                0x200078e4                SAL_XSPI_EnableMapMode
 .text.SAL_XSPI_DisableMapMode
                0x200079d2       0x22 ./Middlewares/ST/STM32_ExtMem_Manager/stm32_sal_xspi.o
                0x200079d2                SAL_XSPI_DisableMapMode
 .text.SAL_XSPI_UpdateMemoryType
                0x200079f4       0x70 ./Middlewares/ST/STM32_ExtMem_Manager/stm32_sal_xspi.o
                0x200079f4                SAL_XSPI_UpdateMemoryType
 .text.SAL_XSPI_Abort
                0x20007a64       0x1c ./Middlewares/ST/STM32_ExtMem_Manager/stm32_sal_xspi.o
                0x20007a64                SAL_XSPI_Abort
 .text.XSPI_FormatCommand
                0x20007a80       0x52 ./Middlewares/ST/STM32_ExtMem_Manager/stm32_sal_xspi.o
                0x20007a80                XSPI_FormatCommand
 .text.XSPI_Transmit
                0x20007ad2       0x26 ./Middlewares/ST/STM32_ExtMem_Manager/stm32_sal_xspi.o
                0x20007ad2                XSPI_Transmit
 .text.SFDP_ReadHeader
                0x20007af8       0x7a ./Middlewares/ST/STM32_ExtMem_Manager/stm32_sfdp_data.o
                0x20007af8                SFDP_ReadHeader
 *fill*         0x20007b72        0x2 
 .text.SFDP_GetHeader
                0x20007b74       0xbc ./Middlewares/ST/STM32_ExtMem_Manager/stm32_sfdp_data.o
                0x20007b74                SFDP_GetHeader
 .text.SFDP_CollectData
                0x20007c30      0x1b8 ./Middlewares/ST/STM32_ExtMem_Manager/stm32_sfdp_data.o
                0x20007c30                SFDP_CollectData
 .text.SFDP_MemoryReset
                0x20007de8      0x1b8 ./Middlewares/ST/STM32_ExtMem_Manager/stm32_sfdp_data.o
                0x20007de8                SFDP_MemoryReset
 .text.SFDP_BuildGenericDriver
                0x20007fa0      0xca4 ./Middlewares/ST/STM32_ExtMem_Manager/stm32_sfdp_data.o
                0x20007fa0                SFDP_BuildGenericDriver
 .text.driver_check_FlagBUSY
                0x20008c44       0x7c ./Middlewares/ST/STM32_ExtMem_Manager/stm32_sfdp_data.o
                0x20008c44                driver_check_FlagBUSY
 .text.sfdp_getfrequencevalue
                0x20008cc0       0x4c ./Middlewares/ST/STM32_ExtMem_Manager/stm32_sfdp_data.o
                0x20008cc0                sfdp_getfrequencevalue
 .text.sfdp_get_paraminfo
                0x20008d0c      0x1f8 ./Middlewares/ST/STM32_ExtMem_Manager/stm32_sfdp_data.o
                0x20008d0c                sfdp_get_paraminfo
 .text.sfdp_enter_octal_mode
                0x20008f04      0x1c8 ./Middlewares/ST/STM32_ExtMem_Manager/stm32_sfdp_data.o
                0x20008f04                sfdp_enter_octal_mode
 .text.sfdp_set_dummycycle
                0x200090cc      0x1c8 ./Middlewares/ST/STM32_ExtMem_Manager/stm32_sfdp_data.o
                0x200090cc                sfdp_set_dummycycle
 .text.JEDEC_Basic_ManageQuadEnableRequirement
                0x20009294      0x178 ./Middlewares/ST/STM32_ExtMem_Manager/stm32_sfdp_data.o
                0x20009294                JEDEC_Basic_ManageQuadEnableRequirement
 .text.JEDEC_Basic_Manage4S4S4SEnableSequence
                0x2000940c       0x80 ./Middlewares/ST/STM32_ExtMem_Manager/stm32_sfdp_data.o
                0x2000940c                JEDEC_Basic_Manage4S4S4SEnableSequence
 .text.CheckSFDP_Signature
                0x2000948c       0x54 ./Middlewares/ST/STM32_ExtMem_Manager/stm32_sfdp_data.o
                0x2000948c                CheckSFDP_Signature
 .text.EXTMEM_DRIVER_NOR_SFDP_Init
                0x200094e0      0x168 ./Middlewares/ST/STM32_ExtMem_Manager/stm32_sfdp_driver.o
                0x200094e0                EXTMEM_DRIVER_NOR_SFDP_Init
 .text.EXTMEM_DRIVER_NOR_SFDP_Write
                0x20009648      0x110 ./Middlewares/ST/STM32_ExtMem_Manager/stm32_sfdp_driver.o
                0x20009648                EXTMEM_DRIVER_NOR_SFDP_Write
 .text.EXTMEM_DRIVER_NOR_SFDP_MassErase
                0x20009758       0x7c ./Middlewares/ST/STM32_ExtMem_Manager/stm32_sfdp_driver.o
                0x20009758                EXTMEM_DRIVER_NOR_SFDP_MassErase
 .text.EXTMEM_DRIVER_NOR_SFDP_SectorErase
                0x200097d4      0x120 ./Middlewares/ST/STM32_ExtMem_Manager/stm32_sfdp_driver.o
                0x200097d4                EXTMEM_DRIVER_NOR_SFDP_SectorErase
 .text.EXTMEM_DRIVER_NOR_SFDP_Enable_MemoryMappedMode
                0x200098f4       0x42 ./Middlewares/ST/STM32_ExtMem_Manager/stm32_sfdp_driver.o
                0x200098f4                EXTMEM_DRIVER_NOR_SFDP_Enable_MemoryMappedMode
 .text.EXTMEM_DRIVER_NOR_SFDP_Disable_MemoryMappedMode
                0x20009936       0x2c ./Middlewares/ST/STM32_ExtMem_Manager/stm32_sfdp_driver.o
                0x20009936                EXTMEM_DRIVER_NOR_SFDP_Disable_MemoryMappedMode
 .text.driver_set_FlagWEL
                0x20009962       0x96 ./Middlewares/ST/STM32_ExtMem_Manager/stm32_sfdp_driver.o
 .text.memset   0x200099f8       0x10 /home/maria/st/stm32cubeide_2.0.0_2/plugins/com.st.stm32cube.ide.mcu.externaltools.gnu-tools-for-stm32.13.3.rel1.linux64_1.0.100.202509120712/tools/bin/../lib/gcc/arm-none-eabi/13.3.1/../../../../arm-none-eabi/lib/thumb/v7e-m+dp/hard/libc_nano.a(libc_a-memset.o)
                0x200099f8                memset
 .text.memcpy   0x20009a08       0x1c /home/maria/st/stm32cubeide_2.0.0_2/plugins/com.st.stm32cube.ide.mcu.externaltools.gnu-tools-for-stm32.13.3.rel1.linux64_1.0.100.202509120712/tools/bin/../lib/gcc/arm-none-eabi/13.3.1/../../../../arm-none-eabi/lib/thumb/v7e-m+dp/hard/libc_nano.a(libc_a-memcpy-stub.o)
                0x20009a08                memcpy
 *(.glue_7)
 .glue_7        0x20009a24        0x0 linker stubs
 *(.glue_7t)
 .glue_7t       0x20009a24        0x0 linker stubs
 *(.eh_frame)
 .eh_frame      0x20009a24        0x0 /home/maria/st/stm32cubeide_2.0.0_2/plugins/com.st.stm32cube.ide.mcu.externaltools.gnu-tools-for-stm32.13.3.rel1.linux64_1.0.100.202509120712/tools/bin/../lib/gcc/arm-none-eabi/13.3.1/thumb/v7e-m+dp/hard/crtbegin.o
 *(.init)
 .init          0x20009a24        0x4 /home/maria/st/stm32cubeide_2.0.0_2/plugins/com.st.stm32cube.ide.mcu.externaltools.gnu-tools-for-stm32.13.3.rel1.linux64_1.0.100.202509120712/tools/bin/../lib/gcc/arm-none-eabi/13.3.1/thumb/v7e-m+dp/hard/crti.o
                0x20009a24                _init
 .init          0x20009a28        0x8 /home/maria/st/stm32cubeide_2.0.0_2/plugins/com.st.stm32cube.ide.mcu.externaltools.gnu-tools-for-stm32.13.3.rel1.linux64_1.0.100.202509120712/tools/bin/../lib/gcc/arm-none-eabi/13.3.1/thumb/v7e-m+dp/hard/crtn.o
 *(.fini)
 .fini          0x20009a30        0x4 /home/maria/st/stm32cubeide_2.0.0_2/plugins/com.st.stm32cube.ide.mcu.externaltools.gnu-tools-for-stm32.13.3.rel1.linux64_1.0.100.202509120712/tools/bin/../lib/gcc/arm-none-eabi/13.3.1/thumb/v7e-m+dp/hard/crti.o
                0x20009a30                _fini
 .fini          0x20009a34        0x8 /home/maria/st/stm32cubeide_2.0.0_2/plugins/com.st.stm32cube.ide.mcu.externaltools.gnu-tools-for-stm32.13.3.rel1.linux64_1.0.100.202509120712/tools/bin/../lib/gcc/arm-none-eabi/13.3.1/thumb/v7e-m+dp/hard/crtn.o
                0x20009a3c                        . = ALIGN (0x4)
                0x20009a3c                        _etext = .

.vfp11_veneer   0x20009a3c        0x0
 .vfp11_veneer  0x20009a3c        0x0 linker stubs

.v4_bx          0x20009a3c        0x0
 .v4_bx         0x20009a3c        0x0 linker stubs

.iplt           0x20009a3c        0x0
 .iplt          0x20009a3c        0x0 /home/maria/st/stm32cubeide_2.0.0_2/plugins/com.st.stm32cube.ide.mcu.externaltools.gnu-tools-for-stm32.13.3.rel1.linux64_1.0.100.202509120712/tools/bin/../lib/gcc/arm-none-eabi/13.3.1/thumb/v7e-m+dp/hard/crtbegin.o

.stm32_device_info
                0x20009a3c       0xc8
 *stm32_device_info.o(.rodata*)
 .rodata.StorageInfo
                0x20009a3c       0xc8 ./Middlewares/ST/STM32_ExtMem_Loader/stm32_device_info.o
                0x20009a3c                StorageInfo

.rodata         0x20009b04       0x78
                0x20009b04                        . = ALIGN (0x4)
 *(.rodata)
 .rodata        0x20009b04        0x8 ./Drivers/STM32H7RSxx_HAL_Driver/stm32h7rsxx_hal_rcc.o
 .rodata        0x20009b0c       0x2a ./Middlewares/ST/STM32_ExtMem_Manager/stm32_sfdp_data.o
 *(.rodata*)
 *fill*         0x20009b36        0x2 
 .rodata.UARTPrescTable
                0x20009b38       0x18 ./Drivers/STM32H7RSxx_HAL_Driver/stm32h7rsxx_hal_uart.o
                0x20009b38                UARTPrescTable
 .rodata.numerator.1
                0x20009b50        0x8 ./Drivers/STM32H7RSxx_HAL_Driver/stm32h7rsxx_hal_uart_ex.o
 .rodata.denominator.0
                0x20009b58        0x8 ./Drivers/STM32H7RSxx_HAL_Driver/stm32h7rsxx_hal_uart_ex.o
 .rodata.condition
                0x20009b60        0x4 ./Middlewares/ST/STM32_ExtMem_Loader/stm32_loader_api.o
                0x20009b60                condition
 .rodata.block_erase_unit.1
                0x20009b64        0x8 ./Middlewares/ST/STM32_ExtMem_Manager/stm32_sfdp_data.o
 .rodata.chip_erase_unit.0
                0x20009b6c       0x10 ./Middlewares/ST/STM32_ExtMem_Manager/stm32_sfdp_data.o
                0x20009b7c                        . = ALIGN (0x4)

.rel.dyn        0x20009b7c        0x0
 .rel.iplt      0x20009b7c        0x0 /home/maria/st/stm32cubeide_2.0.0_2/plugins/com.st.stm32cube.ide.mcu.externaltools.gnu-tools-for-stm32.13.3.rel1.linux64_1.0.100.202509120712/tools/bin/../lib/gcc/arm-none-eabi/13.3.1/thumb/v7e-m+dp/hard/crtbegin.o

._user_heap_stack
                0x20009b7c      0x604
                0x20009b80                        . = ALIGN (0x8)
 *fill*         0x20009b7c        0x4 
                [!provide]                        PROVIDE (end = .)
                0x20009b80                        PROVIDE (_end = .)
                0x20009d80                        . = (. + _Min_Heap_Size)
 *fill*         0x20009b80      0x200 
                0x2000a180                        . = (. + _Min_Stack_Size)
 *fill*         0x20009d80      0x400 
                0x2000a180                        . = ALIGN (0x8)

.ARM.attributes
                0x00000000       0x2e
 *(.ARM.attributes)
 .ARM.attributes
                0x00000000       0x20 /home/maria/st/stm32cubeide_2.0.0_2/plugins/com.st.stm32cube.ide.mcu.externaltools.gnu-tools-for-stm32.13.3.rel1.linux64_1.0.100.202509120712/tools/bin/../lib/gcc/arm-none-eabi/13.3.1/thumb/v7e-m+dp/hard/crti.o
 .ARM.attributes
                0x00000020       0x32 /home/maria/st/stm32cubeide_2.0.0_2/plugins/com.st.stm32cube.ide.mcu.externaltools.gnu-tools-for-stm32.13.3.rel1.linux64_1.0.100.202509120712/tools/bin/../lib/gcc/arm-none-eabi/13.3.1/thumb/v7e-m+dp/hard/crtbegin.o
 .ARM.attributes
                0x00000052       0x32 ./Core/Src/extmem_manager.o
 .ARM.attributes
                0x00000084       0x32 ./Core/Src/extmemloader_init.o
 .ARM.attributes
                0x000000b6       0x32 ./Core/Src/stm32h7rsxx_hal_msp.o
 .ARM.attributes
                0x000000e8       0x32 ./Core/Src/system_stm32h7rsxx.o
 .ARM.attributes
                0x0000011a       0x32 ./Drivers/STM32H7RSxx_HAL_Driver/stm32h7rsxx_hal.o
 .ARM.attributes
                0x0000014c       0x32 ./Drivers/STM32H7RSxx_HAL_Driver/stm32h7rsxx_hal_cortex.o
 .ARM.attributes
                0x0000017e       0x32 ./Drivers/STM32H7RSxx_HAL_Driver/stm32h7rsxx_hal_dma.o
 .ARM.attributes
                0x000001b0       0x32 ./Drivers/STM32H7RSxx_HAL_Driver/stm32h7rsxx_hal_gpio.o
 .ARM.attributes
                0x000001e2       0x32 ./Drivers/STM32H7RSxx_HAL_Driver/stm32h7rsxx_hal_pwr_ex.o
 .ARM.attributes
                0x00000214       0x32 ./Drivers/STM32H7RSxx_HAL_Driver/stm32h7rsxx_hal_rcc.o
 .ARM.attributes
                0x00000246       0x32 ./Drivers/STM32H7RSxx_HAL_Driver/stm32h7rsxx_hal_rcc_ex.o
 .ARM.attributes
                0x00000278       0x32 ./Drivers/STM32H7RSxx_HAL_Driver/stm32h7rsxx_hal_uart.o
 .ARM.attributes
                0x000002aa       0x32 ./Drivers/STM32H7RSxx_HAL_Driver/stm32h7rsxx_hal_uart_ex.o
 .ARM.attributes
                0x000002dc       0x32 ./Drivers/STM32H7RSxx_HAL_Driver/stm32h7rsxx_hal_xspi.o
 .ARM.attributes
                0x0000030e       0x32 ./Middlewares/ST/STM32_ExtMem_Loader/memory_wrapper.o
 .ARM.attributes
                0x00000340       0x32 ./Middlewares/ST/STM32_ExtMem_Loader/stm32_device_info.o
 .ARM.attributes
                0x00000372       0x32 ./Middlewares/ST/STM32_ExtMem_Loader/stm32_loader_api.o
 .ARM.attributes
                0x000003a4       0x32 ./Middlewares/ST/STM32_ExtMem_Loader/systick_management.o
 .ARM.attributes
                0x000003d6       0x32 ./Middlewares/ST/STM32_ExtMem_Manager/stm32_extmem.o
 .ARM.attributes
                0x00000408       0x32 ./Middlewares/ST/STM32_ExtMem_Manager/stm32_sal_xspi.o
 .ARM.attributes
                0x0000043a       0x32 ./Middlewares/ST/STM32_ExtMem_Manager/stm32_sfdp_data.o
 .ARM.attributes
                0x0000046c       0x32 ./Middlewares/ST/STM32_ExtMem_Manager/stm32_sfdp_driver.o
 .ARM.attributes
                0x0000049e       0x32 /home/maria/st/stm32cubeide_2.0.0_2/plugins/com.st.stm32cube.ide.mcu.externaltools.gnu-tools-for-stm32.13.3.rel1.linux64_1.0.100.202509120712/tools/bin/../lib/gcc/arm-none-eabi/13.3.1/../../../../arm-none-eabi/lib/thumb/v7e-m+dp/hard/libc_nano.a(libc_a-memset.o)
 .ARM.attributes
                0x000004d0       0x32 /home/maria/st/stm32cubeide_2.0.0_2/plugins/com.st.stm32cube.ide.mcu.externaltools.gnu-tools-for-stm32.13.3.rel1.linux64_1.0.100.202509120712/tools/bin/../lib/gcc/arm-none-eabi/13.3.1/../../../../arm-none-eabi/lib/thumb/v7e-m+dp/hard/libc_nano.a(libc_a-memcpy-stub.o)
 .ARM.attributes
                0x00000502       0x20 /home/maria/st/stm32cubeide_2.0.0_2/plugins/com.st.stm32cube.ide.mcu.externaltools.gnu-tools-for-stm32.13.3.rel1.linux64_1.0.100.202509120712/tools/bin/../lib/gcc/arm-none-eabi/13.3.1/thumb/v7e-m+dp/hard/libgcc.a(_aeabi_uldivmod.o)
 .ARM.attributes
                0x00000522       0x32 /home/maria/st/stm32cubeide_2.0.0_2/plugins/com.st.stm32cube.ide.mcu.externaltools.gnu-tools-for-stm32.13.3.rel1.linux64_1.0.100.202509120712/tools/bin/../lib/gcc/arm-none-eabi/13.3.1/thumb/v7e-m+dp/hard/libgcc.a(_udivmoddi4.o)
 .ARM.attributes
                0x00000554       0x20 /home/maria/st/stm32cubeide_2.0.0_2/plugins/com.st.stm32cube.ide.mcu.externaltools.gnu-tools-for-stm32.13.3.rel1.linux64_1.0.100.202509120712/tools/bin/../lib/gcc/arm-none-eabi/13.3.1/thumb/v7e-m+dp/hard/libgcc.a(_dvmd_tls.o)
 .ARM.attributes
                0x00000574       0x20 /home/maria/st/stm32cubeide_2.0.0_2/plugins/com.st.stm32cube.ide.mcu.externaltools.gnu-tools-for-stm32.13.3.rel1.linux64_1.0.100.202509120712/tools/bin/../lib/gcc/arm-none-eabi/13.3.1/thumb/v7e-m+dp/hard/crtn.o
OUTPUT(bootloader_ExtMemLoader.elf elf32-littlearm)
LOAD linker stubs

.debug_info     0x00000000    0x1bdde
 .debug_info    0x00000000      0xf9d ./Core/Src/extmem_manager.o
 .debug_info    0x00000f9d     0x1b95 ./Core/Src/extmemloader_init.o
 .debug_info    0x00002b32     0x180a ./Core/Src/stm32h7rsxx_hal_msp.o
 .debug_info    0x0000433c      0x9bd ./Core/Src/system_stm32h7rsxx.o
 .debug_info    0x00004cf9     0x1915 ./Drivers/STM32H7RSxx_HAL_Driver/stm32h7rsxx_hal.o
 .debug_info    0x0000660e     0x1103 ./Drivers/STM32H7RSxx_HAL_Driver/stm32h7rsxx_hal_cortex.o
 .debug_info    0x00007711      0xafb ./Drivers/STM32H7RSxx_HAL_Driver/stm32h7rsxx_hal_dma.o
 .debug_info    0x0000820c      0x702 ./Drivers/STM32H7RSxx_HAL_Driver/stm32h7rsxx_hal_gpio.o
 .debug_info    0x0000890e      0xb87 ./Drivers/STM32H7RSxx_HAL_Driver/stm32h7rsxx_hal_pwr_ex.o
 .debug_info    0x00009495     0x1464 ./Drivers/STM32H7RSxx_HAL_Driver/stm32h7rsxx_hal_rcc.o
 .debug_info    0x0000a8f9      0xd71 ./Drivers/STM32H7RSxx_HAL_Driver/stm32h7rsxx_hal_rcc_ex.o
 .debug_info    0x0000b66a     0x4a5b ./Drivers/STM32H7RSxx_HAL_Driver/stm32h7rsxx_hal_uart.o
 .debug_info    0x000100c5     0x10ed ./Drivers/STM32H7RSxx_HAL_Driver/stm32h7rsxx_hal_uart_ex.o
 .debug_info    0x000111b2     0x1c16 ./Drivers/STM32H7RSxx_HAL_Driver/stm32h7rsxx_hal_xspi.o
 .debug_info    0x00012dc8      0x342 ./Middlewares/ST/STM32_ExtMem_Loader/memory_wrapper.o
 .debug_info    0x0001310a      0x198 ./Middlewares/ST/STM32_ExtMem_Loader/stm32_device_info.o
 .debug_info    0x000132a2      0x519 ./Middlewares/ST/STM32_ExtMem_Loader/stm32_loader_api.o
 .debug_info    0x000137bb      0x1dd ./Middlewares/ST/STM32_ExtMem_Loader/systick_management.o
 .debug_info    0x00013998     0x14d3 ./Middlewares/ST/STM32_ExtMem_Manager/stm32_extmem.o
 .debug_info    0x00014e6b     0x1650 ./Middlewares/ST/STM32_ExtMem_Manager/stm32_sal_xspi.o
 .debug_info    0x000164bb     0x3b2d ./Middlewares/ST/STM32_ExtMem_Manager/stm32_sfdp_data.o
 .debug_info    0x00019fe8     0x1df6 ./Middlewares/ST/STM32_ExtMem_Manager/stm32_sfdp_driver.o

.debug_abbrev   0x00000000     0x3258
 .debug_abbrev  0x00000000      0x1df ./Core/Src/extmem_manager.o
 .debug_abbrev  0x000001df      0x353 ./Core/Src/extmemloader_init.o
 .debug_abbrev  0x00000532      0x24a ./Core/Src/stm32h7rsxx_hal_msp.o
 .debug_abbrev  0x0000077c      0x12e ./Core/Src/system_stm32h7rsxx.o
 .debug_abbrev  0x000008aa      0x34a ./Drivers/STM32H7RSxx_HAL_Driver/stm32h7rsxx_hal.o
 .debug_abbrev  0x00000bf4      0x31f ./Drivers/STM32H7RSxx_HAL_Driver/stm32h7rsxx_hal_cortex.o
 .debug_abbrev  0x00000f13      0x1dd ./Drivers/STM32H7RSxx_HAL_Driver/stm32h7rsxx_hal_dma.o
 .debug_abbrev  0x000010f0      0x1ec ./Drivers/STM32H7RSxx_HAL_Driver/stm32h7rsxx_hal_gpio.o
 .debug_abbrev  0x000012dc      0x250 ./Drivers/STM32H7RSxx_HAL_Driver/stm32h7rsxx_hal_pwr_ex.o
 .debug_abbrev  0x0000152c      0x2df ./Drivers/STM32H7RSxx_HAL_Driver/stm32h7rsxx_hal_rcc.o
 .debug_abbrev  0x0000180b      0x24f ./Drivers/STM32H7RSxx_HAL_Driver/stm32h7rsxx_hal_rcc_ex.o
 .debug_abbrev  0x00001a5a      0x338 ./Drivers/STM32H7RSxx_HAL_Driver/stm32h7rsxx_hal_uart.o
 .debug_abbrev  0x00001d92      0x2d4 ./Drivers/STM32H7RSxx_HAL_Driver/stm32h7rsxx_hal_uart_ex.o
 .debug_abbrev  0x00002066      0x2af ./Drivers/STM32H7RSxx_HAL_Driver/stm32h7rsxx_hal_xspi.o
 .debug_abbrev  0x00002315       0xf0 ./Middlewares/ST/STM32_ExtMem_Loader/memory_wrapper.o
 .debug_abbrev  0x00002405       0x86 ./Middlewares/ST/STM32_ExtMem_Loader/stm32_device_info.o
 .debug_abbrev  0x0000248b      0x189 ./Middlewares/ST/STM32_ExtMem_Loader/stm32_loader_api.o
 .debug_abbrev  0x00002614      0x134 ./Middlewares/ST/STM32_ExtMem_Loader/systick_management.o
 .debug_abbrev  0x00002748      0x28b ./Middlewares/ST/STM32_ExtMem_Manager/stm32_extmem.o
 .debug_abbrev  0x000029d3      0x268 ./Middlewares/ST/STM32_ExtMem_Manager/stm32_sal_xspi.o
 .debug_abbrev  0x00002c3b      0x2c0 ./Middlewares/ST/STM32_ExtMem_Manager/stm32_sfdp_data.o
 .debug_abbrev  0x00002efb      0x35d ./Middlewares/ST/STM32_ExtMem_Manager/stm32_sfdp_driver.o

.debug_aranges  0x00000000     0x10a0
 .debug_aranges
                0x00000000       0x20 ./Core/Src/extmem_manager.o
 .debug_aranges
                0x00000020       0x50 ./Core/Src/extmemloader_init.o
 .debug_aranges
                0x00000070       0x40 ./Core/Src/stm32h7rsxx_hal_msp.o
 .debug_aranges
                0x000000b0       0x28 ./Core/Src/system_stm32h7rsxx.o
 .debug_aranges
                0x000000d8      0x250 ./Drivers/STM32H7RSxx_HAL_Driver/stm32h7rsxx_hal.o
 .debug_aranges
                0x00000328      0x130 ./Drivers/STM32H7RSxx_HAL_Driver/stm32h7rsxx_hal_cortex.o
 .debug_aranges
                0x00000458       0xa8 ./Drivers/STM32H7RSxx_HAL_Driver/stm32h7rsxx_hal_dma.o
 .debug_aranges
                0x00000500       0x60 ./Drivers/STM32H7RSxx_HAL_Driver/stm32h7rsxx_hal_gpio.o
 .debug_aranges
                0x00000560      0x1c8 ./Drivers/STM32H7RSxx_HAL_Driver/stm32h7rsxx_hal_pwr_ex.o
 .debug_aranges
                0x00000728      0x130 ./Drivers/STM32H7RSxx_HAL_Driver/stm32h7rsxx_hal_rcc.o
 .debug_aranges
                0x00000858       0xc8 ./Drivers/STM32H7RSxx_HAL_Driver/stm32h7rsxx_hal_rcc_ex.o
 .debug_aranges
                0x00000920      0x248 ./Drivers/STM32H7RSxx_HAL_Driver/stm32h7rsxx_hal_uart.o
 .debug_aranges
                0x00000b68       0xa8 ./Drivers/STM32H7RSxx_HAL_Driver/stm32h7rsxx_hal_uart_ex.o
 .debug_aranges
                0x00000c10      0x1a0 ./Drivers/STM32H7RSxx_HAL_Driver/stm32h7rsxx_hal_xspi.o
 .debug_aranges
                0x00000db0       0x40 ./Middlewares/ST/STM32_ExtMem_Loader/memory_wrapper.o
 .debug_aranges
                0x00000df0       0x18 ./Middlewares/ST/STM32_ExtMem_Loader/stm32_device_info.o
 .debug_aranges
                0x00000e08       0x58 ./Middlewares/ST/STM32_ExtMem_Loader/stm32_loader_api.o
 .debug_aranges
                0x00000e60       0x28 ./Middlewares/ST/STM32_ExtMem_Loader/systick_management.o
 .debug_aranges
                0x00000e88       0x68 ./Middlewares/ST/STM32_ExtMem_Manager/stm32_extmem.o
 .debug_aranges
                0x00000ef0       0xb8 ./Middlewares/ST/STM32_ExtMem_Manager/stm32_sal_xspi.o
 .debug_aranges
                0x00000fa8       0x80 ./Middlewares/ST/STM32_ExtMem_Manager/stm32_sfdp_data.o
 .debug_aranges
                0x00001028       0x78 ./Middlewares/ST/STM32_ExtMem_Manager/stm32_sfdp_driver.o

.debug_rnglists
                0x00000000      0xcad
 .debug_rnglists
                0x00000000       0x13 ./Core/Src/extmem_manager.o
 .debug_rnglists
                0x00000013       0x3b ./Core/Src/extmemloader_init.o
 .debug_rnglists
                0x0000004e       0x2d ./Core/Src/stm32h7rsxx_hal_msp.o
 .debug_rnglists
                0x0000007b       0x1a ./Core/Src/system_stm32h7rsxx.o
 .debug_rnglists
                0x00000095      0x1ba ./Drivers/STM32H7RSxx_HAL_Driver/stm32h7rsxx_hal.o
 .debug_rnglists
                0x0000024f       0xe0 ./Drivers/STM32H7RSxx_HAL_Driver/stm32h7rsxx_hal_cortex.o
 .debug_rnglists
                0x0000032f       0x84 ./Drivers/STM32H7RSxx_HAL_Driver/stm32h7rsxx_hal_dma.o
 .debug_rnglists
                0x000003b3       0x45 ./Drivers/STM32H7RSxx_HAL_Driver/stm32h7rsxx_hal_gpio.o
 .debug_rnglists
                0x000003f8      0x154 ./Drivers/STM32H7RSxx_HAL_Driver/stm32h7rsxx_hal_pwr_ex.o
 .debug_rnglists
                0x0000054c       0xea ./Drivers/STM32H7RSxx_HAL_Driver/stm32h7rsxx_hal_rcc.o
 .debug_rnglists
                0x00000636       0x98 ./Drivers/STM32H7RSxx_HAL_Driver/stm32h7rsxx_hal_rcc_ex.o
 .debug_rnglists
                0x000006ce      0x1f7 ./Drivers/STM32H7RSxx_HAL_Driver/stm32h7rsxx_hal_uart.o
 .debug_rnglists
                0x000008c5       0x7f ./Drivers/STM32H7RSxx_HAL_Driver/stm32h7rsxx_hal_uart_ex.o
 .debug_rnglists
                0x00000944      0x149 ./Drivers/STM32H7RSxx_HAL_Driver/stm32h7rsxx_hal_xspi.o
 .debug_rnglists
                0x00000a8d       0x2b ./Middlewares/ST/STM32_ExtMem_Loader/memory_wrapper.o
 .debug_rnglists
                0x00000ab8       0x40 ./Middlewares/ST/STM32_ExtMem_Loader/stm32_loader_api.o
 .debug_rnglists
                0x00000af8       0x19 ./Middlewares/ST/STM32_ExtMem_Loader/systick_management.o
 .debug_rnglists
                0x00000b11       0x4d ./Middlewares/ST/STM32_ExtMem_Manager/stm32_extmem.o
 .debug_rnglists
                0x00000b5e       0x90 ./Middlewares/ST/STM32_ExtMem_Manager/stm32_sal_xspi.o
 .debug_rnglists
                0x00000bee       0x64 ./Middlewares/ST/STM32_ExtMem_Manager/stm32_sfdp_data.o
 .debug_rnglists
                0x00000c52       0x5b ./Middlewares/ST/STM32_ExtMem_Manager/stm32_sfdp_driver.o

.debug_macro    0x00000000    0x325a2
 .debug_macro   0x00000000      0x2ed ./Core/Src/extmem_manager.o
 .debug_macro   0x000002ed      0xaf6 ./Core/Src/extmem_manager.o
 .debug_macro   0x00000de3       0x2e ./Core/Src/extmem_manager.o
 .debug_macro   0x00000e11      0x1bc ./Core/Src/extmem_manager.o
 .debug_macro   0x00000fcd       0x2e ./Core/Src/extmem_manager.o
 .debug_macro   0x00000ffb       0x42 ./Core/Src/extmem_manager.o
 .debug_macro   0x0000103d       0x22 ./Core/Src/extmem_manager.o
 .debug_macro   0x0000105f       0x8e ./Core/Src/extmem_manager.o
 .debug_macro   0x000010ed       0x51 ./Core/Src/extmem_manager.o
 .debug_macro   0x0000113e      0x103 ./Core/Src/extmem_manager.o
 .debug_macro   0x00001241       0x6a ./Core/Src/extmem_manager.o
 .debug_macro   0x000012ab      0x1df ./Core/Src/extmem_manager.o
 .debug_macro   0x0000148a       0x1c ./Core/Src/extmem_manager.o
 .debug_macro   0x000014a6       0x22 ./Core/Src/extmem_manager.o
 .debug_macro   0x000014c8       0xfb ./Core/Src/extmem_manager.o
 .debug_macro   0x000015c3     0x1313 ./Core/Src/extmem_manager.o
 .debug_macro   0x000028d6      0x11f ./Core/Src/extmem_manager.o
 .debug_macro   0x000029f5       0x22 ./Core/Src/extmem_manager.o
 .debug_macro   0x00002a17    0x2146a ./Core/Src/extmem_manager.o
 .debug_macro   0x00023e81       0x6d ./Core/Src/extmem_manager.o
 .debug_macro   0x00023eee     0x3494 ./Core/Src/extmem_manager.o
 .debug_macro   0x00027382       0x61 ./Core/Src/extmem_manager.o
 .debug_macro   0x000273e3       0x29 ./Core/Src/extmem_manager.o
 .debug_macro   0x0002740c       0x43 ./Core/Src/extmem_manager.o
 .debug_macro   0x0002744f       0x34 ./Core/Src/extmem_manager.o
 .debug_macro   0x00027483      0x190 ./Core/Src/extmem_manager.o
 .debug_macro   0x00027613      0x370 ./Core/Src/extmem_manager.o
 .debug_macro   0x00027983       0x16 ./Core/Src/extmem_manager.o
 .debug_macro   0x00027999       0x4a ./Core/Src/extmem_manager.o
 .debug_macro   0x000279e3       0x34 ./Core/Src/extmem_manager.o
 .debug_macro   0x00027a17       0x10 ./Core/Src/extmem_manager.o
 .debug_macro   0x00027a27       0x58 ./Core/Src/extmem_manager.o
 .debug_macro   0x00027a7f       0x8e ./Core/Src/extmem_manager.o
 .debug_macro   0x00027b0d       0x1c ./Core/Src/extmem_manager.o
 .debug_macro   0x00027b29      0x185 ./Core/Src/extmem_manager.o
 .debug_macro   0x00027cae      0x19b ./Core/Src/extmem_manager.o
 .debug_macro   0x00027e49       0x64 ./Core/Src/extmem_manager.o
 .debug_macro   0x00027ead      0xac3 ./Core/Src/extmem_manager.o
 .debug_macro   0x00028970     0x1f68 ./Core/Src/extmem_manager.o
 .debug_macro   0x0002a8d8      0x93a ./Core/Src/extmem_manager.o
 .debug_macro   0x0002b212      0x170 ./Core/Src/extmem_manager.o
 .debug_macro   0x0002b382      0x1ba ./Core/Src/extmem_manager.o
 .debug_macro   0x0002b53c      0x2e8 ./Core/Src/extmem_manager.o
 .debug_macro   0x0002b824      0x590 ./Core/Src/extmem_manager.o
 .debug_macro   0x0002bdb4      0x52e ./Core/Src/extmem_manager.o
 .debug_macro   0x0002c2e2       0xba ./Core/Src/extmem_manager.o
 .debug_macro   0x0002c39c      0x27c ./Core/Src/extmem_manager.o
 .debug_macro   0x0002c618      0x2c0 ./Core/Src/extmem_manager.o
 .debug_macro   0x0002c8d8      0x3fb ./Core/Src/extmem_manager.o
 .debug_macro   0x0002ccd3       0xb0 ./Core/Src/extmem_manager.o
 .debug_macro   0x0002cd83      0x11c ./Core/Src/extmem_manager.o
 .debug_macro   0x0002ce9f      0x210 ./Core/Src/extmem_manager.o
 .debug_macro   0x0002d0af      0x2a0 ./Core/Src/extmem_manager.o
 .debug_macro   0x0002d34f       0x3c ./Core/Src/extmem_manager.o
 .debug_macro   0x0002d38b      0x693 ./Core/Src/extmem_manager.o
 .debug_macro   0x0002da1e       0xa6 ./Core/Src/extmem_manager.o
 .debug_macro   0x0002dac4      0x6ee ./Core/Src/extmem_manager.o
 .debug_macro   0x0002e1b2      0x5a2 ./Core/Src/extmem_manager.o
 .debug_macro   0x0002e754       0x10 ./Core/Src/extmem_manager.o
 .debug_macro   0x0002e764       0x22 ./Core/Src/extmem_manager.o
 .debug_macro   0x0002e786       0x2e ./Core/Src/extmem_manager.o
 .debug_macro   0x0002e7b4       0x40 ./Core/Src/extmem_manager.o
 .debug_macro   0x0002e7f4       0x16 ./Core/Src/extmem_manager.o
 .debug_macro   0x0002e80a       0x3c ./Core/Src/extmem_manager.o
 .debug_macro   0x0002e846       0x20 ./Core/Src/extmem_manager.o
 .debug_macro   0x0002e866      0x32b ./Core/Src/extmemloader_init.o
 .debug_macro   0x0002eb91       0x1c ./Core/Src/extmemloader_init.o
 .debug_macro   0x0002ebad       0x10 ./Core/Src/extmemloader_init.o
 .debug_macro   0x0002ebbd       0x1c ./Core/Src/extmemloader_init.o
 .debug_macro   0x0002ebd9       0x16 ./Core/Src/extmemloader_init.o
 .debug_macro   0x0002ebef      0x146 ./Core/Src/extmemloader_init.o
 .debug_macro   0x0002ed35      0x28a ./Core/Src/stm32h7rsxx_hal_msp.o
 .debug_macro   0x0002efbf      0x286 ./Core/Src/system_stm32h7rsxx.o
 .debug_macro   0x0002f245      0x2c2 ./Drivers/STM32H7RSxx_HAL_Driver/stm32h7rsxx_hal.o
 .debug_macro   0x0002f507      0x280 ./Drivers/STM32H7RSxx_HAL_Driver/stm32h7rsxx_hal_cortex.o
 .debug_macro   0x0002f787      0x281 ./Drivers/STM32H7RSxx_HAL_Driver/stm32h7rsxx_hal_dma.o
 .debug_macro   0x0002fa08      0x287 ./Drivers/STM32H7RSxx_HAL_Driver/stm32h7rsxx_hal_gpio.o
 .debug_macro   0x0002fc8f      0x2b9 ./Drivers/STM32H7RSxx_HAL_Driver/stm32h7rsxx_hal_pwr_ex.o
 .debug_macro   0x0002ff48      0x2e6 ./Drivers/STM32H7RSxx_HAL_Driver/stm32h7rsxx_hal_rcc.o
 .debug_macro   0x0003022e      0x280 ./Drivers/STM32H7RSxx_HAL_Driver/stm32h7rsxx_hal_rcc_ex.o
 .debug_macro   0x000304ae      0x2ab ./Drivers/STM32H7RSxx_HAL_Driver/stm32h7rsxx_hal_uart.o
 .debug_macro   0x00030759      0x28c ./Drivers/STM32H7RSxx_HAL_Driver/stm32h7rsxx_hal_uart_ex.o
 .debug_macro   0x000309e5      0x2c7 ./Drivers/STM32H7RSxx_HAL_Driver/stm32h7rsxx_hal_xspi.o
 .debug_macro   0x00030cac      0x2d9 ./Middlewares/ST/STM32_ExtMem_Loader/memory_wrapper.o
 .debug_macro   0x00030f85       0x46 ./Middlewares/ST/STM32_ExtMem_Loader/memory_wrapper.o
 .debug_macro   0x00030fcb       0x10 ./Middlewares/ST/STM32_ExtMem_Loader/memory_wrapper.o
 .debug_macro   0x00030fdb      0x2db ./Middlewares/ST/STM32_ExtMem_Loader/stm32_device_info.o
 .debug_macro   0x000312b6       0x4c ./Middlewares/ST/STM32_ExtMem_Loader/stm32_device_info.o
 .debug_macro   0x00031302      0x358 ./Middlewares/ST/STM32_ExtMem_Loader/stm32_loader_api.o
 .debug_macro   0x0003165a      0x2cc ./Middlewares/ST/STM32_ExtMem_Loader/systick_management.o
 .debug_macro   0x00031926      0x2e0 ./Middlewares/ST/STM32_ExtMem_Manager/stm32_extmem.o
 .debug_macro   0x00031c06      0x2f8 ./Middlewares/ST/STM32_ExtMem_Manager/stm32_sal_xspi.o
 .debug_macro   0x00031efe      0x36f ./Middlewares/ST/STM32_ExtMem_Manager/stm32_sfdp_data.o
 .debug_macro   0x0003226d      0x335 ./Middlewares/ST/STM32_ExtMem_Manager/stm32_sfdp_driver.o

.debug_line     0x00000000    0x17d11
 .debug_line    0x00000000      0x978 ./Core/Src/extmem_manager.o
 .debug_line    0x00000978      0xc37 ./Core/Src/extmemloader_init.o
 .debug_line    0x000015af      0x942 ./Core/Src/stm32h7rsxx_hal_msp.o
 .debug_line    0x00001ef1      0x937 ./Core/Src/system_stm32h7rsxx.o
 .debug_line    0x00002828     0x10c4 ./Drivers/STM32H7RSxx_HAL_Driver/stm32h7rsxx_hal.o
 .debug_line    0x000038ec      0xe3c ./Drivers/STM32H7RSxx_HAL_Driver/stm32h7rsxx_hal_cortex.o
 .debug_line    0x00004728     0x1308 ./Drivers/STM32H7RSxx_HAL_Driver/stm32h7rsxx_hal_dma.o
 .debug_line    0x00005a30      0xc13 ./Drivers/STM32H7RSxx_HAL_Driver/stm32h7rsxx_hal_gpio.o
 .debug_line    0x00006643     0x1082 ./Drivers/STM32H7RSxx_HAL_Driver/stm32h7rsxx_hal_pwr_ex.o
 .debug_line    0x000076c5     0x18b6 ./Drivers/STM32H7RSxx_HAL_Driver/stm32h7rsxx_hal_rcc.o
 .debug_line    0x00008f7b     0x1c02 ./Drivers/STM32H7RSxx_HAL_Driver/stm32h7rsxx_hal_rcc_ex.o
 .debug_line    0x0000ab7d     0x37c7 ./Drivers/STM32H7RSxx_HAL_Driver/stm32h7rsxx_hal_uart.o
 .debug_line    0x0000e344      0xdc5 ./Drivers/STM32H7RSxx_HAL_Driver/stm32h7rsxx_hal_uart_ex.o
 .debug_line    0x0000f109     0x1acc ./Drivers/STM32H7RSxx_HAL_Driver/stm32h7rsxx_hal_xspi.o
 .debug_line    0x00010bd5      0xa68 ./Middlewares/ST/STM32_ExtMem_Loader/memory_wrapper.o
 .debug_line    0x0001163d      0x9aa ./Middlewares/ST/STM32_ExtMem_Loader/stm32_device_info.o
 .debug_line    0x00011fe7      0xd40 ./Middlewares/ST/STM32_ExtMem_Loader/stm32_loader_api.o
 .debug_line    0x00012d27      0x9f5 ./Middlewares/ST/STM32_ExtMem_Loader/systick_management.o
 .debug_line    0x0001371c      0xd05 ./Middlewares/ST/STM32_ExtMem_Manager/stm32_extmem.o
 .debug_line    0x00014421      0xfcd ./Middlewares/ST/STM32_ExtMem_Manager/stm32_sal_xspi.o
 .debug_line    0x000153ee     0x1880 ./Middlewares/ST/STM32_ExtMem_Manager/stm32_sfdp_data.o
 .debug_line    0x00016c6e     0x10a3 ./Middlewares/ST/STM32_ExtMem_Manager/stm32_sfdp_driver.o

.debug_str      0x00000000   0x13bd37
 .debug_str     0x00000000   0x13bd37 ./Core/Src/extmem_manager.o
                             0x1326c7 (size before relaxing)
 .debug_str     0x0013bd37        0x0 ./Core/Src/extmemloader_init.o
                             0x132f0e (size before relaxing)
 .debug_str     0x0013bd37        0x0 ./Core/Src/stm32h7rsxx_hal_msp.o
                             0x1323e8 (size before relaxing)
 .debug_str     0x0013bd37        0x0 ./Core/Src/system_stm32h7rsxx.o
                             0x131816 (size before relaxing)
 .debug_str     0x0013bd37        0x0 ./Drivers/STM32H7RSxx_HAL_Driver/stm32h7rsxx_hal.o
                             0x132d33 (size before relaxing)
 .debug_str     0x0013bd37        0x0 ./Drivers/STM32H7RSxx_HAL_Driver/stm32h7rsxx_hal_cortex.o
                             0x1322dc (size before relaxing)
 .debug_str     0x0013bd37        0x0 ./Drivers/STM32H7RSxx_HAL_Driver/stm32h7rsxx_hal_dma.o
                             0x131b63 (size before relaxing)
 .debug_str     0x0013bd37        0x0 ./Drivers/STM32H7RSxx_HAL_Driver/stm32h7rsxx_hal_gpio.o
                             0x1316fb (size before relaxing)
 .debug_str     0x0013bd37        0x0 ./Drivers/STM32H7RSxx_HAL_Driver/stm32h7rsxx_hal_pwr_ex.o
                             0x131db9 (size before relaxing)
 .debug_str     0x0013bd37        0x0 ./Drivers/STM32H7RSxx_HAL_Driver/stm32h7rsxx_hal_rcc.o
                             0x1321b1 (size before relaxing)
 .debug_str     0x0013bd37        0x0 ./Drivers/STM32H7RSxx_HAL_Driver/stm32h7rsxx_hal_rcc_ex.o
                             0x131f61 (size before relaxing)
 .debug_str     0x0013bd37        0x0 ./Drivers/STM32H7RSxx_HAL_Driver/stm32h7rsxx_hal_uart.o
                             0x13285e (size before relaxing)
 .debug_str     0x0013bd37        0x0 ./Drivers/STM32H7RSxx_HAL_Driver/stm32h7rsxx_hal_uart_ex.o
                             0x131e92 (size before relaxing)
 .debug_str     0x0013bd37        0x0 ./Drivers/STM32H7RSxx_HAL_Driver/stm32h7rsxx_hal_xspi.o
                             0x132522 (size before relaxing)
 .debug_str     0x0013bd37        0x0 ./Middlewares/ST/STM32_ExtMem_Loader/memory_wrapper.o
                             0x131d3c (size before relaxing)
 .debug_str     0x0013bd37        0x0 ./Middlewares/ST/STM32_ExtMem_Loader/stm32_device_info.o
                             0x131c2e (size before relaxing)
 .debug_str     0x0013bd37        0x0 ./Middlewares/ST/STM32_ExtMem_Loader/stm32_loader_api.o
                             0x13256b (size before relaxing)
 .debug_str     0x0013bd37        0x0 ./Middlewares/ST/STM32_ExtMem_Loader/systick_management.o
                             0x131bd9 (size before relaxing)
 .debug_str     0x0013bd37        0x0 ./Middlewares/ST/STM32_ExtMem_Manager/stm32_extmem.o
                             0x132cb5 (size before relaxing)
 .debug_str     0x0013bd37        0x0 ./Middlewares/ST/STM32_ExtMem_Manager/stm32_sal_xspi.o
                             0x13270c (size before relaxing)
 .debug_str     0x0013bd37        0x0 ./Middlewares/ST/STM32_ExtMem_Manager/stm32_sfdp_data.o
                             0x135568 (size before relaxing)
 .debug_str     0x0013bd37        0x0 ./Middlewares/ST/STM32_ExtMem_Manager/stm32_sfdp_driver.o
                             0x1331d3 (size before relaxing)

.comment        0x00000000       0x43
 .comment       0x00000000       0x43 ./Core/Src/extmem_manager.o
                                 0x44 (size before relaxing)
 .comment       0x00000043        0x0 ./Core/Src/extmemloader_init.o
                                 0x44 (size before relaxing)
 .comment       0x00000043        0x0 ./Core/Src/stm32h7rsxx_hal_msp.o
                                 0x44 (size before relaxing)
 .comment       0x00000043        0x0 ./Core/Src/system_stm32h7rsxx.o
                                 0x44 (size before relaxing)
 .comment       0x00000043        0x0 ./Drivers/STM32H7RSxx_HAL_Driver/stm32h7rsxx_hal.o
                                 0x44 (size before relaxing)
 .comment       0x00000043        0x0 ./Drivers/STM32H7RSxx_HAL_Driver/stm32h7rsxx_hal_cortex.o
                                 0x44 (size before relaxing)
 .comment       0x00000043        0x0 ./Drivers/STM32H7RSxx_HAL_Driver/stm32h7rsxx_hal_dma.o
                                 0x44 (size before relaxing)
 .comment       0x00000043        0x0 ./Drivers/STM32H7RSxx_HAL_Driver/stm32h7rsxx_hal_gpio.o
                                 0x44 (size before relaxing)
 .comment       0x00000043        0x0 ./Drivers/STM32H7RSxx_HAL_Driver/stm32h7rsxx_hal_pwr_ex.o
                                 0x44 (size before relaxing)
 .comment       0x00000043        0x0 ./Drivers/STM32H7RSxx_HAL_Driver/stm32h7rsxx_hal_rcc.o
                                 0x44 (size before relaxing)
 .comment       0x00000043        0x0 ./Drivers/STM32H7RSxx_HAL_Driver/stm32h7rsxx_hal_rcc_ex.o
                                 0x44 (size before relaxing)
 .comment       0x00000043        0x0 ./Drivers/STM32H7RSxx_HAL_Driver/stm32h7rsxx_hal_uart.o
                                 0x44 (size before relaxing)
 .comment       0x00000043        0x0 ./Drivers/STM32H7RSxx_HAL_Driver/stm32h7rsxx_hal_uart_ex.o
                                 0x44 (size before relaxing)
 .comment       0x00000043        0x0 ./Drivers/STM32H7RSxx_HAL_Driver/stm32h7rsxx_hal_xspi.o
                                 0x44 (size before relaxing)
 .comment       0x00000043        0x0 ./Middlewares/ST/STM32_ExtMem_Loader/memory_wrapper.o
                                 0x44 (size before relaxing)
 .comment       0x00000043        0x0 ./Middlewares/ST/STM32_ExtMem_Loader/stm32_device_info.o
                                 0x44 (size before relaxing)
 .comment       0x00000043        0x0 ./Middlewares/ST/STM32_ExtMem_Loader/stm32_loader_api.o
                                 0x44 (size before relaxing)
 .comment       0x00000043        0x0 ./Middlewares/ST/STM32_ExtMem_Loader/systick_management.o
                                 0x44 (size before relaxing)
 .comment       0x00000043        0x0 ./Middlewares/ST/STM32_ExtMem_Manager/stm32_extmem.o
                                 0x44 (size before relaxing)
 .comment       0x00000043        0x0 ./Middlewares/ST/STM32_ExtMem_Manager/stm32_sal_xspi.o
                                 0x44 (size before relaxing)
 .comment       0x00000043        0x0 ./Middlewares/ST/STM32_ExtMem_Manager/stm32_sfdp_data.o
                                 0x44 (size before relaxing)
 .comment       0x00000043        0x0 ./Middlewares/ST/STM32_ExtMem_Manager/stm32_sfdp_driver.o
                                 0x44 (size before relaxing)

.debug_frame    0x00000000     0x4530
 .debug_frame   0x00000000       0x2c ./Core/Src/extmem_manager.o
 .debug_frame   0x0000002c       0xfc ./Core/Src/extmemloader_init.o
 .debug_frame   0x00000128       0xcc ./Core/Src/stm32h7rsxx_hal_msp.o
 .debug_frame   0x000001f4       0x58 ./Core/Src/system_stm32h7rsxx.o
 .debug_frame   0x0000024c      0x9e8 ./Drivers/STM32H7RSxx_HAL_Driver/stm32h7rsxx_hal.o
 .debug_frame   0x00000c34      0x508 ./Drivers/STM32H7RSxx_HAL_Driver/stm32h7rsxx_hal_cortex.o
 .debug_frame   0x0000113c      0x2c8 ./Drivers/STM32H7RSxx_HAL_Driver/stm32h7rsxx_hal_dma.o
 .debug_frame   0x00001404      0x174 ./Drivers/STM32H7RSxx_HAL_Driver/stm32h7rsxx_hal_gpio.o
 .debug_frame   0x00001578      0x758 ./Drivers/STM32H7RSxx_HAL_Driver/stm32h7rsxx_hal_pwr_ex.o
 .debug_frame   0x00001cd0      0x510 ./Drivers/STM32H7RSxx_HAL_Driver/stm32h7rsxx_hal_rcc.o
 .debug_frame   0x000021e0      0x32c ./Drivers/STM32H7RSxx_HAL_Driver/stm32h7rsxx_hal_rcc_ex.o
 .debug_frame   0x0000250c      0xa8c ./Drivers/STM32H7RSxx_HAL_Driver/stm32h7rsxx_hal_uart.o
 .debug_frame   0x00002f98      0x2c0 ./Drivers/STM32H7RSxx_HAL_Driver/stm32h7rsxx_hal_uart_ex.o
 .debug_frame   0x00003258      0x798 ./Drivers/STM32H7RSxx_HAL_Driver/stm32h7rsxx_hal_xspi.o
 .debug_frame   0x000039f0       0xc0 ./Middlewares/ST/STM32_ExtMem_Loader/memory_wrapper.o
 .debug_frame   0x00003ab0      0x124 ./Middlewares/ST/STM32_ExtMem_Loader/stm32_loader_api.o
 .debug_frame   0x00003bd4       0x58 ./Middlewares/ST/STM32_ExtMem_Loader/systick_management.o
 .debug_frame   0x00003c2c      0x17c ./Middlewares/ST/STM32_ExtMem_Manager/stm32_extmem.o
 .debug_frame   0x00003da8      0x2f4 ./Middlewares/ST/STM32_ExtMem_Manager/stm32_sal_xspi.o
 .debug_frame   0x0000409c      0x20c ./Middlewares/ST/STM32_ExtMem_Manager/stm32_sfdp_data.o
 .debug_frame   0x000042a8      0x1e0 ./Middlewares/ST/STM32_ExtMem_Manager/stm32_sfdp_driver.o
 .debug_frame   0x00004488       0x20 /home/maria/st/stm32cubeide_2.0.0_2/plugins/com.st.stm32cube.ide.mcu.externaltools.gnu-tools-for-stm32.13.3.rel1.linux64_1.0.100.202509120712/tools/bin/../lib/gcc/arm-none-eabi/13.3.1/../../../../arm-none-eabi/lib/thumb/v7e-m+dp/hard/libc_nano.a(libc_a-memset.o)
 .debug_frame   0x000044a8       0x28 /home/maria/st/stm32cubeide_2.0.0_2/plugins/com.st.stm32cube.ide.mcu.externaltools.gnu-tools-for-stm32.13.3.rel1.linux64_1.0.100.202509120712/tools/bin/../lib/gcc/arm-none-eabi/13.3.1/../../../../arm-none-eabi/lib/thumb/v7e-m+dp/hard/libc_nano.a(libc_a-memcpy-stub.o)
 .debug_frame   0x000044d0       0x2c /home/maria/st/stm32cubeide_2.0.0_2/plugins/com.st.stm32cube.ide.mcu.externaltools.gnu-tools-for-stm32.13.3.rel1.linux64_1.0.100.202509120712/tools/bin/../lib/gcc/arm-none-eabi/13.3.1/thumb/v7e-m+dp/hard/libgcc.a(_aeabi_uldivmod.o)
 .debug_frame   0x000044fc       0x34 /home/maria/st/stm32cubeide_2.0.0_2/plugins/com.st.stm32cube.ide.mcu.externaltools.gnu-tools-for-stm32.13.3.rel1.linux64_1.0.100.202509120712/tools/bin/../lib/gcc/arm-none-eabi/13.3.1/thumb/v7e-m+dp/hard/libgcc.a(_udivmoddi4.o)
